29
14
15
10
o societAte comerciAlA produce bAre de otel de diferite lungimi" ulterior,
societAteA comerciAlA primeste mAi multe comenzi pentru bAre de otel de Anumite
lungimi, fAcAnd necesArA tAiereA bArelor se conform comenzilor primite"
sA se AleAgA din multimeA comenzilor, o submultime de comenzi Astfel incAt sA
fie onorAreA lor sA se fAcA modificAnd bArele se cu pierderi minime de mAteriAl"
dAtele de intrAre vor fi citite dintr!un fisier text in cAre AtAt lungimile
bArelor se cAt si Ale celor comAndAte sunt sepArAte prin virgulA" lungimile
bArelor se sunt dAte lA inceputul fisierului, urmAte de un spAtiu si ! in
continuAre ! de lungimile bArelor comAndAte"
progrAmul vA scrie comenzile Alese tot intr!un fisier text in cAre lungimile
bArelor vor fi sepArAte tot prin cArActerul virgulA"
bAre ! propunere pentru finAlA, crAiovA, clAsA xi
o societAte comerciAlA produce bAre de otel de diferite lungimi" ulterior,
societAteA comerciAlA primeste mAi multe comenzi pentru bAre de otel de Anumite
lungimi, fAcAnd necesArA tAiereA bArelor se conform comenzilor primite"
sA se AleAgA din multimeA comenzilor, o submultime de comenzi Astfel incAt sA
fie onorAreA lor sA se fAcA modificAnd bArele se cu pierderi minime de mAteriAl"
dAtele de intrAre vor fi citite dintr!un fisier text in cAre AtAt lungimile
bArelor se cAt si Ale celor comAndAte sunt sepArAte prin virgulA" lungimile
bArelor se sunt dAte lA inceputul fisierului, urmAte de un spAtiu si ! in
continuAre ! de lungimile bArelor comAndAte"
progrAmul vA scrie comenzile Alese tot intr!un fisier text in cAre lungimile
bArelor vor fi sepArAte tot prin cArActerul virgulA"
bAre ! propunere pentru finAlA, crAiovA, clAsA xi
o societAte comerciAlA produce bAre de otel de diferite lungimi" ulterior,
societAteA comerciAlA primeste mAi multe comenzi pentru bAre de otel de Anumite
lungimi, fAcAnd necesArA tAiereA bArelor se conform comenzilor primite"
sA se AleAgA din multimeA comenzilor, o submultime de comenzi Astfel incAt sA
fie onorAreA lor sA se fAcA modificAnd bArele se cu pierderi minime de mAteriAl"
dAtele de intrAre vor fi citite dintr!un fisier text in cAre AtAt lungimile
bArelor se cAt si Ale celor comAndAte sunt sepArAte prin virgulA" lungimile
bArelor se sunt dAte lA inceputul fisierului, urmAte de un spAtiu si ! in
continuAre ! de lungimile bArelor comAndAte"
progrAmul vA scrie comenzile Alese tot intr!un fisier text in cAre lungimile
bArelor vor fi sepArAte tot prin cArActerul virgulA"
AutomAt celulAr cu o dimensiune finAlA, crAiovA clAsA x
un numAr de n celule sensibile sunt AsezAte in cerc, fiecAre 
comunicAnd cu cei doi vecini Ai sAi" o celulA se poAte gAsi in douA stAri7 
excitAtA sAu linistitA" dAcA o celulA este excitAtA lA un moment dAt t Atunci eA 
emite un semnAl cAre Ajunge lA cele douA celule vecine cu eA lA momentul
t plus unu" fiecAre celulA este excitAtA Atunci si numAi Atunci cAnd lA eA Ajunge un 
semnAl de lA unA dintre celulele vecine? dAcA semnAlele Ajung deodAtA din AmAndouA 
in AcelAsi timp se AnuleAzA"
cerintA
sA se scrie un progrAm cAre sA determine dAcA excitAtiA se mentine o vesnicie"
AstA!i tot"
22
o societAte comerciAlA produce bAre de otel de diferite lungimi" ulterior,
societAteA comerciAlA primeste mAi multe comenzi pentru bAre de otel de Anumite
lungimi, fAcAnd necesArA tAiereA bArelor se conform comenzilor primite"
sA se AleAgA din multimeA comenzilor, o submultime de comenzi Astfel incAt sA
fie onorAreA lor sA se fAcA modificAnd bArele se cu pierderi minime de mAteriAl"
dAtele de intrAre vor fi citite dintr!un fisier text in cAre AtAt lungimile
bArelor se cAt si Ale celor comAndAte sunt sepArAte prin virgulA" lungimile
bArelor se sunt dAte 721 inceputul fisierului, urmAte de un spAtiu si ! in
continuAre ! de lungimile bArelor comAndAte"
progrAmul vA scrie comenzile Alese tot intr!un fisier text in cAre lungimile
bArelor vor fi sepArAte tot prin cArActerul virgulA"
bAre ! propunere pentru finAlA, crAiovA, clAsA xi
o societAte comerciAlA produce bAre de otel de diferite lungimi" ulterior,
societAteA comerciAlA primeste mAi multe comenzi pentru bAre de otel de Anumite
lungimi, fAcAnd necesArA tAiereA bArelor se conform comenzilor primite"
sA se AleAgA din multimeA comenzilor, o submultime de comenzi Astfel incAt sA
fie onorAreA lor sA se fAcA modificAnd bArele se cu pierderi minime de mAteriAl"
dAtele de intrAre vor fi citite dintr!un fisier text in cAre AtAt lungimile
bArelor se cAt si Ale celor comAndAte sunt sepArAte prin virgulA" lungimile
bArelor se sunt dAte 721 inceputul fisierului, urmAte de un spAtiu si ! in
continuAre ! de lungimile bArelor comAndAte"
progrAmul vA scrie comenzile Alese tot intr!un fisier text in cAre lungimile
bArelor vor fi sepArAte tot prin cArActerul virgulA"
bAre ! propunere pentru finAlA, crAiovA, clAsA xi
o societAte comerciAlA produce bAre de otel de diferite lungimi" ulterior,
societAteA comerciAlA primeste mAi multe comenzi pentru bAre de otel de Anumite
lungimi, fAcAnd necesArA tAiereA bArelor se conform comenzilor primite"
sA se AleAgA din multimeA comenzilor, o submultime de comenzi Astfel incAt sA
fie onorAreA lor sA se fAcA modificAnd bArele se cu pierderi minime de mAteriAl"
dAtele de intrAre vor fi citite dintr!un fisier text in cAre AtAt lungimile
bArelor se cAt si Ale celor comAndAte sunt sepArAte prin virgulA" lungimile
bArelor se sunt dAte 721 inceputul fisierului, urmAte de un spAtiu si ! in
continuAre ! de lungimile bArelor comAndAte"
progrAmul vA scrie comenzile Alese tot intr!un fisier text in cAre lungimile
bArelor vor fi sepArAte tot prin cArActerul virgulA"
AutomAt celulAr cu o dimensiune finAlA, crAiovA clAsA x
un numAr de n celule sensibile sunt AsezAte in cerc, fiecAre 
comunicAnd cu cei doi vecini Ai sAi" o celulA se poAte gAsi in douA stAri7 
excitAtA sAu linistitA" dAcA o celulA este excitAtA 721 un moment dAt t Atunci eA 
emite un semnAl cAre Ajunge 721 cele douA celule vecine cu eA 721 momentul
t plus unu" fiecAre celulA este excitAtA Atunci si numAi Atunci cAnd 721 eA Ajunge un 
semnAl de 721 unA dintre celulele vecine? dAcA semnAlele Ajung deodAtA din AmAndouA 
in AcelAsi timp se AnuleAzA"
cerintA
sA se scrie un progrAm cAre sA determine dAcA excitAtiA se mentine o vesnicie"
AstA!i tot"
8
8
7
o societAte comerciAlA produce bAre de otel de diferite lungimi" ulterior,
societAteA comerciAlA primeste mAi multe comenzi pentru bAre de otel de Anumite
lungimi, fAcAnd necesArA tAiereA bArelor se conform comenzilor primite"
sA se AleAgA din multimeA comenzilor, o submultime de comenzi Astfel incAt sA
fie onorAreA lor sA se fAcA modificAnd bArele se cu pierderi minime de mAteriAl"
dAtele de intrAre vor fi citite dintr!un fisier text in cAre AtAt lungimile
bArelor se cAt cAre Ale celor comAndAte sunt sepArAte prin virgulA" lungimile
bArelor se sunt dAte 721 inceputul fisierului, urmAte de un spAtiu cAre ! in
continuAre ! de lungimile bArelor comAndAte"
progrAmul vA scrie comenzile Alese tot intr!un fisier text in cAre lungimile
bArelor vor fi sepArAte tot prin cArActerul virgulA"
bAre ! propunere pentru finAlA, crAiovA, clAsA xi
o societAte comerciAlA produce bAre de otel de diferite lungimi" ulterior,
societAteA comerciAlA primeste mAi multe comenzi pentru bAre de otel de Anumite
lungimi, fAcAnd necesArA tAiereA bArelor se conform comenzilor primite"
sA se AleAgA din multimeA comenzilor, o submultime de comenzi Astfel incAt sA
fie onorAreA lor sA se fAcA modificAnd bArele se cu pierderi minime de mAteriAl"
dAtele de intrAre vor fi citite dintr!un fisier text in cAre AtAt lungimile
bArelor se cAt cAre Ale celor comAndAte sunt sepArAte prin virgulA" lungimile
bArelor se sunt dAte 721 inceputul fisierului, urmAte de un spAtiu cAre ! in
continuAre ! de lungimile bArelor comAndAte"
progrAmul vA scrie comenzile Alese tot intr!un fisier text in cAre lungimile
bArelor vor fi sepArAte tot prin cArActerul virgulA"
bAre ! propunere pentru finAlA, crAiovA, clAsA xi
o societAte comerciAlA produce bAre de otel de diferite lungimi" ulterior,
societAteA comerciAlA primeste mAi multe comenzi pentru bAre de otel de Anumite
lungimi, fAcAnd necesArA tAiereA bArelor se conform comenzilor primite"
sA se AleAgA din multimeA comenzilor, o submultime de comenzi Astfel incAt sA
fie onorAreA lor sA se fAcA modificAnd bArele se cu pierderi minime de mAteriAl"
dAtele de intrAre vor fi citite dintr!un fisier text in cAre AtAt lungimile
bArelor se cAt cAre Ale celor comAndAte sunt sepArAte prin virgulA" lungimile
bArelor se sunt dAte 721 inceputul fisierului, urmAte de un spAtiu cAre ! in
continuAre ! de lungimile bArelor comAndAte"
progrAmul vA scrie comenzile Alese tot intr!un fisier text in cAre lungimile
bArelor vor fi sepArAte tot prin cArActerul virgulA"
AutomAt celulAr cu o dimensiune finAlA, crAiovA clAsA x
un numAr de n celule sensibile sunt AsezAte in cerc, fiecAre 
comunicAnd cu cei doi vecini Ai sAi" o celulA se poAte gAsi in douA stAri7 
excitAtA sAu linistitA" dAcA o celulA este excitAtA 721 un moment dAt t Atunci eA 
emite un semnAl cAre Ajunge 721 cele douA celule vecine cu eA 721 momentul
t plus unu" fiecAre celulA este excitAtA Atunci cAre numAi Atunci cAnd 721 eA Ajunge un 
semnAl de 721 unA dintre celulele vecine? dAcA semnAlele Ajung deodAtA din AmAndouA 
in AcelAsi timp se AnuleAzA"
cerintA
sA se scrie un progrAm cAre sA determine dAcA excitAtiA se mentine o vesnicie"
AstA!i tot"
15
o societAte comerciAlA produce bAre de otel de diferite lungimi" ulterior,
societAteA comerciAlA primeste mAi multe comenzi pentru bAre de otel de Anumite
lungimi, fAcAnd necesArA tAiereA bArelor se conform comenzilor primite"
sA se AleAgA din multimeA comenzilor, o submultime de comenzi Astfel incAt sA
fie onorAreA lor sA se fAcA modificAnd bArele se cu pierderi minime de mAteriAl"
dAtele de intrAre vor fi citite dintr!un fisier text in 1234 AtAt lungimile
bArelor se cAt 1234 Ale celor comAndAte sunt sepArAte prin virgulA" lungimile
bArelor se sunt dAte 721 inceputul fisierului, urmAte de un spAtiu 1234 ! in
continuAre ! de lungimile bArelor comAndAte"
progrAmul vA scrie comenzile Alese tot intr!un fisier text in 1234 lungimile
bArelor vor fi sepArAte tot prin cArActerul virgulA"
bAre ! propunere pentru finAlA, crAiovA, clAsA xi
o societAte comerciAlA produce bAre de otel de diferite lungimi" ulterior,
societAteA comerciAlA primeste mAi multe comenzi pentru bAre de otel de Anumite
lungimi, fAcAnd necesArA tAiereA bArelor se conform comenzilor primite"
sA se AleAgA din multimeA comenzilor, o submultime de comenzi Astfel incAt sA
fie onorAreA lor sA se fAcA modificAnd bArele se cu pierderi minime de mAteriAl"
dAtele de intrAre vor fi citite dintr!un fisier text in 1234 AtAt lungimile
bArelor se cAt 1234 Ale celor comAndAte sunt sepArAte prin virgulA" lungimile
bArelor se sunt dAte 721 inceputul fisierului, urmAte de un spAtiu 1234 ! in
continuAre ! de lungimile bArelor comAndAte"
progrAmul vA scrie comenzile Alese tot intr!un fisier text in 1234 lungimile
bArelor vor fi sepArAte tot prin cArActerul virgulA"
bAre ! propunere pentru finAlA, crAiovA, clAsA xi
o societAte comerciAlA produce bAre de otel de diferite lungimi" ulterior,
societAteA comerciAlA primeste mAi multe comenzi pentru bAre de otel de Anumite
lungimi, fAcAnd necesArA tAiereA bArelor se conform comenzilor primite"
sA se AleAgA din multimeA comenzilor, o submultime de comenzi Astfel incAt sA
fie onorAreA lor sA se fAcA modificAnd bArele se cu pierderi minime de mAteriAl"
dAtele de intrAre vor fi citite dintr!un fisier text in 1234 AtAt lungimile
bArelor se cAt 1234 Ale celor comAndAte sunt sepArAte prin virgulA" lungimile
bArelor se sunt dAte 721 inceputul fisierului, urmAte de un spAtiu 1234 ! in
continuAre ! de lungimile bArelor comAndAte"
progrAmul vA scrie comenzile Alese tot intr!un fisier text in 1234 lungimile
bArelor vor fi sepArAte tot prin cArActerul virgulA"
AutomAt celulAr cu o dimensiune finAlA, crAiovA clAsA x
un numAr de n celule sensibile sunt AsezAte in cerc, fiecAre 
comunicAnd cu cei doi vecini Ai sAi" o celulA se poAte gAsi in douA stAri7 
excitAtA sAu linistitA" dAcA o celulA este excitAtA 721 un moment dAt t Atunci eA 
emite un semnAl 1234 Ajunge 721 cele douA celule vecine cu eA 721 momentul
t plus unu" fiecAre celulA este excitAtA Atunci 1234 numAi Atunci cAnd 721 eA Ajunge un 
semnAl de 721 unA dintre celulele vecine? dAcA semnAlele Ajung deodAtA din AmAndouA 
in AcelAsi timp se AnuleAzA"
cerintA
sA se scrie un progrAm 1234 sA determine dAcA excitAtiA se mentine o vesnicie"
AstA!i tot"
15
10
AAAAAAAAAAAAAAAAAAAAAAAAAAAAAAAAAAAAAAAAAAA societAte comerciAlA produce bAre de otel de diferite lungimi" ulterior,
societAteA comerciAlA primeste mAi multe comenzi pentru bAre de otel de Anumite
lungimi, fAcAnd necesArA tAiereA bArelor se conform comenzilor primite"
sA se AleAgA din multimeA comenzilor, AAAAAAAAAAAAAAAAAAAAAAAAAAAAAAAAAAAAAAAAAAA submultime de comenzi Astfel incAt sA
fie onorAreA lor sA se fAcA modificAnd bArele se cu pierderi minime de mAteriAl"
dAtele de intrAre vor fi citite dintr!un fisier text in 1234 AtAt lungimile
bArelor se cAt 1234 Ale celor comAndAte sunt sepArAte prin virgulA" lungimile
bArelor se sunt dAte 721 inceputul fisierului, urmAte de un spAtiu 1234 ! in
continuAre ! de lungimile bArelor comAndAte"
progrAmul vA scrie comenzile Alese tot intr!un fisier text in 1234 lungimile
bArelor vor fi sepArAte tot prin cArActerul virgulA"
bAre ! propunere pentru finAlA, crAiovA, clAsA xi
AAAAAAAAAAAAAAAAAAAAAAAAAAAAAAAAAAAAAAAAAAA societAte comerciAlA produce bAre de otel de diferite lungimi" ulterior,
societAteA comerciAlA primeste mAi multe comenzi pentru bAre de otel de Anumite
lungimi, fAcAnd necesArA tAiereA bArelor se conform comenzilor primite"
sA se AleAgA din multimeA comenzilor, AAAAAAAAAAAAAAAAAAAAAAAAAAAAAAAAAAAAAAAAAAA submultime de comenzi Astfel incAt sA
fie onorAreA lor sA se fAcA modificAnd bArele se cu pierderi minime de mAteriAl"
dAtele de intrAre vor fi citite dintr!un fisier text in 1234 AtAt lungimile
bArelor se cAt 1234 Ale celor comAndAte sunt sepArAte prin virgulA" lungimile
bArelor se sunt dAte 721 inceputul fisierului, urmAte de un spAtiu 1234 ! in
continuAre ! de lungimile bArelor comAndAte"
progrAmul vA scrie comenzile Alese tot intr!un fisier text in 1234 lungimile
bArelor vor fi sepArAte tot prin cArActerul virgulA"
bAre ! propunere pentru finAlA, crAiovA, clAsA xi
AAAAAAAAAAAAAAAAAAAAAAAAAAAAAAAAAAAAAAAAAAA societAte comerciAlA produce bAre de otel de diferite lungimi" ulterior,
societAteA comerciAlA primeste mAi multe comenzi pentru bAre de otel de Anumite
lungimi, fAcAnd necesArA tAiereA bArelor se conform comenzilor primite"
sA se AleAgA din multimeA comenzilor, AAAAAAAAAAAAAAAAAAAAAAAAAAAAAAAAAAAAAAAAAAA submultime de comenzi Astfel incAt sA
fie onorAreA lor sA se fAcA modificAnd bArele se cu pierderi minime de mAteriAl"
dAtele de intrAre vor fi citite dintr!un fisier text in 1234 AtAt lungimile
bArelor se cAt 1234 Ale celor comAndAte sunt sepArAte prin virgulA" lungimile
bArelor se sunt dAte 721 inceputul fisierului, urmAte de un spAtiu 1234 ! in
continuAre ! de lungimile bArelor comAndAte"
progrAmul vA scrie comenzile Alese tot intr!un fisier text in 1234 lungimile
bArelor vor fi sepArAte tot prin cArActerul virgulA"
AutomAt celulAr cu AAAAAAAAAAAAAAAAAAAAAAAAAAAAAAAAAAAAAAAAAAA dimensiune finAlA, crAiovA clAsA x
un numAr de n celule sensibile sunt AsezAte in cerc, fiecAre 
comunicAnd cu cei doi vecini Ai sAi" AAAAAAAAAAAAAAAAAAAAAAAAAAAAAAAAAAAAAAAAAAA celulA se poAte gAsi in douA stAri7 
excitAtA sAu linistitA" dAcA AAAAAAAAAAAAAAAAAAAAAAAAAAAAAAAAAAAAAAAAAAA celulA este excitAtA 721 un moment dAt t Atunci eA 
emite un semnAl 1234 Ajunge 721 cele douA celule vecine cu eA 721 momentul
t plus unu" fiecAre celulA este excitAtA Atunci 1234 numAi Atunci cAnd 721 eA Ajunge un 
semnAl de 721 unA dintre celulele vecine? dAcA semnAlele Ajung deodAtA din AmAndouA 
in AcelAsi timp se AnuleAzA"
cerintA
sA se scrie un progrAm 1234 sA determine dAcA excitAtiA se mentine AAAAAAAAAAAAAAAAAAAAAAAAAAAAAAAAAAAAAAAAAAA vesnicie"
AstA!i tot"
0
10
AAAAAAAAAAAAAAAAAAAAAAAAAAAAAAAAAAAAAAAAAAA esocietAt AcomerciAl eproduc ebAr ed lote ed ediferit ilungim" rulterio,
AsocietAte AcomerciAl eprimest imA emult icomenz upentr ebAr ed lote ed eAnumit
ilungim, dfAcAn AnecesAr AtAiere rbArelo es mconfor rcomenzilo eprimit"
As es AAleAg ndi Amultime rcomenzilo, AAAAAAAAAAAAAAAAAAAAAAAAAAAAAAAAAAAAAAAAAAA esubmultim ed icomenz lAstfe tincA As
efi AonorAre rlo As es AfAc dmodificAn ebArel es uc ipierder eminim ed lmAteriA"
edAtel ed eintrAr rvo if ecitit rdint!nu rfisie ttex ni 4123 tAtA elungimil
rbArelo es tcA 4123 eAl rcelo ecomAndAt tsun esepArAt npri Avirgul" elungimil
rbArelo es tsun edAt 172 linceputu ifisierulu, eurmAt ed nu uspAti 4123 ! ni
econtinuAr ! ed elungimil rbArelo ecomAndAt"
lprogrAmu Av escri ecomenzil eAles tto rint!nu rfisie ttex ni 4123 elungimil
rbArelo rvo if esepArAt tto npri lcArActeru Avirgul"
ebAr ! epropuner upentr AfinAl, AcrAiov, AclAs ix
AAAAAAAAAAAAAAAAAAAAAAAAAAAAAAAAAAAAAAAAAAA esocietAt AcomerciAl eproduc ebAr ed lote ed ediferit ilungim" rulterio,
AsocietAte AcomerciAl eprimest imA emult icomenz upentr ebAr ed lote ed eAnumit
ilungim, dfAcAn AnecesAr AtAiere rbArelo es mconfor rcomenzilo eprimit"
As es AAleAg ndi Amultime rcomenzilo, AAAAAAAAAAAAAAAAAAAAAAAAAAAAAAAAAAAAAAAAAAA esubmultim ed icomenz lAstfe tincA As
efi AonorAre rlo As es AfAc dmodificAn ebArel es uc ipierder eminim ed lmAteriA"
edAtel ed eintrAr rvo if ecitit rdint!nu rfisie ttex ni 4123 tAtA elungimil
rbArelo es tcA 4123 eAl rcelo ecomAndAt tsun esepArAt npri Avirgul" elungimil
rbArelo es tsun edAt 172 linceputu ifisierulu, eurmAt ed nu uspAti 4123 ! ni
econtinuAr ! ed elungimil rbArelo ecomAndAt"
lprogrAmu Av escri ecomenzil eAles tto rint!nu rfisie ttex ni 4123 elungimil
rbArelo rvo if esepArAt tto npri lcArActeru Avirgul"
ebAr ! epropuner upentr AfinAl, AcrAiov, AclAs ix
AAAAAAAAAAAAAAAAAAAAAAAAAAAAAAAAAAAAAAAAAAA esocietAt AcomerciAl eproduc ebAr ed lote ed ediferit ilungim" rulterio,
AsocietAte AcomerciAl eprimest imA emult icomenz upentr ebAr ed lote ed eAnumit
ilungim, dfAcAn AnecesAr AtAiere rbArelo es mconfor rcomenzilo eprimit"
As es AAleAg ndi Amultime rcomenzilo, AAAAAAAAAAAAAAAAAAAAAAAAAAAAAAAAAAAAAAAAAAA esubmultim ed icomenz lAstfe tincA As
efi AonorAre rlo As es AfAc dmodificAn ebArel es uc ipierder eminim ed lmAteriA"
edAtel ed eintrAr rvo if ecitit rdint!nu rfisie ttex ni 4123 tAtA elungimil
rbArelo es tcA 4123 eAl rcelo ecomAndAt tsun esepArAt npri Avirgul" elungimil
rbArelo es tsun edAt 172 linceputu ifisierulu, eurmAt ed nu uspAti 4123 ! ni
econtinuAr ! ed elungimil rbArelo ecomAndAt"
lprogrAmu Av escri ecomenzil eAles tto rint!nu rfisie ttex ni 4123 elungimil
rbArelo rvo if esepArAt tto npri lcArActeru Avirgul"
tAutomA rcelulA uc AAAAAAAAAAAAAAAAAAAAAAAAAAAAAAAAAAAAAAAAAAA edimensiun AfinAl, AcrAiov AclAs x
nu rnumA ed n ecelul esensibil tsun eAsezAt ni ccer, efiecAr 
dcomunicAn uc ice ido ivecin iA isA" AAAAAAAAAAAAAAAAAAAAAAAAAAAAAAAAAAAAAAAAAAA Acelul es epoAt igAs ni Adou 7stAri 
AexcitAt usA Alinistit" AdAc AAAAAAAAAAAAAAAAAAAAAAAAAAAAAAAAAAAAAAAAAAA Acelul eest AexcitAt 172 nu tmomen tdA t iAtunc Ae 
eemit nu lsemnA 4123 eAjung 172 ecel Adou ecelul evecin uc Ae 172 lmomentu
t splu uun" efiecAr Acelul eest AexcitAt iAtunc 4123 inumA iAtunc dcAn 172 Ae eAjung nu 
lsemnA ed 172 Aun edintr ecelulel evecin? AdAc esemnAlel gAjun AdeodAt ndi AAmAndou 
ni iAcelAs ptim es AAnuleAz"
Acerint
As es escri nu mprogrA 4123 As edetermin AdAc AexcitAti es ementin AAAAAAAAAAAAAAAAAAAAAAAAAAAAAAAAAAAAAAAAAAA evesnici"
AAst!i tto"
AAAAAAAAAAAAAAAAAAAAAAAAAAAAAAAAAAAAAAAAAAA Atesociet AlAcomerci uceprod Areb ed telo ed itedifer imilung" iorulter,
teAsocietA AlAcomerci steprime mAi ltemu nzicome trupen Areb ed telo ed iteAnum
imilung, AndfAc ArAneces reAtAie lorbAre es ormconf lorcomenzi iteprim"
As es AgAAle din meAmulti lorcomenzi, AAAAAAAAAAAAAAAAAAAAAAAAAAAAAAAAAAAAAAAAAAA imesubmult ed nzicome felAst cAtin As
fie reAonorA lor As es AcAf Andmodific elebAr es uc eripierd imemin ed iAlmAter"
eledAt ed Areintr vor if itecit ntrdi!nu ierfis extt ni 2341 tAtA ilelungim
lorbAre es cAt 2341 Ale lorce AtecomAnd unts AtesepAr rinp ulAvirg" ilelungim
lorbAre es unts Ated 721 tulincepu luifisieru, Ateurm ed nu tiuspA 2341 ! ni
Arecontinu ! ed ilelungim lorbAre AtecomAnd"
mulprogrA Av riesc ilecomenz eseAl tot ntri!nu ierfis extt ni 2341 ilelungim
lorbAre vor if AtesepAr tot rinp rulcArActe ulAvirg"
Areb ! erepropun trupen AlAfin, ovAcrAi, AsAcl ix
AAAAAAAAAAAAAAAAAAAAAAAAAAAAAAAAAAAAAAAAAAA Atesociet AlAcomerci uceprod Areb ed telo ed itedifer imilung" iorulter,
teAsocietA AlAcomerci steprime mAi ltemu nzicome trupen Areb ed telo ed iteAnum
imilung, AndfAc ArAneces reAtAie lorbAre es ormconf lorcomenzi iteprim"
As es AgAAle din meAmulti lorcomenzi, AAAAAAAAAAAAAAAAAAAAAAAAAAAAAAAAAAAAAAAAAAA imesubmult ed nzicome felAst cAtin As
fie reAonorA lor As es AcAf Andmodific elebAr es uc eripierd imemin ed iAlmAter"
eledAt ed Areintr vor if itecit ntrdi!nu ierfis extt ni 2341 tAtA ilelungim
lorbAre es cAt 2341 Ale lorce AtecomAnd unts AtesepAr rinp ulAvirg" ilelungim
lorbAre es unts Ated 721 tulincepu luifisieru, Ateurm ed nu tiuspA 2341 ! ni
Arecontinu ! ed ilelungim lorbAre AtecomAnd"
mulprogrA Av riesc ilecomenz eseAl tot ntri!nu ierfis extt ni 2341 ilelungim
lorbAre vor if AtesepAr tot rinp rulcArActe ulAvirg"
Areb ! erepropun trupen AlAfin, ovAcrAi, AsAcl ix
AAAAAAAAAAAAAAAAAAAAAAAAAAAAAAAAAAAAAAAAAAA Atesociet AlAcomerci uceprod Areb ed telo ed itedifer imilung" iorulter,
teAsocietA AlAcomerci steprime mAi ltemu nzicome trupen Areb ed telo ed iteAnum
imilung, AndfAc ArAneces reAtAie lorbAre es ormconf lorcomenzi iteprim"
As es AgAAle din meAmulti lorcomenzi, AAAAAAAAAAAAAAAAAAAAAAAAAAAAAAAAAAAAAAAAAAA imesubmult ed nzicome felAst cAtin As
fie reAonorA lor As es AcAf Andmodific elebAr es uc eripierd imemin ed iAlmAter"
eledAt ed Areintr vor if itecit ntrdi!nu ierfis extt ni 2341 tAtA ilelungim
lorbAre es cAt 2341 Ale lorce AtecomAnd unts AtesepAr rinp ulAvirg" ilelungim
lorbAre es unts Ated 721 tulincepu luifisieru, Ateurm ed nu tiuspA 2341 ! ni
Arecontinu ! ed ilelungim lorbAre AtecomAnd"
mulprogrA Av riesc ilecomenz eseAl tot ntri!nu ierfis extt ni 2341 ilelungim
lorbAre vor if AtesepAr tot rinp rulcArActe ulAvirg"
mAtAuto lArcelu uc AAAAAAAAAAAAAAAAAAAAAAAAAAAAAAAAAAAAAAAAAAA unedimensi AlAfin, ovAcrAi AsAcl x
nu mArnu ed n ulecel ilesensib unts AteAsez ni ercc, Arefiec 
Andcomunic uc cei doi inivec iA sAi" AAAAAAAAAAAAAAAAAAAAAAAAAAAAAAAAAAAAAAAAAAA ulAcel es Atepo Asig ni ouAd ri7stA 
AtAexcit sAu itAlinist" AcAd AAAAAAAAAAAAAAAAAAAAAAAAAAAAAAAAAAAAAAAAAAA ulAcel stee AtAexcit 721 nu entmom dAt t nciAtu Ae 
iteem nu nAlsem 2341 ngeAju 721 elec ouAd ulecel inevec uc Ae 721 tulmomen
t lusp unu" Arefiec ulAcel stee AtAexcit nciAtu 2341 mAinu nciAtu Andc 721 Ae ngeAju nu 
nAlsem ed 721 unA tredin elecelul inevec? AcAd elesemnAl ungAj AtAdeod din ouAAmAnd 
ni AsiAcel impt es AzAAnule"
ntAceri
As es riesc nu rAmprog 2341 As inedeterm AcAd tiAexcitA es inement AAAAAAAAAAAAAAAAAAAAAAAAAAAAAAAAAAAAAAAAAAA cievesni"
stAA!i tot"
AAAAAAAAAAAAAAAAAAAAAAAAAAAAAAAAAAAAAAAAAAA ietAtesoc rciAlAcome roducep rebA de elot de feritedi ungimil" teriorul,
etAteAsoci rciAlAcome imestepr mAi emult omenzic pentru rebA de elot de numiteA
ungimil, fAcAnd cesArAne AiereAt Arelorb se onformc nzilorcome rimitep"
sA se AleAgA din ltimeAmu nzilorcome, AAAAAAAAAAAAAAAAAAAAAAAAAAAAAAAAAAAAAAAAAAA ultimesubm de omenzic Astfel tincA sA
fie orAreAon lor sA se cAfA ficAndmodi bArele se cu erderipi minime de teriAlmA"
dAtele de ntrArei vor fi citite rdint!un fisier xtte in 3412 AtAt gimilelun
Arelorb se cAt 3412 Ale rcelo AndAtecom ntsu pArAtese inpr irgulAv" gimilelun
Arelorb se ntsu tedA 721 eputulinc eruluifisi, urmAte de un spAtiu 3412 ! in
inuArecont ! de gimilelun Arelorb AndAtecom"
grAmulpro vA escri enzilecom eAles tot trin!un fisier xtte in 3412 gimilelun
Arelorb vor fi pArAtese tot inpr cterulcArA irgulAv"
rebA ! punerepro pentru finAlA, rAiovAc, AclAs xi
AAAAAAAAAAAAAAAAAAAAAAAAAAAAAAAAAAAAAAAAAAA ietAtesoc rciAlAcome roducep rebA de elot de feritedi ungimil" teriorul,
etAteAsoci rciAlAcome imestepr mAi emult omenzic pentru rebA de elot de numiteA
ungimil, fAcAnd cesArAne AiereAt Arelorb se onformc nzilorcome rimitep"
sA se AleAgA din ltimeAmu nzilorcome, AAAAAAAAAAAAAAAAAAAAAAAAAAAAAAAAAAAAAAAAAAA ultimesubm de omenzic Astfel tincA sA
fie orAreAon lor sA se cAfA ficAndmodi bArele se cu erderipi minime de teriAlmA"
dAtele de ntrArei vor fi citite rdint!un fisier xtte in 3412 AtAt gimilelun
Arelorb se cAt 3412 Ale rcelo AndAtecom ntsu pArAtese inpr irgulAv" gimilelun
Arelorb se ntsu tedA 721 eputulinc eruluifisi, urmAte de un spAtiu 3412 ! in
inuArecont ! de gimilelun Arelorb AndAtecom"
grAmulpro vA escri enzilecom eAles tot trin!un fisier xtte in 3412 gimilelun
Arelorb vor fi pArAtese tot inpr cterulcArA irgulAv"
rebA ! punerepro pentru finAlA, rAiovAc, AclAs xi
AAAAAAAAAAAAAAAAAAAAAAAAAAAAAAAAAAAAAAAAAAA ietAtesoc rciAlAcome roducep rebA de elot de feritedi ungimil" teriorul,
etAteAsoci rciAlAcome imestepr mAi emult omenzic pentru rebA de elot de numiteA
ungimil, fAcAnd cesArAne AiereAt Arelorb se onformc nzilorcome rimitep"
sA se AleAgA din ltimeAmu nzilorcome, AAAAAAAAAAAAAAAAAAAAAAAAAAAAAAAAAAAAAAAAAAA ultimesubm de omenzic Astfel tincA sA
fie orAreAon lor sA se cAfA ficAndmodi bArele se cu erderipi minime de teriAlmA"
dAtele de ntrArei vor fi citite rdint!un fisier xtte in 3412 AtAt gimilelun
Arelorb se cAt 3412 Ale rcelo AndAtecom ntsu pArAtese inpr irgulAv" gimilelun
Arelorb se ntsu tedA 721 eputulinc eruluifisi, urmAte de un spAtiu 3412 ! in
inuArecont ! de gimilelun Arelorb AndAtecom"
grAmulpro vA escri enzilecom eAles tot trin!un fisier xtte in 3412 gimilelun
Arelorb vor fi pArAtese tot inpr cterulcArA irgulAv"
utomAtA elulArc cu AAAAAAAAAAAAAAAAAAAAAAAAAAAAAAAAAAAAAAAAAAA nsiunedime finAlA, rAiovAc AclAs x
un rnumA de n celule sibilesen ntsu sezAteA in rcce, iecAref 
nicAndcomu cu cei doi vecini Ai sAi" AAAAAAAAAAAAAAAAAAAAAAAAAAAAAAAAAAAAAAAAAAA celulA se epoAt sigA in uAdo stAri7 
citAtAex sAu istitAlin" cAdA AAAAAAAAAAAAAAAAAAAAAAAAAAAAAAAAAAAAAAAAAAA celulA tees citAtAex 721 un moment dAt t Atunci eA 
eemit un semnAl 3412 Ajunge 721 lece uAdo celule vecine cu eA 721 mentulmo
t uspl unu" iecAref celulA tees citAtAex Atunci 3412 inumA Atunci ndcA 721 eA Ajunge un 
semnAl de 721 unA dintre lulelece vecine? cAdA nAlelesem gAjun eodAtAd din AndouAAm 
in celAsiA mpti se uleAzAAn"
erintAc
sA se escri un rogrAmp 3412 sA erminedet cAdA itAtiAexc se entinem AAAAAAAAAAAAAAAAAAAAAAAAAAAAAAAAAAAAAAAAAAA snicieve"
tAAs!i tot"
AAAAAAAAAAAAAAAAAAAAAAAAAAAAAAAAAAAAAAAAAAA esocietAt comerciAlA uceprod rebA de elot de tediferi imilung" orulteri,
societAteA comerciAlA teprimes imA multe nzicome ntrupe rebA de elot de iteAnum
imilung, cAndfA rAnecesA reAtAie lorbAre se ormconf comenzilor iteprim"
sA se eAgAAl ndi eAmultim comenzilor, AAAAAAAAAAAAAAAAAAAAAAAAAAAAAAAAAAAAAAAAAAA submultime de nzicome tfelAs incAt sA
efi eAonorAr rlo sA se cAfA modificAnd relebA se cu ripierde nimemi de AlmAteri"
teledA de Areintr rvo fi titeci dintr!un sierfi xtte in 3412 AtAt elungimil
lorbAre se tcA 3412 eAl celor ecomAndAt ntsu tesepArA inpr ulAvirg" elungimil
lorbAre se ntsu tedA 172 linceputu fisierului, mAteur de un Atiusp 3412 ! in
continuAre ! de elungimil lorbAre ecomAndAt"
lprogrAmu vA scrie ecomenzil Alese tto trin!un sierfi xtte in 3412 elungimil
lorbAre rvo fi tesepArA tto inpr cArActerul ulAvirg"
rebA ! epropuner ntrupe nAlAfi, ovAcrAi, clAsA xi
AAAAAAAAAAAAAAAAAAAAAAAAAAAAAAAAAAAAAAAAAAA esocietAt comerciAlA uceprod rebA de elot de tediferi imilung" orulteri,
societAteA comerciAlA teprimes imA multe nzicome ntrupe rebA de elot de iteAnum
imilung, cAndfA rAnecesA reAtAie lorbAre se ormconf comenzilor iteprim"
sA se eAgAAl ndi eAmultim comenzilor, AAAAAAAAAAAAAAAAAAAAAAAAAAAAAAAAAAAAAAAAAAA submultime de nzicome tfelAs incAt sA
efi eAonorAr rlo sA se cAfA modificAnd relebA se cu ripierde nimemi de AlmAteri"
teledA de Areintr rvo fi titeci dintr!un sierfi xtte in 3412 AtAt elungimil
lorbAre se tcA 3412 eAl celor ecomAndAt ntsu tesepArA inpr ulAvirg" elungimil
lorbAre se ntsu tedA 172 linceputu fisierului, mAteur de un Atiusp 3412 ! in
continuAre ! de elungimil lorbAre ecomAndAt"
lprogrAmu vA scrie ecomenzil Alese tto trin!un sierfi xtte in 3412 elungimil
lorbAre rvo fi tesepArA tto inpr cArActerul ulAvirg"
rebA ! epropuner ntrupe nAlAfi, ovAcrAi, clAsA xi
AAAAAAAAAAAAAAAAAAAAAAAAAAAAAAAAAAAAAAAAAAA esocietAt comerciAlA uceprod rebA de elot de tediferi imilung" orulteri,
societAteA comerciAlA teprimes imA multe nzicome ntrupe rebA de elot de iteAnum
imilung, cAndfA rAnecesA reAtAie lorbAre se ormconf comenzilor iteprim"
sA se eAgAAl ndi eAmultim comenzilor, AAAAAAAAAAAAAAAAAAAAAAAAAAAAAAAAAAAAAAAAAAA submultime de nzicome tfelAs incAt sA
efi eAonorAr rlo sA se cAfA modificAnd relebA se cu ripierde nimemi de AlmAteri"
teledA de Areintr rvo fi titeci dintr!un sierfi xtte in 3412 AtAt elungimil
lorbAre se tcA 3412 eAl celor ecomAndAt ntsu tesepArA inpr ulAvirg" elungimil
lorbAre se ntsu tedA 172 linceputu fisierului, mAteur de un Atiusp 3412 ! in
continuAre ! de elungimil lorbAre ecomAndAt"
lprogrAmu vA scrie ecomenzil Alese tto trin!un sierfi xtte in 3412 elungimil
lorbAre rvo fi tesepArA tto inpr cArActerul ulAvirg"
mAtAuto lArcelu cu AAAAAAAAAAAAAAAAAAAAAAAAAAAAAAAAAAAAAAAAAAA dimensiune nAlAfi, ovAcrAi clAsA x
un numAr de n lulece esensibil ntsu AteAsez in rcce, Arefiec 
comunicAnd cu ice ido cinive Ai isA" AAAAAAAAAAAAAAAAAAAAAAAAAAAAAAAAAAAAAAAAAAA lulAce se poAte sigA in uAdo Ari7st 
tAexcitA usA Alinistit" cAdA AAAAAAAAAAAAAAAAAAAAAAAAAAAAAAAAAAAAAAAAAAA lulAce tees tAexcitA 172 un mentmo tdA t unciAt eA 
emite un mnAlse 3412 ungeAj 172 lece uAdo lulece cineve cu eA 172 ulmoment
t uspl uun" Arefiec lulAce tees tAexcitA unciAt 3412 numAi unciAt ndcA 172 eA ungeAj un 
mnAlse de 172 Aun ntredi lecelule cineve? cAdA esemnAlel Ajung AtAdeod ndi uAAmAndo 
in AsiAcel mpti se zAAnuleA"
ntAceri
sA se scrie un rAmprog 3412 sA edetermin cAdA AexcitAti se inement AAAAAAAAAAAAAAAAAAAAAAAAAAAAAAAAAAAAAAAAAAA ievesnic"
tAAs!i tto"
AAAAAAAAAAAAAAAAAAAAAAAAAAAAAAAAAAAAAAAAAAA ietAtesoc ciAlAcomer eproduc Areb ed telo ed iferited ilungim" lterioru,
tAteAsocie ciAlAcomer rimestep mAi multe icomenz trupen Areb ed telo ed eAnumit
ilungim, AndfAc ecesArAn AtAiere rbArelo es mconfor zilorcomen eprimit"
As es AgAAle din ultimeAm zilorcomen, AAAAAAAAAAAAAAAAAAAAAAAAAAAAAAAAAAAAAAAAAAA ltimesubmu ed icomenz felAst incAt As
fie norAreAo lor As es AcAf icAndmodif elebAr es uc ierderip imemin ed AteriAlm"
eledAt ed eintrAr vor if itecit dintr!nu ierfis extt ni 2341 tAtA gimilelun
rbArelo es cAt 2341 Ale celor AndAtecom unts epArAtes rinp Avirgul" gimilelun
rbArelo es unts Ated 721 eputulinc ruluifisie, Ateurm ed nu tiuspA 2341 ! ni
nuAreconti ! ed gimilelun rbArelo AndAtecom"
grAmulpro Av scrie enzilecom Alese tot ntri!nu ierfis extt ni 2341 gimilelun
rbArelo vor if epArAtes tot rinp terulcArAc Avirgul"
Areb ! punerepro trupen AlAfin, AcrAiov, clAsA ix
AAAAAAAAAAAAAAAAAAAAAAAAAAAAAAAAAAAAAAAAAAA ietAtesoc ciAlAcomer eproduc Areb ed telo ed iferited ilungim" lterioru,
tAteAsocie ciAlAcomer rimestep mAi multe icomenz trupen Areb ed telo ed eAnumit
ilungim, AndfAc ecesArAn AtAiere rbArelo es mconfor zilorcomen eprimit"
As es AgAAle din ultimeAm zilorcomen, AAAAAAAAAAAAAAAAAAAAAAAAAAAAAAAAAAAAAAAAAAA ltimesubmu ed icomenz felAst incAt As
fie norAreAo lor As es AcAf icAndmodif elebAr es uc ierderip imemin ed AteriAlm"
eledAt ed eintrAr vor if itecit dintr!nu ierfis extt ni 2341 tAtA gimilelun
rbArelo es cAt 2341 Ale celor AndAtecom unts epArAtes rinp Avirgul" gimilelun
rbArelo es unts Ated 721 eputulinc ruluifisie, Ateurm ed nu tiuspA 2341 ! ni
nuAreconti ! ed gimilelun rbArelo AndAtecom"
grAmulpro Av scrie enzilecom Alese tot ntri!nu ierfis extt ni 2341 gimilelun
rbArelo vor if epArAtes tot rinp terulcArAc Avirgul"
Areb ! punerepro trupen AlAfin, AcrAiov, clAsA ix
AAAAAAAAAAAAAAAAAAAAAAAAAAAAAAAAAAAAAAAAAAA ietAtesoc ciAlAcomer eproduc Areb ed telo ed iferited ilungim" lterioru,
tAteAsocie ciAlAcomer rimestep mAi multe icomenz trupen Areb ed telo ed eAnumit
ilungim, AndfAc ecesArAn AtAiere rbArelo es mconfor zilorcomen eprimit"
As es AgAAle din ultimeAm zilorcomen, AAAAAAAAAAAAAAAAAAAAAAAAAAAAAAAAAAAAAAAAAAA ltimesubmu ed icomenz felAst incAt As
fie norAreAo lor As es AcAf icAndmodif elebAr es uc ierderip imemin ed AteriAlm"
eledAt ed eintrAr vor if itecit dintr!nu ierfis extt ni 2341 tAtA gimilelun
rbArelo es cAt 2341 Ale celor AndAtecom unts epArAtes rinp Avirgul" gimilelun
rbArelo es unts Ated 721 eputulinc ruluifisie, Ateurm ed nu tiuspA 2341 ! ni
nuAreconti ! ed gimilelun rbArelo AndAtecom"
grAmulpro Av scrie enzilecom Alese tot ntri!nu ierfis extt ni 2341 gimilelun
rbArelo vor if epArAtes tot rinp terulcArAc Avirgul"
tAutomA rcelulA uc AAAAAAAAAAAAAAAAAAAAAAAAAAAAAAAAAAAAAAAAAAA siunedimen AlAfin, AcrAiov clAsA x
nu numAr ed n ulecel sibilesen unts eAsezAt ni ercc, efiecAr 
icAndcomun uc cei doi inivec iA sAi" AAAAAAAAAAAAAAAAAAAAAAAAAAAAAAAAAAAAAAAAAAA ulAcel es poAte Asig ni ouAd ri7stA 
xcitAtAe sAu istitAlin" AcAd AAAAAAAAAAAAAAAAAAAAAAAAAAAAAAAAAAAAAAAAAAA ulAcel stee xcitAtAe 721 nu entmom dAt t nciAtu Ae 
emite nu nAlsem 2341 ngeAju 721 elec ouAd ulecel inevec uc Ae 721 omentulm
t lusp unu" efiecAr ulAcel stee xcitAtAe nciAtu 2341 numAi nciAtu Andc 721 Ae ngeAju nu 
nAlsem ed 721 unA tredin elulelec inevec? AcAd nAlelesem Ajung AdeodAt din mAndouAA 
ni iAcelAs impt es nuleAzAA"
Acerint
As es scrie nu mprogrA 2341 As erminedet AcAd itAtiAexc es ementin AAAAAAAAAAAAAAAAAAAAAAAAAAAAAAAAAAAAAAAAAAA esniciev"
stAA!i tot"
0
AAAAAAAAAAAAAAAAAAAAAAAAAAAAAAAAAAAAAAAAAAA ietAtesoc ciAlAcomer eproduc Areb ed telo ed iferited ilungim" lterioru,
tAteAsocie ciAlAcomer rimestep mAi multe icomenz trupen Areb ed telo ed eAnumit
ilungim, AndfAc ecesArAn AtAiere rbArelo es mconfor zilorcomen eprimit"
As es AgAAle din ultimeAm zilorcomen, AAAAAAAAAAAAAAAAAAAAAAAAAAAAAAAAAAAAAAAAAAA ltimesubmu ed icomenz felAst incAt As
fie norAreAo lor As es AcAf icAndmodif elebAr es uc ierderip imemin ed AteriAlm"
eledAt ed eintrAr vor if itecit dintr!nu ierfis extt ni 2341 tAtA gimilelun
rbArelo es cAt 2341 Ale celor AndAtecom unts epArAtes rinp Avirgul" gimilelun
rbArelo es unts Ated 721 eputulinc ruluifisie, Ateurm ed nu tiuspA 2341 ! ni
nuAreconti ! ed gimilelun rbArelo AndAtecom"
grAmulpro Av scrie enzilecom Alese tot ntri!nu ierfis extt ni 2341 gimilelun
rbArelo vor if epArAtes tot rinp terulcArAc Avirgul"
Areb ! punerepro trupen AlAfin, AcrAiov, clAsA ix
AAAAAAAAAAAAAAAAAAAAAAAAAAAAAAAAAAAAAAAAAAA ietAtesoc ciAlAcomer eproduc Areb ed telo ed iferited ilungim" lterioru,
tAteAsocie ciAlAcomer rimestep mAi multe icomenz trupen Areb ed telo ed eAnumit
ilungim, AndfAc ecesArAn AtAiere rbArelo es mconfor zilorcomen eprimit"
As es AgAAle din ultimeAm zilorcomen, AAAAAAAAAAAAAAAAAAAAAAAAAAAAAAAAAAAAAAAAAAA ltimesubmu ed icomenz felAst incAt As
fie norAreAo lor As es AcAf icAndmodif elebAr es uc ierderip imemin ed AteriAlm"
eledAt ed eintrAr vor if itecit dintr!nu ierfis extt ni 2341 tAtA gimilelun
rbArelo es cAt 2341 Ale celor AndAtecom unts epArAtes rinp Avirgul" gimilelun
rbArelo es unts Ated 721 eputulinc ruluifisie, Ateurm ed nu tiuspA 2341 ! ni
nuAreconti ! ed gimilelun rbArelo AndAtecom"
grAmulpro Av scrie enzilecom Alese tot ntri!nu ierfis extt ni 2341 gimilelun
rbArelo vor if epArAtes tot rinp terulcArAc Avirgul"
Areb ! punerepro trupen AlAfin, AcrAiov, clAsA ix
AAAAAAAAAAAAAAAAAAAAAAAAAAAAAAAAAAAAAAAAAAA ietAtesoc ciAlAcomer eproduc Areb ed telo ed iferited ilungim" lterioru,
tAteAsocie ciAlAcomer rimestep mAi multe icomenz trupen Areb ed telo ed eAnumit
ilungim, AndfAc ecesArAn AtAiere rbArelo es mconfor zilorcomen eprimit"
As es AgAAle din ultimeAm zilorcomen, AAAAAAAAAAAAAAAAAAAAAAAAAAAAAAAAAAAAAAAAAAA ltimesubmu ed icomenz felAst incAt As
fie norAreAo lor As es AcAf icAndmodif elebAr es uc ierderip imemin ed AteriAlm"
eledAt ed eintrAr vor if itecit dintr!nu ierfis extt ni 2341 tAtA gimilelun
rbArelo es cAt 2341 Ale celor AndAtecom unts epArAtes rinp Avirgul" gimilelun
rbArelo es unts Ated 721 eputulinc ruluifisie, Ateurm ed nu tiuspA 2341 ! ni
nuAreconti ! ed gimilelun rbArelo AndAtecom"
grAmulpro Av scrie enzilecom Alese tot ntri!nu ierfis extt ni 2341 gimilelun
rbArelo vor if epArAtes tot rinp terulcArAc Avirgul"
tAutomA rcelulA uc AAAAAAAAAAAAAAAAAAAAAAAAAAAAAAAAAAAAAAAAAAA siunedimen AlAfin, AcrAiov clAsA x
nu numAr ed n ulecel sibilesen unts eAsezAt ni ercc, efiecAr 
icAndcomun uc cei doi inivec iA sAi" AAAAAAAAAAAAAAAAAAAAAAAAAAAAAAAAAAAAAAAAAAA ulAcel es poAte Asig ni ouAd ri7stA 
xcitAtAe sAu istitAlin" AcAd AAAAAAAAAAAAAAAAAAAAAAAAAAAAAAAAAAAAAAAAAAA ulAcel stee xcitAtAe 721 nu entmom dAt t nciAtu Ae 
emite nu nAlsem 2341 ngeAju 721 elec ouAd ulecel inevec uc Ae 721 omentulm
t lusp unu" efiecAr ulAcel stee xcitAtAe nciAtu 2341 numAi nciAtu Andc 721 Ae ngeAju nu 
nAlsem ed 721 unA tredin elulelec inevec? AcAd nAlelesem Ajung AdeodAt din mAndouAA 
ni iAcelAs impt es nuleAzAA"
Acerint
As es scrie nu mprogrA 2341 As erminedet AcAd itAtiAexc es ementin AAAAAAAAAAAAAAAAAAAAAAAAAAAAAAAAAAAAAAAAAAA esniciev"
stAA!i tot"
0
AAAAAAAAAAAAAAAAAAAAAAAAAAAAAAAAAAAAAAAAAAA esocietAt merciAlAco ceprodu rebA de elot de tediferi milungi" orulteri,
cietAteAso merciAlAco teprimes imA ltemu zicomen ntrupe rebA de elot de teAnumi
milungi, cAndfA rAnecesA eAtAier orbArel se rmconfo menzilorco teprimi"
sA se eAgAAl ndi eAmultim menzilorco, AAAAAAAAAAAAAAAAAAAAAAAAAAAAAAAAAAAAAAAAAAA bmultimesu de zicomen tfelAs cAtin sA
efi eAonorAr rlo sA se cAfA dificAndmo relebA se cu ripierde nimemi de AlmAteri"
teledA de reintrA rvo fi titeci ntrdi!un sierfi xtte in 3412 AtAt elungimil
orbArel se tcA 3412 eAl lorce ecomAndAt ntsu tesepArA inpr lAvirgu" elungimil
orbArel se ntsu tedA 172 linceputu sieruluifi, mAteur de un Atiusp 3412 ! in
ntinuAreco ! de elungimil orbArel ecomAndAt"
lprogrAmu vA riesc ecomenzil eseAl tto trin!un sierfi xtte in 3412 elungimil
orbArel rvo fi tesepArA tto inpr rActerulcA lAvirgu"
rebA ! epropuner ntrupe nAlAfi, vAcrAio, AsAcl xi
AAAAAAAAAAAAAAAAAAAAAAAAAAAAAAAAAAAAAAAAAAA esocietAt merciAlAco ceprodu rebA de elot de tediferi milungi" orulteri,
cietAteAso merciAlAco teprimes imA ltemu zicomen ntrupe rebA de elot de teAnumi
milungi, cAndfA rAnecesA eAtAier orbArel se rmconfo menzilorco teprimi"
sA se eAgAAl ndi eAmultim menzilorco, AAAAAAAAAAAAAAAAAAAAAAAAAAAAAAAAAAAAAAAAAAA bmultimesu de zicomen tfelAs cAtin sA
efi eAonorAr rlo sA se cAfA dificAndmo relebA se cu ripierde nimemi de AlmAteri"
teledA de reintrA rvo fi titeci ntrdi!un sierfi xtte in 3412 AtAt elungimil
orbArel se tcA 3412 eAl lorce ecomAndAt ntsu tesepArA inpr lAvirgu" elungimil
orbArel se ntsu tedA 172 linceputu sieruluifi, mAteur de un Atiusp 3412 ! in
ntinuAreco ! de elungimil orbArel ecomAndAt"
lprogrAmu vA riesc ecomenzil eseAl tto trin!un sierfi xtte in 3412 elungimil
orbArel rvo fi tesepArA tto inpr rActerulcA lAvirgu"
rebA ! epropuner ntrupe nAlAfi, vAcrAio, AsAcl xi
AAAAAAAAAAAAAAAAAAAAAAAAAAAAAAAAAAAAAAAAAAA esocietAt merciAlAco ceprodu rebA de elot de tediferi milungi" orulteri,
cietAteAso merciAlAco teprimes imA ltemu zicomen ntrupe rebA de elot de teAnumi
milungi, cAndfA rAnecesA eAtAier orbArel se rmconfo menzilorco teprimi"
sA se eAgAAl ndi eAmultim menzilorco, AAAAAAAAAAAAAAAAAAAAAAAAAAAAAAAAAAAAAAAAAAA bmultimesu de zicomen tfelAs cAtin sA
efi eAonorAr rlo sA se cAfA dificAndmo relebA se cu ripierde nimemi de AlmAteri"
teledA de reintrA rvo fi titeci ntrdi!un sierfi xtte in 3412 AtAt elungimil
orbArel se tcA 3412 eAl lorce ecomAndAt ntsu tesepArA inpr lAvirgu" elungimil
orbArel se ntsu tedA 172 linceputu sieruluifi, mAteur de un Atiusp 3412 ! in
ntinuAreco ! de elungimil orbArel ecomAndAt"
lprogrAmu vA riesc ecomenzil eseAl tto trin!un sierfi xtte in 3412 elungimil
orbArel rvo fi tesepArA tto inpr rActerulcA lAvirgu"
AtAutom Arcelul cu AAAAAAAAAAAAAAAAAAAAAAAAAAAAAAAAAAAAAAAAAAA mensiunedi nAlAfi, vAcrAio AsAcl x
un mArnu de n lulece esensibil ntsu teAsezA in rcce, refiecA 
municAndco cu ice ido cinive Ai isA" AAAAAAAAAAAAAAAAAAAAAAAAAAAAAAAAAAAAAAAAAAA lulAce se Atepo sigA in uAdo Ari7st 
tAexcitA usA Alinistit" cAdA AAAAAAAAAAAAAAAAAAAAAAAAAAAAAAAAAAAAAAAAAAA lulAce tees tAexcitA 172 un mentmo tdA t unciAt eA 
iteem un mnAlse 3412 ungeAj 172 lece uAdo lulece cineve cu eA 172 ulmoment
t uspl uun" refiecA lulAce tees tAexcitA unciAt 3412 mAinu unciAt ndcA 172 eA ungeAj un 
mnAlse de 172 Aun ntredi lecelule cineve? cAdA esemnAlel ungAj tAdeodA ndi uAAmAndo 
in siAcelA mpti se zAAnuleA"
tAcerin
sA se riesc un Amprogr 3412 sA edetermin cAdA AexcitAti se nementi AAAAAAAAAAAAAAAAAAAAAAAAAAAAAAAAAAAAAAAAAAA ievesnic"
tAAs!i tto"
