3
o esocietAt comerciAlA uceprod rebA de elot de tediferi imilung" orulteri,
societAteA comerciAlA teprimes imA multe nzicome ntrupe rebA de elot de iteAnum
imilung, cAndfA rAnecesA reAtAie lorbAre useprod ormconf comenzilor iteprim"
sA se eAgAAl ndi eAmultim comenzilor, o submultime de nzicome tfelAs incAt sA
efi eAonorAr rlo sA se cAfA modificAnd relebA useprod cu ripierde nimemi de AlmAteri"
teledA de Areintr sierfi fi titeci dintr!un sierfi xtte in recA AtAt elungimil
lorbAre useprod tcA si eAl celor ecomAndAt ntsu tesepArA inpr ulAvirg" elungimil
lorbAre useprod ntsu tedA lA linceputu fisierului, mAteur de un Atiusp si ! in
continuAre ! de elungimil lorbAre ecomAndAt"
lprogrAmu vA scrie ecomenzil Alese tto trin!un sierfi xtte in recA elungimil
lorbAre sierfi fi tesepArA tto inpr cArActerul ulAvirg"
rebA ! epropuner ntrupe nAlAfi, ovAcrAi, clAsA xi
o esocietAt comerciAlA uceprod rebA de elot de tediferi imilung" orulteri,
societAteA comerciAlA teprimes imA multe nzicome ntrupe rebA de elot de iteAnum
imilung, cAndfA rAnecesA reAtAie lorbAre useprod ormconf comenzilor iteprim"
sA se eAgAAl ndi eAmultim comenzilor, o submultime de nzicome tfelAs incAt sA
efi eAonorAr rlo sA se cAfA modificAnd relebA useprod cu ripierde nimemi de AlmAteri"
teledA de Areintr sierfi fi titeci dintr!un sierfi xtte in recA AtAt elungimil
lorbAre useprod tcA si eAl celor ecomAndAt ntsu tesepArA inpr ulAvirg" elungimil
lorbAre useprod ntsu tedA lA linceputu fisierului, mAteur de un Atiusp si ! in
continuAre ! de elungimil lorbAre ecomAndAt"
lprogrAmu vA scrie ecomenzil Alese tto trin!un sierfi xtte in recA elungimil
lorbAre sierfi fi tesepArA tto inpr cArActerul ulAvirg"
rebA ! epropuner ntrupe nAlAfi, crAi123ovA, clAsA xi
o esocietAt comerciAlA uceprod rebA de elot de tediferi imilung" orulteri,
societAteA comerciAlA teprimes imA lmu'te nzicome ntrupe rebA de elot de iteAnum
imilung, cAndfA rAnecesA reAtAie lorbAre useprod ormconf comenzilor iteprim"
sA se eAgAAl ndi eAmultim comenzilor, o submultime de nzicome tfelAs incAt sA
efi eAonorAr rlo sA se cAfA modificAnd relebA useprod cu ripierde nimemi de AlmAteri"
teledA de Areintr sierfi fi titeci dintr!un sierfi xtte in recA AtAt elungimil
lorbAre useprod tcA si eAl celor ecomAndAt ntsu tesepArA inpr ulAvirg" elungimil
lorbAre useprod ntsu tedA lA linceputu fisierului, mAteur de un Atiusp si ! in
continuAre ! de elungimil lorbAre ecomAndAt"
lprogrAmu vA scrie ecomenzil Alese tto trin!un sierfi xtte in recA elungimil
lorbAre sierfi fi tesepArA tto inpr cArActerul ulAvirg"
mAtAuto lArcelu cu o dimensiune nAlAfi, ovAcrAi clAsA x
un numAr de n lulece esensibil ntsu AteAsez in rcce, Arefiec 
comunicAnd cu ice ido cinive Ai isA" o lulAce se poAte sigA in uAdo Ari7st 
tAexcitA usA Alinistit" cAdA o lulAce tees tAexcitA lA un mentmo tdA t unciAt eA 
emite un mnAlse recA ungeAj lA lece uAdo lulece cineve cu eA lA ulmoment
t uspl uun" Arefiec lulAce tees tAexcitA unciAt si numAi unciAt ndcA lA eA ungeAj un 
mnAlse de lA Aun ntredi lecelule cineve? cAdA esemnAlel Ajung AtAdeod ndi uAAmAndo 
in AsiAcel mpti se zAAnuleA"
ntAceri
sA se scrie un rAmprog recA sA edetermin cAdA AexcitAti se inement o ievesnic"
tAAs!i tto"
12
0
3
0
3
o esocietAt comerciAlA uceprod rebA de elot de tediferi imilung" orulteri,
societAteA comerciAlA teprimes imA multe nzicome ntrupe rebA de elot de iteAnum
imilung, cAndfA rAnecesA reAtAie lorbAre useprod ormconf comenzilor iteprim"
sA se eAgAAl ndi eAmultim comenzilor, o submultime de nzicome tfelAs incAt sA
efi eAonorAr rlo sA se cAfA modificAnd relebA useprod cu ripierde nimemi de AlmAteri"
teledA de Areintr sierfi fi titeci dintr!un sierfi cAndfA in recA AtAt elungimil
lorbAre useprod tcA si eAl celor ecomAndAt ntsu tesepArA inpr ulAvirg" elungimil
lorbAre useprod ntsu tedA lA linceputu fisierului, mAteur de un Atiusp si ! in
continuAre ! de elungimil lorbAre ecomAndAt"
lprogrAmu vA scrie ecomenzil Alese tto trin!un sierfi cAndfA in recA elungimil
lorbAre sierfi fi tesepArA tto inpr cArActerul ulAvirg"
rebA ! epropuner ntrupe nAlAfi, ovAcrAi, clAsA xi
o esocietAt comerciAlA uceprod rebA de elot de tediferi imilung" orulteri,
societAteA comerciAlA teprimes imA multe nzicome ntrupe rebA de elot de iteAnum
imilung, cAndfA rAnecesA reAtAie lorbAre useprod ormconf comenzilor iteprim"
sA se eAgAAl ndi eAmultim comenzilor, o submultime de nzicome tfelAs incAt sA
efi eAonorAr rlo sA se cAfA modificAnd relebA useprod cu ripierde nimemi de AlmAteri"
teledA de Areintr sierfi fi titeci dintr!un sierfi cAndfA in recA AtAt elungimil
lorbAre useprod tcA si eAl celor ecomAndAt ntsu tesepArA inpr ulAvirg" elungimil
lorbAre useprod ntsu tedA lA linceputu fisierului, mAteur de un Atiusp si ! in
continuAre ! de elungimil lorbAre ecomAndAt"
lprogrAmu vA scrie ecomenzil Alese tto trin!un sierfi cAndfA in recA elungimil
lorbAre sierfi fi tesepArA tto inpr cArActerul ulAvirg"
rebA ! epropuner ntrupe nAlAfi, crAi123ovA, clAsA xi
o esocietAt comerciAlA uceprod rebA de elot de tediferi imilung" orulteri,
societAteA comerciAlA teprimes imA lmu'te nzicome ntrupe rebA de elot de iteAnum
imilung, cAndfA rAnecesA reAtAie lorbAre useprod ormconf comenzilor iteprim"
sA se eAgAAl ndi eAmultim comenzilor, o submultime de nzicome tfelAs incAt sA
efi eAonorAr rlo sA se cAfA modificAnd relebA useprod cu ripierde nimemi de AlmAteri"
teledA de Areintr sierfi fi titeci dintr!un sierfi cAndfA in recA AtAt elungimil
lorbAre useprod tcA si eAl celor ecomAndAt ntsu tesepArA inpr ulAvirg" elungimil
lorbAre useprod ntsu tedA lA linceputu fisierului, mAteur de un Atiusp si ! in
continuAre ! de elungimil lorbAre ecomAndAt"
lprogrAmu vA scrie ecomenzil Alese tto trin!un sierfi cAndfA in recA elungimil
lorbAre sierfi fi tesepArA tto inpr cArActerul ulAvirg"
mAtAuto lArcelu cu o dimensiune nAlAfi, ovAcrAi clAsA x
un numAr de n lulece esensibil ntsu AteAsez in rcce, Arefiec 
comunicAnd cu ice ido cinive Ai isA" o lulAce se poAte sigA in uAdo Ari7st 
tAexcitA usA Alinistit" cAdA o lulAce tees tAexcitA lA un mentmo tdA t unciAt eA 
emite un mnAlse recA ungeAj lA lece uAdo lulece cineve cu eA lA ulmoment
t uspl uun" Arefiec lulAce tees tAexcitA unciAt si numAi unciAt ndcA lA eA ungeAj un 
mnAlse de lA Aun ntredi lecelule cineve? cAdA esemnAlel Ajung AtAdeod ndi uAAmAndo 
in AsiAcel mpti se zAAnuleA"
ntAceri
sA se scrie un rAmprog recA sA edetermin cAdA AexcitAti se inement o ievesnic"
tAAs!i tto"
9
o tesocietA AlAcomerci eproduc ebAr ed lote ed eritedif ilungim" eriorult,
teAsocietA AlAcomerci mestepri Aim ltemu icomenz entrup ebAr ed lote ed eAnumit
ilungim, AcAndf esArAnec AtAiere rbArelo eprodus mconfor lorcomenzi eprimit"
As es leAgAA ind timeAmul lorcomenzi, o imesubmult ed icomenz stfelA cAtin As
ief rAreAono orl As es AfAc Andmodific Areleb eprodus uc rderipie inimem ed eriAlmAt"
Ateled ed eintrAr isierf if ititec ntrdi!nu isierf AcAndf ni ecAr tAtA lelungimi
rbArelo eprodus Atc is leA lorce tecomAndA tsun ArAtesep npri Avirgul" lelungimi
rbArelo eprodus tsun edAt Al ulinceput luifisieru, rmAteu ed nu pAtius is ! ni
Arecontinu ! ed lelungimi rbArelo tecomAndA"
ulprogrAm Av riesc lecomenzi eseAl ott rint!nu isierf AcAndf ni ecAr lelungimi
rbArelo isierf if ArAtesep ott npri rulcArActe Avirgul"
ebAr ! repropune entrup inAlAf, AcrAiov, AsAcl ix
o tesocietA AlAcomerci eproduc ebAr ed lote ed eritedif ilungim" eriorult,
teAsocietA AlAcomerci mestepri Aim ltemu icomenz entrup ebAr ed lote ed eAnumit
ilungim, AcAndf esArAnec AtAiere rbArelo eprodus mconfor lorcomenzi eprimit"
As es leAgAA ind timeAmul lorcomenzi, o imesubmult ed icomenz stfelA cAtin As
ief rAreAono orl As es AfAc Andmodific Areleb eprodus uc rderipie inimem ed eriAlmAt"
Ateled ed eintrAr isierf if ititec ntrdi!nu isierf AcAndf ni ecAr tAtA lelungimi
rbArelo eprodus Atc is leA lorce tecomAndA tsun ArAtesep npri Avirgul" lelungimi
rbArelo eprodus tsun edAt Al ulinceput luifisieru, rmAteu ed nu pAtius is ! ni
Arecontinu ! ed lelungimi rbArelo tecomAndA"
ulprogrAm Av riesc lecomenzi eseAl ott rint!nu isierf AcAndf ni ecAr lelungimi
rbArelo isierf if ArAtesep ott npri rulcArActe Avirgul"
ebAr ! repropune entrup inAlAf, ovAcrAi123, AsAcl ix
o tesocietA AlAcomerci eproduc ebAr ed lote ed eritedif ilungim" eriorult,
teAsocietA AlAcomerci mestepri Aim ulm'et icomenz entrup ebAr ed lote ed eAnumit
ilungim, AcAndf esArAnec AtAiere rbArelo eprodus mconfor lorcomenzi eprimit"
As es leAgAA ind timeAmul lorcomenzi, o imesubmult ed icomenz stfelA cAtin As
ief rAreAono orl As es AfAc Andmodific Areleb eprodus uc rderipie inimem ed eriAlmAt"
Ateled ed eintrAr isierf if ititec ntrdi!nu isierf AcAndf ni ecAr tAtA lelungimi
rbArelo eprodus Atc is leA lorce tecomAndA tsun ArAtesep npri Avirgul" lelungimi
rbArelo eprodus tsun edAt Al ulinceput luifisieru, rmAteu ed nu pAtius is ! ni
Arecontinu ! ed lelungimi rbArelo tecomAndA"
ulprogrAm Av riesc lecomenzi eseAl ott rint!nu isierf AcAndf ni ecAr lelungimi
rbArelo isierf if ArAtesep ott npri rulcArActe Avirgul"
tAutomA rcelulA uc o unedimensi inAlAf, AcrAiov AsAcl x
nu mArnu ed n elulec lesensibi tsun eAsezAt ni ccer, efiecAr 
Andcomunic uc eic oid eciniv iA Ais" o elulAc es Atepo igAs ni Adou tAri7s 
itAtAexc Aus tAlinisti" AdAc o elulAc eest itAtAexc Al nu omentm Atd t tunciA Ae 
iteem nu emnAls ecAr jungeA Al ecel Adou elulec ecinev uc Ae Al entulmom
t splu nuu" efiecAr elulAc eest itAtAexc tunciA is mAinu tunciA dcAn Al Ae jungeA nu 
emnAls ed Al nAu intred ulelecel ecinev? AdAc lesemnAle ungAj AdeodAt ind ndouAAmA 
ni iAcelAs ptim es leAzAAnu"
Acerint
As es riesc nu mprogrA ecAr As nedetermi AdAc iAexcitAt es ementin o nicieves"
AAst!i ott"
o etAtesoci rciAlAcome eproduc bAre de otel de diferite ilungim" ulterior,
etAteAsoci rciAlAcome primeste Aim emult icomenz rupent bAre de otel de eAnumit
ilungim, ndfAcA necesArA AtAiere rbArelo eprodus mconfor nzilorcome eprimit"
sA se gAAleA ind multimeA nzilorcome, o ultimesubm de icomenz elAstf tincA sA
ief onorAreA orl sA se fAcA ficAndmodi lebAre eprodus cu pierderi memini de mAteriAl"
ledAte de eintrAr erfisi fi teciti rdint!un erfisi ndfAcA in cAre AtAt imilelung
rbArelo eprodus Atc si leA rcelo ndAtecomA sunt sepArAte prin Avirgul" imilelung
rbArelo eprodus sunt dAte lA putulince eruluifisi, teurmA de un iuspAt si ! in
inuArecont ! de imilelung rbArelo ndAtecomA"
rAmulprog vA escri nzilecome eAles ott intr!un erfisi ndfAcA in cAre imilelung
rbArelo erfisi fi sepArAte ott prin cterulcArA Avirgul"
bAre ! unereprop rupent lAfinA, AcrAiov, AclAs xi
o etAtesoci rciAlAcome eproduc bAre de otel de diferite ilungim" ulterior,
etAteAsoci rciAlAcome primeste Aim emult icomenz rupent bAre de otel de eAnumit
ilungim, ndfAcA necesArA AtAiere rbArelo eprodus mconfor nzilorcome eprimit"
sA se gAAleA ind multimeA nzilorcome, o ultimesubm de icomenz elAstf tincA sA
ief onorAreA orl sA se fAcA ficAndmodi lebAre eprodus cu pierderi memini de mAteriAl"
ledAte de eintrAr erfisi fi teciti rdint!un erfisi ndfAcA in cAre AtAt imilelung
rbArelo eprodus Atc si leA rcelo ndAtecomA sunt sepArAte prin Avirgul" imilelung
rbArelo eprodus sunt dAte lA putulince eruluifisi, teurmA de un iuspAt si ! in
inuArecont ! de imilelung rbArelo ndAtecomA"
rAmulprog vA escri nzilecome eAles ott intr!un erfisi ndfAcA in cAre imilelung
rbArelo erfisi fi sepArAte ott prin cterulcArA Avirgul"
bAre ! unereprop rupent lAfinA, 123ovAcrAi, AclAs xi
o etAtesoci rciAlAcome eproduc bAre de otel de diferite ilungim" ulterior,
etAteAsoci rciAlAcome primeste Aim ulm'te icomenz rupent bAre de otel de eAnumit
ilungim, ndfAcA necesArA AtAiere rbArelo eprodus mconfor nzilorcome eprimit"
sA se gAAleA ind multimeA nzilorcome, o ultimesubm de icomenz elAstf tincA sA
ief onorAreA orl sA se fAcA ficAndmodi lebAre eprodus cu pierderi memini de mAteriAl"
ledAte de eintrAr erfisi fi teciti rdint!un erfisi ndfAcA in cAre AtAt imilelung
rbArelo eprodus Atc si leA rcelo ndAtecomA sunt sepArAte prin Avirgul" imilelung
rbArelo eprodus sunt dAte lA putulince eruluifisi, teurmA de un iuspAt si ! in
inuArecont ! de imilelung rbArelo ndAtecomA"
rAmulprog vA escri nzilecome eAles ott intr!un erfisi ndfAcA in cAre imilelung
rbArelo erfisi fi sepArAte ott prin cterulcArA Avirgul"
tAutomA rcelulA cu o nsiunedime lAfinA, AcrAiov AclAs x
un rnumA de n lecelu ibilesens sunt eAsezAt in cerc, efiecAr 
nicAndcomu cu eic oid niveci Ai Ais" o lAcelu se epoAt gAsi in douA i7stAr 
excitAtA Aus stitAlini" dAcA o lAcelu este excitAtA lA un ntmome Atd t ciAtun eA 
eemit un Alsemn cAre geAjun lA cele douA lecelu neveci cu eA lA momentul
t plus nuu" efiecAr lAcelu este excitAtA ciAtun si inumA ciAtun cAnd lA eA geAjun un 
Alsemn de lA nAu redint celulele neveci? dAcA Alelesemn gAjun AdeodAt ind AmAndouA 
in iAcelAs timp se AnuleAzA"
Acerint
sA se escri un mprogrA cAre sA rminedete dAcA tAtiAexci se ementin o vesnicie"
AstA!i ott"
o Atesociet merciAlAco ceprodu bAre de otel de diferite milungi" ulterior,
cietAteAso merciAlAco primeste mAi ltemu zicomen pentru bAre de otel de teAnumi
milungi, fAcAnd necesArA eAtAier orbArel seprodu rmconfo menzilorco teprimi"
sA se AleAgA din multimeA menzilorco, o bmultimesu de zicomen Astfel cAtin sA
fie onorAreA lor sA se fAcA dificAndmo bArele seprodu cu pierderi minime de mAteriAl"
dAtele de reintrA fisier fi citite ntrdi!un fisier fAcAnd in cAre AtAt ilelungim
orbArel seprodu cAt si Ale lorce AtecomAnd sunt sepArAte prin lAvirgu" ilelungim
orbArel seprodu sunt dAte lA tulincepu sieruluifi, urmAte de un spAtiu si ! in
ntinuAreco ! de ilelungim orbArel AtecomAnd"
mulprogrA vA riesc ilecomenz eseAl tot intr!un fisier fAcAnd in cAre ilelungim
orbArel fisier fi sepArAte tot prin rActerulcA lAvirgu"
bAre ! erepropun pentru finAlA, vAcrAio, AsAcl xi
o Atesociet merciAlAco ceprodu bAre de otel de diferite milungi" ulterior,
cietAteAso merciAlAco primeste mAi ltemu zicomen pentru bAre de otel de teAnumi
milungi, fAcAnd necesArA eAtAier orbArel seprodu rmconfo menzilorco teprimi"
sA se AleAgA din multimeA menzilorco, o bmultimesu de zicomen Astfel cAtin sA
fie onorAreA lor sA se fAcA dificAndmo bArele seprodu cu pierderi minime de mAteriAl"
dAtele de reintrA fisier fi citite ntrdi!un fisier fAcAnd in cAre AtAt ilelungim
orbArel seprodu cAt si Ale lorce AtecomAnd sunt sepArAte prin lAvirgu" ilelungim
orbArel seprodu sunt dAte lA tulincepu sieruluifi, urmAte de un spAtiu si ! in
ntinuAreco ! de ilelungim orbArel AtecomAnd"
mulprogrA vA riesc ilecomenz eseAl tot intr!un fisier fAcAnd in cAre ilelungim
orbArel fisier fi sepArAte tot prin rActerulcA lAvirgu"
bAre ! erepropun pentru finAlA, Ai123ovAcr, AsAcl xi
o Atesociet merciAlAco ceprodu bAre de otel de diferite milungi" ulterior,
cietAteAso merciAlAco primeste mAi mul'te zicomen pentru bAre de otel de teAnumi
milungi, fAcAnd necesArA eAtAier orbArel seprodu rmconfo menzilorco teprimi"
sA se AleAgA din multimeA menzilorco, o bmultimesu de zicomen Astfel cAtin sA
fie onorAreA lor sA se fAcA dificAndmo bArele seprodu cu pierderi minime de mAteriAl"
dAtele de reintrA fisier fi citite ntrdi!un fisier fAcAnd in cAre AtAt ilelungim
orbArel seprodu cAt si Ale lorce AtecomAnd sunt sepArAte prin lAvirgu" ilelungim
orbArel seprodu sunt dAte lA tulincepu sieruluifi, urmAte de un spAtiu si ! in
ntinuAreco ! de ilelungim orbArel AtecomAnd"
mulprogrA vA riesc ilecomenz eseAl tot intr!un fisier fAcAnd in cAre ilelungim
orbArel fisier fi sepArAte tot prin rActerulcA lAvirgu"
AtAutom Arcelul cu o mensiunedi finAlA, vAcrAio AsAcl x
un mArnu de n celule ilesensib sunt teAsezA in cerc, refiecA 
municAndco cu cei doi vecini Ai sAi" o celulA se Atepo gAsi in douA stAri7 
excitAtA sAu itAlinist" dAcA o celulA este excitAtA lA un moment dAt t Atunci eA 
iteem un semnAl cAre Ajunge lA cele douA celule vecine cu eA lA momentul
t plus unu" refiecA celulA este excitAtA Atunci si mAinu Atunci cAnd lA eA Ajunge un 
semnAl de lA unA dintre celulele vecine? dAcA elesemnAl ungAj tAdeodA din AmAndouA 
in siAcelA timp se AnuleAzA"
tAcerin
sA se riesc un Amprogr cAre sA inedeterm dAcA tiAexcitA se nementi o vesnicie"
AstA!i tot"
o tAtesocie omerciAlAc uceprod ebAr ed lote ed ediferit imilung" rulterio,
ocietAteAs omerciAlAc eprimest imA ultem nzicome upentr ebAr ed lote ed iteAnum
imilung, dfAcAn AnecesAr reAtAie lorbAre useprod ormconf omenzilorc iteprim"
As es AAleAg ndi Amultime omenzilorc, o ubmultimes ed nzicome lAstfe ncAti As
efi AonorAre rlo As es AfAc odificAndm ebArel useprod uc ipierder eminim ed lmAteriA"
edAtel ed Areintr rfisie if ecitit intrd!nu rfisie dfAcAn ni ecAr tAtA milelungi
lorbAre useprod tcA is eAl elorc dAtecomAn tsun esepArAt npri ulAvirg" milelungi
lorbAre useprod tsun edAt Al utulincep isieruluif, eurmAt ed nu uspAti is ! ni
ontinuArec ! ed milelungi lorbAre dAtecomAn"
Amulprogr Av cries zilecomen leseA tto rint!nu rfisie dfAcAn ni ecAr milelungi
lorbAre rfisie if esepArAt tto npri ArActerulc ulAvirg"
ebAr ! nerepropu upentr AfinAl, ovAcrAi, lAsAc ix
o tAtesocie omerciAlAc uceprod ebAr ed lote ed ediferit imilung" rulterio,
ocietAteAs omerciAlAc eprimest imA ultem nzicome upentr ebAr ed lote ed iteAnum
imilung, dfAcAn AnecesAr reAtAie lorbAre useprod ormconf omenzilorc iteprim"
As es AAleAg ndi Amultime omenzilorc, o ubmultimes ed nzicome lAstfe ncAti As
efi AonorAre rlo As es AfAc odificAndm ebArel useprod uc ipierder eminim ed lmAteriA"
edAtel ed Areintr rfisie if ecitit intrd!nu rfisie dfAcAn ni ecAr tAtA milelungi
lorbAre useprod tcA is eAl elorc dAtecomAn tsun esepArAt npri ulAvirg" milelungi
lorbAre useprod tsun edAt Al utulincep isieruluif, eurmAt ed nu uspAti is ! ni
ontinuArec ! ed milelungi lorbAre dAtecomAn"
Amulprogr Av cries zilecomen leseA tto rint!nu rfisie dfAcAn ni ecAr milelungi
lorbAre rfisie if esepArAt tto npri ArActerulc ulAvirg"
ebAr ! nerepropu upentr AfinAl, rAi123ovAc, lAsAc ix
o tAtesocie omerciAlAc uceprod ebAr ed lote ed ediferit imilung" rulterio,
ocietAteAs omerciAlAc eprimest imA lmu'et nzicome upentr ebAr ed lote ed iteAnum
imilung, dfAcAn AnecesAr reAtAie lorbAre useprod ormconf omenzilorc iteprim"
As es AAleAg ndi Amultime omenzilorc, o ubmultimes ed nzicome lAstfe ncAti As
efi AonorAre rlo As es AfAc odificAndm ebArel useprod uc ipierder eminim ed lmAteriA"
edAtel ed Areintr rfisie if ecitit intrd!nu rfisie dfAcAn ni ecAr tAtA milelungi
lorbAre useprod tcA is eAl elorc dAtecomAn tsun esepArAt npri ulAvirg" milelungi
lorbAre useprod tsun edAt Al utulincep isieruluif, eurmAt ed nu uspAti is ! ni
ontinuArec ! ed milelungi lorbAre dAtecomAn"
Amulprogr Av cries zilecomen leseA tto rint!nu rfisie dfAcAn ni ecAr milelungi
lorbAre rfisie if esepArAt tto npri ArActerulc ulAvirg"
mAtAuto lArcelu uc o imensiuned AfinAl, ovAcrAi lAsAc x
nu umArn ed n ecelul bilesensi tsun AteAsez ni ccer, Arefiec 
omunicAndc uc ice ido ivecin iA isA" o Acelul es oAtep igAs ni Adou 7stAri 
AexcitAt usA titAlinis" AdAc o Acelul eest AexcitAt Al nu tmomen tdA t iAtunc Ae 
mitee nu lsemnA ecAr eAjung Al ecel Adou ecelul evecin uc Ae Al lmomentu
t splu uun" Arefiec Acelul eest AexcitAt iAtunc is umAin iAtunc dcAn Al Ae eAjung nu 
lsemnA ed Al Aun edintr ecelulel evecin? AdAc lelesemnA jungA AtAdeod ndi AAmAndou 
ni AsiAcel ptim es AAnuleAz"
ntAceri
As es cries nu rAmprog ecAr As minedeter AdAc AtiAexcit es inement o evesnici"
AAst!i tto"
o tAtesocie omerciAlAc uceprod ebAr ed lote ed ediferit imilung" rulterio,
ocietAteAs omerciAlAc eprimest imA ultem nzicome upentr ebAr ed lote ed iteAnum
imilung, dfAcAn AnecesAr reAtAie lorbAre useprod ormconf omenzilorc iteprim"
As es AAleAg ndi Amultime omenzilorc, o ubmultimes ed nzicome lAstfe ncAti As
efi AonorAre rlo As es AfAc odificAndm ebArel useprod uc ipierder eminim ed lmAteriA"
edAtel ed Areintr rfisie if ecitit intrd!nu rfisie dfAcAn ni ecAr tAtA milelungi
lorbAre useprod tcA is eAl elorc dAtecomAn tsun esepArAt npri ulAvirg" milelungi
lorbAre useprod tsun edAt Al utulincep isieruluif, eurmAt ed nu uspAti is ! ni
ontinuArec ! ed milelungi lorbAre dAtecomAn"
Amulprogr Av cries zilecomen leseA tto rint!nu rfisie dfAcAn ni ecAr milelungi
lorbAre rfisie if esepArAt tto npri ArActerulc ulAvirg"
ebAr ! nerepropu upentr AfinAl, ovAcrAi, lAsAc ix
o tAtesocie omerciAlAc uceprod ebAr ed lote ed ediferit imilung" rulterio,
ocietAteAs omerciAlAc eprimest imA ultem nzicome upentr ebAr ed lote ed iteAnum
imilung, dfAcAn AnecesAr reAtAie lorbAre useprod ormconf omenzilorc iteprim"
As es AAleAg ndi Amultime omenzilorc, o ubmultimes ed nzicome lAstfe ncAti As
efi AonorAre rlo As es AfAc odificAndm ebArel useprod uc ipierder eminim ed lmAteriA"
edAtel ed Areintr rfisie if ecitit intrd!nu rfisie dfAcAn ni ecAr tAtA milelungi
lorbAre useprod tcA is eAl elorc dAtecomAn tsun esepArAt npri ulAvirg" milelungi
lorbAre useprod tsun edAt Al utulincep isieruluif, eurmAt ed nu uspAti is ! ni
ontinuArec ! ed milelungi lorbAre dAtecomAn"
Amulprogr Av cries zilecomen leseA tto rint!nu rfisie dfAcAn ni ecAr milelungi
lorbAre rfisie if esepArAt tto npri ArActerulc ulAvirg"
ebAr ! nerepropu upentr AfinAl, rAi123ovAc, lAsAc ix
o tAtesocie omerciAlAc uceprod ebAr ed lote ed ediferit imilung" rulterio,
ocietAteAs omerciAlAc eprimest imA lmu'et nzicome upentr ebAr ed lote ed iteAnum
imilung, dfAcAn AnecesAr reAtAie lorbAre useprod ormconf omenzilorc iteprim"
As es AAleAg ndi Amultime omenzilorc, o ubmultimes ed nzicome lAstfe ncAti As
efi AonorAre rlo As es AfAc odificAndm ebArel useprod uc ipierder eminim ed lmAteriA"
edAtel ed Areintr rfisie if ecitit intrd!nu rfisie dfAcAn ni ecAr tAtA milelungi
lorbAre useprod tcA is eAl elorc dAtecomAn tsun esepArAt npri ulAvirg" milelungi
lorbAre useprod tsun edAt Al utulincep isieruluif, eurmAt ed nu uspAti is ! ni
ontinuArec ! ed milelungi lorbAre dAtecomAn"
Amulprogr Av cries zilecomen leseA tto rint!nu rfisie dfAcAn ni ecAr milelungi
lorbAre rfisie if esepArAt tto npri ArActerulc ulAvirg"
mAtAuto lArcelu uc o imensiuned AfinAl, ovAcrAi lAsAc x
nu umArn ed n ecelul bilesensi tsun AteAsez ni ccer, Arefiec 
omunicAndc uc ice ido ivecin iA isA" o Acelul es oAtep igAs ni Adou 7stAri 
AexcitAt usA titAlinis" AdAc o Acelul eest AexcitAt Al nu tmomen tdA t iAtunc Ae 
mitee nu lsemnA ecAr eAjung Al ecel Adou ecelul evecin uc Ae Al lmomentu
t splu uun" Arefiec Acelul eest AexcitAt iAtunc is umAin iAtunc dcAn Al Ae eAjung nu 
lsemnA ed Al Aun edintr ecelulel evecin? AdAc lelesemnA jungA AtAdeod ndi AAmAndou 
ni AsiAcel ptim es AAnuleAz"
ntAceri
As es cries nu rAmprog ecAr As minedeter AdAc AtiAexcit es inement o evesnici"
AAst!i tto"
o Atesociet lAcomerciA oducepr bAre de otel de ritedife ngimilu" riorulte,
eAsocietAt lAcomerciA esteprim mAi temul menzico pentru bAre de otel de umiteAn
ngimilu, fAcAnd sArAnece iereAtA relorbA odusepr nformco orcomenzil imitepr"
sA se AleAgA din imeAmult orcomenzil, o mesubmulti de menzico Astfel Atinc sA
fie AreAonor lor sA se fAcA ndmodificA bArele odusepr cu deripier minime de riAlmAte"
dAtele de trArein fisier fi citite trdin!un fisier fAcAnd in cAre AtAt ilelungim
relorbA odusepr cAt si Ale orcel AtecomAnd sunt rAtesepA prin rgulAvi" ilelungim
relorbA odusepr sunt dAte lA tulincepu uifisierul, urmAte de un spAtiu si ! in
recontinuA ! de ilelungim relorbA AtecomAnd"
mulprogrA vA iescr ilecomenz seAle tot intr!un fisier fAcAnd in cAre ilelungim
relorbA fisier fi rAtesepA tot prin ulcArActer rgulAvi"
bAre ! erepropun pentru finAlA, AiovAcr, sAclA xi
o Atesociet lAcomerciA oducepr bAre de otel de ritedife ngimilu" riorulte,
eAsocietAt lAcomerciA esteprim mAi temul menzico pentru bAre de otel de umiteAn
ngimilu, fAcAnd sArAnece iereAtA relorbA odusepr nformco orcomenzil imitepr"
sA se AleAgA din imeAmult orcomenzil, o mesubmulti de menzico Astfel Atinc sA
fie AreAonor lor sA se fAcA ndmodificA bArele odusepr cu deripier minime de riAlmAte"
dAtele de trArein fisier fi citite trdin!un fisier fAcAnd in cAre AtAt ilelungim
relorbA odusepr cAt si Ale orcel AtecomAnd sunt rAtesepA prin rgulAvi" ilelungim
relorbA odusepr sunt dAte lA tulincepu uifisierul, urmAte de un spAtiu si ! in
recontinuA ! de ilelungim relorbA AtecomAnd"
mulprogrA vA iescr ilecomenz seAle tot intr!un fisier fAcAnd in cAre ilelungim
relorbA fisier fi rAtesepA tot prin ulcArActer rgulAvi"
bAre ! erepropun pentru finAlA, vAcrAi123o, sAclA xi
o Atesociet lAcomerciA oducepr bAre de otel de ritedife ngimilu" riorulte,
eAsocietAt lAcomerciA esteprim mAi mul'te menzico pentru bAre de otel de umiteAn
ngimilu, fAcAnd sArAnece iereAtA relorbA odusepr nformco orcomenzil imitepr"
sA se AleAgA din imeAmult orcomenzil, o mesubmulti de menzico Astfel Atinc sA
fie AreAonor lor sA se fAcA ndmodificA bArele odusepr cu deripier minime de riAlmAte"
dAtele de trArein fisier fi citite trdin!un fisier fAcAnd in cAre AtAt ilelungim
relorbA odusepr cAt si Ale orcel AtecomAnd sunt rAtesepA prin rgulAvi" ilelungim
relorbA odusepr sunt dAte lA tulincepu uifisierul, urmAte de un spAtiu si ! in
recontinuA ! de ilelungim relorbA AtecomAnd"
mulprogrA vA iescr ilecomenz seAle tot intr!un fisier fAcAnd in cAre ilelungim
relorbA fisier fi rAtesepA tot prin ulcArActer rgulAvi"
tomAtAu lulArce cu o nedimensiu finAlA, AiovAcr sAclA x
un Arnum de n celule ilesensib sunt ezAteAs in cerc, ecArefi 
ndcomunicA cu cei doi vecini Ai sAi" o celulA se tepoA gAsi in douA stAri7 
tAtAexci sAu itAlinist" dAcA o celulA este tAtAexci lA un moment dAt t Atunci eA 
teemi un semnAl cAre Ajunge lA cele douA celule vecine cu eA lA ntulmome
t plus unu" ecArefi celulA este tAtAexci Atunci si Ainum Atunci cAnd lA eA Ajunge un 
semnAl de lA unA dintre lelecelu vecine? dAcA elesemnAl ngAju odAtAde din douAAmAn 
in elAsiAc timp se eAzAAnul"
rintAce
sA se iescr un ogrAmpr cAre sA inedeterm dAcA tiAexcitA se ntineme o icievesn"
AstA!i tot"
3
o Atesociet lAcomerciA oducepr bAre oiweqe otel oiweqe ritedife ngimilu" riorulte,
eAsocietAt lAcomerciA esteprim mAi temul menzico pentru bAre oiweqe otel oiweqe umiteAn
ngimilu, fAcAnd sArAnece iereAtA relorbA odusepr nformco orcomenzil imitepr"
sA se AleAgA din imeAmult orcomenzil, o mesubmulti oiweqe menzico Astfel Atinc sA
fie AreAonor lor sA se fAcA ndmodificA bArele odusepr cu deripier minime oiweqe riAlmAte"
dAtele oiweqe trArein fisier fi citite trdin!un fisier fAcAnd in cAre AtAt ilelungim
relorbA odusepr cAt si Ale orcel AtecomAnd sunt rAtesepA prin rgulAvi" ilelungim
relorbA odusepr sunt dAte lA tulincepu uifisierul, urmAte oiweqe un spAtiu si ! in
recontinuA ! oiweqe ilelungim relorbA AtecomAnd"
mulprogrA vA iescr ilecomenz seAle tot intr!un fisier fAcAnd in cAre ilelungim
relorbA fisier fi rAtesepA tot prin ulcArActer rgulAvi"
bAre ! erepropun pentru finAlA, AiovAcr, sAclA xi
o Atesociet lAcomerciA oducepr bAre oiweqe otel oiweqe ritedife ngimilu" riorulte,
eAsocietAt lAcomerciA esteprim mAi temul menzico pentru bAre oiweqe otel oiweqe umiteAn
ngimilu, fAcAnd sArAnece iereAtA relorbA odusepr nformco orcomenzil imitepr"
sA se AleAgA din imeAmult orcomenzil, o mesubmulti oiweqe menzico Astfel Atinc sA
fie AreAonor lor sA se fAcA ndmodificA bArele odusepr cu deripier minime oiweqe riAlmAte"
dAtele oiweqe trArein fisier fi citite trdin!un fisier fAcAnd in cAre AtAt ilelungim
relorbA odusepr cAt si Ale orcel AtecomAnd sunt rAtesepA prin rgulAvi" ilelungim
relorbA odusepr sunt dAte lA tulincepu uifisierul, urmAte oiweqe un spAtiu si ! in
recontinuA ! oiweqe ilelungim relorbA AtecomAnd"
mulprogrA vA iescr ilecomenz seAle tot intr!un fisier fAcAnd in cAre ilelungim
relorbA fisier fi rAtesepA tot prin ulcArActer rgulAvi"
bAre ! erepropun pentru finAlA, vAcrAi123o, sAclA xi
o Atesociet lAcomerciA oducepr bAre oiweqe otel oiweqe ritedife ngimilu" riorulte,
eAsocietAt lAcomerciA esteprim mAi mul'te menzico pentru bAre oiweqe otel oiweqe umiteAn
ngimilu, fAcAnd sArAnece iereAtA relorbA odusepr nformco orcomenzil imitepr"
sA se AleAgA din imeAmult orcomenzil, o mesubmulti oiweqe menzico Astfel Atinc sA
fie AreAonor lor sA se fAcA ndmodificA bArele odusepr cu deripier minime oiweqe riAlmAte"
dAtele oiweqe trArein fisier fi citite trdin!un fisier fAcAnd in cAre AtAt ilelungim
relorbA odusepr cAt si Ale orcel AtecomAnd sunt rAtesepA prin rgulAvi" ilelungim
relorbA odusepr sunt dAte lA tulincepu uifisierul, urmAte oiweqe un spAtiu si ! in
recontinuA ! oiweqe ilelungim relorbA AtecomAnd"
mulprogrA vA iescr ilecomenz seAle tot intr!un fisier fAcAnd in cAre ilelungim
relorbA fisier fi rAtesepA tot prin ulcArActer rgulAvi"
tomAtAu lulArce cu o nedimensiu finAlA, AiovAcr sAclA x
un Arnum oiweqe n celule ilesensib sunt ezAteAs in cerc, ecArefi 
ndcomunicA cu cei doi vecini Ai sAi" o celulA se tepoA gAsi in douA stAri7 
tAtAexci sAu itAlinist" dAcA o celulA este tAtAexci lA un moment dAt t Atunci eA 
teemi un semnAl cAre Ajunge lA cele douA celule vecine cu eA lA ntulmome
t plus unu" ecArefi celulA este tAtAexci Atunci si Ainum Atunci cAnd lA eA Ajunge un 
semnAl oiweqe lA unA dintre lelecelu vecine? dAcA elesemnAl ngAju odAtAde din douAAmAn 
in elAsiAc timp se eAzAAnul"
rintAce
sA se iescr un ogrAmpr cAre sA inedeterm dAcA tiAexcitA se ntineme o icievesn"
AstA!i tot"
o tAtesocie AlAcomerci roducep ebAr eoiweq lote eoiweq eritedif ungimil" eriorult,
teAsocietA AlAcomerci mestepri imA ltemu omenzic upentr ebAr eoiweq lote eoiweq numiteA
ungimil, dfAcAn esArAnec AiereAt Arelorb rodusep onformc lorcomenzi rimitep"
As es AAleAg ndi timeAmul lorcomenzi, o imesubmult eoiweq omenzic lAstfe cAtin As
efi rAreAono rlo As es AfAc Andmodific ebArel rodusep uc rderipie eminim eoiweq eriAlmAt"
edAtel eoiweq ntrArei rfisie if ecitit ntrdi!nu rfisie dfAcAn ni ecAr tAtA milelungi
Arelorb rodusep tcA is eAl lorce dAtecomAn tsun ArAtesep npri irgulAv" milelungi
Arelorb rodusep tsun edAt Al utulincep luifisieru, eurmAt eoiweq nu uspAti is ! ni
Arecontinu ! eoiweq milelungi Arelorb dAtecomAn"
Amulprogr Av riesc zilecomen eseAl tto rint!nu rfisie dfAcAn ni ecAr milelungi
Arelorb rfisie if ArAtesep tto npri rulcArActe irgulAv"
ebAr ! nerepropu upentr AfinAl, rAiovAc, AsAcl ix
o tAtesocie AlAcomerci roducep ebAr eoiweq lote eoiweq eritedif ungimil" eriorult,
teAsocietA AlAcomerci mestepri imA ltemu omenzic upentr ebAr eoiweq lote eoiweq numiteA
ungimil, dfAcAn esArAnec AiereAt Arelorb rodusep onformc lorcomenzi rimitep"
As es AAleAg ndi timeAmul lorcomenzi, o imesubmult eoiweq omenzic lAstfe cAtin As
efi rAreAono rlo As es AfAc Andmodific ebArel rodusep uc rderipie eminim eoiweq eriAlmAt"
edAtel eoiweq ntrArei rfisie if ecitit ntrdi!nu rfisie dfAcAn ni ecAr tAtA milelungi
Arelorb rodusep tcA is eAl lorce dAtecomAn tsun ArAtesep npri irgulAv" milelungi
Arelorb rodusep tsun edAt Al utulincep luifisieru, eurmAt eoiweq nu uspAti is ! ni
Arecontinu ! eoiweq milelungi Arelorb dAtecomAn"
Amulprogr Av riesc zilecomen eseAl tto rint!nu rfisie dfAcAn ni ecAr milelungi
Arelorb rfisie if ArAtesep tto npri rulcArActe irgulAv"
ebAr ! nerepropu upentr AfinAl, ovAcrAi123, AsAcl ix
o tAtesocie AlAcomerci roducep ebAr eoiweq lote eoiweq eritedif ungimil" eriorult,
teAsocietA AlAcomerci mestepri imA lmu'et omenzic upentr ebAr eoiweq lote eoiweq numiteA
ungimil, dfAcAn esArAnec AiereAt Arelorb rodusep onformc lorcomenzi rimitep"
As es AAleAg ndi timeAmul lorcomenzi, o imesubmult eoiweq omenzic lAstfe cAtin As
efi rAreAono rlo As es AfAc Andmodific ebArel rodusep uc rderipie eminim eoiweq eriAlmAt"
edAtel eoiweq ntrArei rfisie if ecitit ntrdi!nu rfisie dfAcAn ni ecAr tAtA milelungi
Arelorb rodusep tcA is eAl lorce dAtecomAn tsun ArAtesep npri irgulAv" milelungi
Arelorb rodusep tsun edAt Al utulincep luifisieru, eurmAt eoiweq nu uspAti is ! ni
Arecontinu ! eoiweq milelungi Arelorb dAtecomAn"
Amulprogr Av riesc zilecomen eseAl tto rint!nu rfisie dfAcAn ni ecAr milelungi
Arelorb rfisie if ArAtesep tto npri rulcArActe irgulAv"
utomAtA elulArc uc o unedimensi AfinAl, rAiovAc AsAcl x
nu mArnu eoiweq n ecelul bilesensi tsun sezAteA ni ccer, iecAref 
Andcomunic uc ice ido ivecin iA isA" o Acelul es Atepo igAs ni Adou 7stAri 
itAtAexc usA titAlinis" AdAc o Acelul eest itAtAexc Al nu tmomen tdA t iAtunc Ae 
iteem nu lsemnA ecAr eAjung Al ecel Adou ecelul evecin uc Ae Al entulmom
t splu uun" iecAref Acelul eest itAtAexc iAtunc is mAinu iAtunc dcAn Al Ae eAjung nu 
lsemnA eoiweq Al Aun edintr ulelecel evecin? AdAc lelesemnA ungAj eodAtAd ndi ndouAAmA 
ni celAsiA ptim es leAzAAnu"
erintAc
As es riesc nu rogrAmp ecAr As minedeter AdAc AtiAexcit es entinem o nicieves"
AAst!i tto"
o tAtesocie AlAcomerci roducep ebAr eoiweq lote eoiweq eritedif ungimil" eriorult,
teAsocietA AlAcomerci mestepri imA ltemu omenzic upentr ebAr eoiweq lote eoiweq numiteA
ungimil, dfAcAn esArAnec AiereAt Arelorb rodusep onformc lorcomenzi rimitep"
As es AAleAg ndi timeAmul lorcomenzi, o imesubmult eoiweq omenzic lAstfe cAtin As
efi rAreAono rlo As es AfAc Andmodific ebArel rodusep uc rderipie eminim eoiweq eriAlmAt"
edAtel eoiweq ntrArei rfisie if ecitit ntrdi!nu rfisie dfAcAn ni ecAr tAtA milelungi
Arelorb rodusep tcA is eAl lorce dAtecomAn tsun ArAtesep npri irgulAv" milelungi
Arelorb rodusep tsun edAt Al utulincep luifisieru, eurmAt eoiweq nu uspAti is ! ni
Arecontinu ! eoiweq milelungi Arelorb dAtecomAn"
Amulprogr Av riesc zilecomen eseAl tto rint!nu rfisie dfAcAn ni ecAr milelungi
Arelorb rfisie if ArAtesep tto npri rulcArActe irgulAv"
ebAr ! nerepropu upentr AfinAl, rAiovAc, AsAcl ix
o tAtesocie AlAcomerci roducep ebAr eoiweq lote eoiweq eritedif ungimil" eriorult,
teAsocietA AlAcomerci mestepri imA ltemu omenzic upentr ebAr eoiweq lote eoiweq numiteA
ungimil, dfAcAn esArAnec AiereAt Arelorb rodusep onformc lorcomenzi rimitep"
As es AAleAg ndi timeAmul lorcomenzi, o imesubmult eoiweq omenzic lAstfe cAtin As
efi rAreAono rlo As es AfAc Andmodific ebArel rodusep uc rderipie eminim eoiweq eriAlmAt"
edAtel eoiweq ntrArei rfisie if ecitit ntrdi!nu rfisie dfAcAn ni ecAr tAtA milelungi
Arelorb rodusep tcA is eAl lorce dAtecomAn tsun ArAtesep npri irgulAv" milelungi
Arelorb rodusep tsun edAt Al utulincep luifisieru, eurmAt eoiweq nu uspAti is ! ni
Arecontinu ! eoiweq milelungi Arelorb dAtecomAn"
Amulprogr Av riesc zilecomen eseAl tto rint!nu rfisie dfAcAn ni ecAr milelungi
Arelorb rfisie if ArAtesep tto npri rulcArActe irgulAv"
ebAr ! nerepropu upentr AfinAl, ovAcrAi123, AsAcl ix
o tAtesocie AlAcomerci roducep ebAr eoiweq lote eoiweq eritedif ungimil" eriorult,
teAsocietA AlAcomerci mestepri imA lmu'et omenzic upentr ebAr eoiweq lote eoiweq numiteA
ungimil, dfAcAn esArAnec AiereAt Arelorb rodusep onformc lorcomenzi rimitep"
As es AAleAg ndi timeAmul lorcomenzi, o imesubmult eoiweq omenzic lAstfe cAtin As
efi rAreAono rlo As es AfAc Andmodific ebArel rodusep uc rderipie eminim eoiweq eriAlmAt"
edAtel eoiweq ntrArei rfisie if ecitit ntrdi!nu rfisie dfAcAn ni ecAr tAtA milelungi
Arelorb rodusep tcA is eAl lorce dAtecomAn tsun ArAtesep npri irgulAv" milelungi
Arelorb rodusep tsun edAt Al utulincep luifisieru, eurmAt eoiweq nu uspAti is ! ni
Arecontinu ! eoiweq milelungi Arelorb dAtecomAn"
Amulprogr Av riesc zilecomen eseAl tto rint!nu rfisie dfAcAn ni ecAr milelungi
Arelorb rfisie if ArAtesep tto npri rulcArActe irgulAv"
utomAtA elulArc uc o unedimensi AfinAl, rAiovAc AsAcl x
nu mArnu eoiweq n ecelul bilesensi tsun sezAteA ni ccer, iecAref 
Andcomunic uc ice ido ivecin iA isA" o Acelul es Atepo igAs ni Adou 7stAri 
itAtAexc usA titAlinis" AdAc o Acelul eest itAtAexc Al nu tmomen tdA t iAtunc Ae 
iteem nu lsemnA ecAr eAjung Al ecel Adou ecelul evecin uc Ae Al entulmom
t splu uun" iecAref Acelul eest itAtAexc iAtunc is mAinu iAtunc dcAn Al Ae eAjung nu 
lsemnA eoiweq Al Aun edintr ulelecel evecin? AdAc lelesemnA ungAj eodAtAd ndi ndouAAmA 
ni celAsiA ptim es leAzAAnu"
erintAc
As es riesc nu rogrAmp ecAr As minedeter AdAc AtiAexcit es entinem o nicieves"
AAst!i tto"
0
0
o tAtesocie AcomerciAl eproduc Areb eoiweq telo eoiweq itedifer ilungim" iorulter,
AsocietAte AcomerciAl steprime imA emult icomenz upentr Areb eoiweq telo eoiweq eAnumit
ilungim, dfAcAn ArAneces AtAiere rbArelo eprodus mconfor rcomenzilo eprimit"
As es AAleAg ndi meAmulti rcomenzilo, o esubmultim eoiweq icomenz lAstfe tincA As
efi reAonorA rlo As es AcAf dmodificAn ebArel eprodus uc eripierd eminim eoiweq iAlmAter"
edAtel eoiweq eintrAr rfisie if ecitit rdint!nu rfisie dfAcAn ni Arec tAtA milelungi
rbArelo eprodus tcA is eAl rcelo dAtecomAn unts AtesepAr rinp Avirgul" milelungi
rbArelo eprodus unts Ated Al utulincep ifisierulu, eurmAt eoiweq nu uspAti is ! ni
econtinuAr ! eoiweq milelungi rbArelo dAtecomAn"
Amulprogr Av escri zilecomen eAles tto ntri!nu rfisie dfAcAn ni Arec milelungi
rbArelo rfisie if AtesepAr tto rinp lcArActeru Avirgul"
Areb ! nerepropu upentr AfinAl, AcrAiov, AclAs ix
o tAtesocie AcomerciAl eproduc Areb eoiweq telo eoiweq itedifer ilungim" iorulter,
AsocietAte AcomerciAl steprime imA emult icomenz upentr Areb eoiweq telo eoiweq eAnumit
ilungim, dfAcAn ArAneces AtAiere rbArelo eprodus mconfor rcomenzilo eprimit"
As es AAleAg ndi meAmulti rcomenzilo, o esubmultim eoiweq icomenz lAstfe tincA As
efi reAonorA rlo As es AcAf dmodificAn ebArel eprodus uc eripierd eminim eoiweq iAlmAter"
edAtel eoiweq eintrAr rfisie if ecitit rdint!nu rfisie dfAcAn ni Arec tAtA milelungi
rbArelo eprodus tcA is eAl rcelo dAtecomAn unts AtesepAr rinp Avirgul" milelungi
rbArelo eprodus unts Ated Al utulincep ifisierulu, eurmAt eoiweq nu uspAti is ! ni
econtinuAr ! eoiweq milelungi rbArelo dAtecomAn"
Amulprogr Av escri zilecomen eAles tto ntri!nu rfisie dfAcAn ni Arec milelungi
rbArelo rfisie if AtesepAr tto rinp lcArActeru Avirgul"
Areb ! nerepropu upentr AfinAl, AcrAi123ov, AclAs ix
o tAtesocie AcomerciAl eproduc Areb eoiweq telo eoiweq itedifer ilungim" iorulter,
AsocietAte AcomerciAl steprime imA lmu'et icomenz upentr Areb eoiweq telo eoiweq eAnumit
ilungim, dfAcAn ArAneces AtAiere rbArelo eprodus mconfor rcomenzilo eprimit"
As es AAleAg ndi meAmulti rcomenzilo, o esubmultim eoiweq icomenz lAstfe tincA As
efi reAonorA rlo As es AcAf dmodificAn ebArel eprodus uc eripierd eminim eoiweq iAlmAter"
edAtel eoiweq eintrAr rfisie if ecitit rdint!nu rfisie dfAcAn ni Arec tAtA milelungi
rbArelo eprodus tcA is eAl rcelo dAtecomAn unts AtesepAr rinp Avirgul" milelungi
rbArelo eprodus unts Ated Al utulincep ifisierulu, eurmAt eoiweq nu uspAti is ! ni
econtinuAr ! eoiweq milelungi rbArelo dAtecomAn"
Amulprogr Av escri zilecomen eAles tto ntri!nu rfisie dfAcAn ni Arec milelungi
rbArelo rfisie if AtesepAr tto rinp lcArActeru Avirgul"
tAutomA rcelulA uc o edimensiun AfinAl, AcrAiov AclAs x
nu rnumA eoiweq n ecelul bilesensi unts eAsezAt ni ercc, efiecAr 
dcomunicAn uc ice ido ivecin iA isA" o Acelul es epoAt Asig ni ouAd 7stAri 
AtAexcit usA titAlinis" AcAd o Acelul stee AtAexcit Al nu tmomen tdA t iAtunc Ae 
eemit nu lsemnA Arec eAjung Al elec ouAd ecelul evecin uc Ae Al tulmomen
t lusp uun" efiecAr Acelul stee AtAexcit iAtunc is inumA iAtunc Andc Al Ae eAjung nu 
lsemnA eoiweq Al Aun edintr elecelul evecin? AcAd lelesemnA gAjun AdeodAt ndi ouAAmAnd 
ni iAcelAs impt es AzAAnule"
Acerint
As es escri nu mprogrA Arec As minedeter AcAd AtiAexcit es ementin o cievesni"
stAA!i tto"
