7
4
6
o s
o
c
i
e
t
At
e c om e r c
i Bac l Bac p
r o 
duc
e bA
re
 de
  o t 
el
 de
  diferite lungimi" ulterior,
  
s
oc
i
e
t
Bac
t
eA comerciAlA primes
te mAi mul
te com
enzi p
entru bAre de otel de Anumite
lung
imi, fAc
And ne
ces
ArA tAier
eA bArelor pro
duse co
nform
 comenzi
lor primite"
Au
tomAt celul
Ar cu
 o dimen
 siune finAlA, cr
 AiovA cl
 AsA x
un num
Ar de n c
el
u
le se
ns
ibi
le sun
t AsezAte in cerc, fiecAre 
comun
icAnd c
u c
ei 
doi v
eci
ni Ai
 sAi" o celu
 lA se poAte gAsi in douA stAri7 
exci
tAt
Bac
 sAu li
 nisti
 tA"
  d
 AcA o ce
 lu
 lA 
 este e
 xcitAtA lA un moment dAt t Atunci eA 
em
ite
 u
 n s
 emnAl
  c
  Are
  Aj
  unge
   lA ce
   le dou
   Bac celul
   e vecine
    cu eA lA momentul
t plu
s
 unu" 
 fie
 cA
 re
  celu
  l
  Bac es
  te excit
  AtA Atunci si numAi Atunci cAnd lA eA Ajunge un 
sem
n
Al de lA u
nA di
ntre 
celul
e
le ve
cine? dAcA sem
nAl
ele Ajun
g deodA
tA din AmAndouA 
in 
AcelAsi timp se AnuleAzA"
cerin
tA
sA se scrie un progrAm cAre sA determine dAcA excitAtiA se mentine o vesnicie"
AstA!i tot"
6
o s
o
c
i
e
t
At
e c om e r c
i Bac l Bac p
r o 
duc
e bA
re
 de
  o t 
el
 de
  diferite lungimi" ulterior,
  
s
oc
i
e
t
Bac
t
eA comerciAlA primes
te mAi mul
te com
enzi p
entru bAre de otel de Anumite
lung
imi, fAc
And ne
ces
ArA tAier
eA bArelor pro
duse co
nform
 comenzi
lor primite"
Au
tomAt celul
Ar cu
 o dimen
 siune finAlA, cr
 AiovA cl
 AsA x
un num
Ar de n c
el
u
le se
ns
ibi
le sun
t AsezAte in cerc, fiecAre 
comun
icAnd c
u c
ei 
doi v
eci
ni Ai
 sAi" o celu
 lA se poAte gAsi in douA stAri7 
exci
tAt
Bac
 sAu li
 nisti
 tA"
  d
 AcA o ce
 lu
 lA 
 este e
 xcitAtA lA un moment dAt t Atunci eA 
em
ite
 u
 n s
 emnAl
  c
  Are
  Aj
  unge
   lA ce
   le dou
   Bac celul
   e vecine
    cu eA lA momentul
t plu
s
 unu" 
 fie
 cA
 re
  celu
  l
  Bac es
  te excit
  AtA Atunci si numAi Atunci cAnd lA eA Ajunge un 
sem
n
Al de lA u
nA di
ntre 
celul
e
le ve
cine? asd sem
nAl
ele Ajun
g deodA
tA din AmAndouA 
in 
AcelAsi timp se AnuleAzA"
cerin
tA
sA se scrie un progrAm cAre sA determine asd excitAtiA se mentine o vesnicie"
AstA!i tot"
8
o s
o
c
i
l
t
At
l c om l r c
i Bac l Bac p
r o 
duc
l bA
re
 de
  o t 
el
 de
  diferite lungimi" ulterior,
  
s
oc
i
l
t
Bac
t
eA comerciAlA primes
te mAi mul
te com
enzi p
entru bAre de otel de Anumite
lung
imi, fAc
And ne
ces
ArA tAier
eA bArelor pro
duse co
nform
 comenzi
lor primite"
Au
tomAt celul
Ar cu
 o dimen
 siune finAlA, cr
 AiovA cl
 AsA x
un num
Ar de n c
el
u
le se
ns
ibi
le sun
t AsezAte in cerc, fiecAre 
comun
icAnd c
u c
ei 
doi v
eci
ni Ai
 sAi" o celu
 lA se poAte gAsi in douA stAri7 
exci
tAt
Bac
 sAu li
 nisti
 tA"
  d
 AcA o ce
 lu
 lA 
 este l
 xcitAtA lA un moment dAt t Atunci eA 
em
ite
 u
 n s
 emnAl
  c
  Are
  Aj
  unge
   lA ce
   le dou
   Bac celul
   l vecine
    cu eA lA momentul
t plu
s
 unu" 
 fie
 cA
 re
  celu
  l
  Bac es
  te excit
  AtA Atunci si numAi Atunci cAnd lA eA Ajunge un 
sem
n
Al de lA u
nA di
ntre 
celul
l
le ve
cine? asd sem
nAl
ele Ajun
g deodA
tA din AmAndouA 
in 
AcelAsi timp se AnuleAzA"
cerin
tA
sA se scrie un progrAm cAre sA determine asd excitAtiA se mentine o vesnicie"
AstA!i tot"
10
o s
o
c
i
l
t
tA
l c mo l r c
i Bac l Bac p
r o 
duc
l Ab
er
 ed
  o t 
le
 ed
  eritedif lungimi" eriorult,
  
s
co
i
l
t
Bac
t
Ae AcomerciAl mespri
et mAi mul
et com
ienz p
uentr ebAr ed lote ed Anumite
glun
imi, fAc
And en
ces
ArA rtAie
Ae bArelor pro
edus oc
mnfor
 comenzi
lor primite"
uA
ttomA lcelu
rA uc
 o ndime
 esiun AlAfin, rc
 AAiov lc
 AsA x
nu num
rA ed n c
le
u
el es
sn
ibi
el sun
t AsezAte ni ccer, fiecAre 
ncomu
dicAn c
u c
ie 
doi v
eci
in iA
 sAi" o ucel
 Al es epoAt igAs ni Adou ri7stA 
iexc
tAt
Bac
 sAu il
 inist
 At"
  d
 AcA o ec
 ul
 Al 
 eest l
 xcitAtA Al nu entmom dAt t nciAtu Ae 
me
ite
 u
 n s
 lemnA
  c
  Are
  jA
  eung
   Al ec
   el dou
   Bac lcelu
   l inevec
    uc Ae Al entulmom
t plu
s
 unu" 
 fie
 Ac
 er
  ucel
  l
  Bac se
  et texci
  AtA nciAtu is inumA nciAtu dcAn Al Ae ngeAju nu 
sem
n
lA ed Al u
An id
entr 
lcelu
l
el ev
ecin? asd sem
nAl
ele nAju
g Adeod
At din ndouAAmA 
ni 
AcelAsi ptim es leAzAAnu"
nceri
At
As es escri nu progrAm ecAr As inedeterm asd tiAexcitA es mentine o nicieves"
AAst!i tot"
o s
o
c
i
l
t
At
l c om l r c
i cBa l cBa p
r o 
cdu
l bA
re
 de
  o t 
el
 de
  tediferi ungimil" orulteri,
  
s
oc
i
l
t
cBa
t
eA iAlAcomerc imespr
te imA lmu
te mco
zien p
ntrue rebA de elot de numiteA
nglu
iim, cfA
dAn ne
sce
AAr Aiert
eA Arelorb opr
sedu co
formn
 omenzic
rlo rimitep"
Au
omAtt elulc
Ar cu
 o imend
 iunes nAlAfi, cr
 iovAA cl
 AAs x
un mnu
Ar de n c
el
u
le se
ns
iib
le nsu
t sezAteA in rcce, iecAref 
omunc
cAndi c
u c
ei 
ido v
iec
ni Ai
 isA" o luce
 lA se oAtep sigA in uAdo Ari7st 
ciex
ttA
cBa
 usA li
 istin
 tA"
  d
 AAc o ce
 lu
 lA 
 tees l
 citAtAx lA un mentmo tdA t unciAt eA 
em
eit
 u
 n s
 mnAle
  c
  eAr
  Aj
  geun
   lA ce
   le udo
   cBa elulc
   l cineve
    cu eA lA ulmoment
t upl
s
 uun" 
 efi
 cA
 re
  luce
  l
  cBa es
  te xcite
  AAt unciAt si umAin unciAt ndcA lA eA ungeAj un 
mse
n
Al de lA u
nA di
rent 
elulc
l
le ve
neci? das mse
lnA
eel unAj
g eodAd
tA ndi uAAmAndo 
in 
celAsiA mpti se zAAnuleA"
erinc
tA
sA se cries un rogrAmp recA sA terminede das citAtiAex se entinem o ievesnic"
tAAs!i tto"
2
5
1
o s
o
c
i
l
t
At
l c om l r c
i cBa l cBa p
r o 
cdu
l bA
re
 de
  o t 
el
 de
  tediferi ungimil" orulteri,
  
s
oc
i
l
t
cBa
t
eA iAlAcomerc imespr
te imA lmu
te mco
zien p
ntrue rebA de elot de numiteA
nglu
iim, cfA
dAn ne
sce
AAr Aiert
eA Arelorb opr
sedu co
formn
 omenzic
rlo rimitep"
Au
omAtt elulc
Ar cu
 o imend
 iunes nAlAfi, cr
 iovAA cl
 AAs x
un mnu
Ar de n c
el
u
le se
ns
iib
le nsu
t sezAteA in rcce, iecAref 
omunc
cAndi c
u c
ei 
ido v
iec
ni Ai
 isA" o luce
 lA se oAtep sigA in uAdo Ari7st 
ciex
ttA
cBa
 usA li
 istin
 tA"
  d
 AAc o ce
 lu
 lA 
 tees l
 citAtAx lA un mentmo tdA t unciAt eA 
em
eit
 u
 n s
 mnAle
  c
  eAr
  Aj
  geun
   lA ce
   le udo
   cBa elulc
   l cineve
    cu eA lA ulmoment
t upl
s
 uun" 
 efi
 cA
 re
  luce
  l
  cBa es
  te xcite
  AAt unciAt si umAin unciAt ndcA lA eA ungeAj un 
mse
n
Al de lA u
nA di
rent 
elulc
l
le ve
neci? das mse
lnA
eel unAj
g eodAd
tA ndi uAAmAndo 
in 
celAsiA mpti se zAAnuleA"
erinc
tA
sA se cries un rogrAmp recA sA terminede das citAtiAex se entinem o ievesnic"
tAAs!i tto"
0
1
0
o s
o
c
i
l
t
At
l c om l r c
i cBa l cBa p
r o 
cdu
l bA
re
 de
  o t 
el
 de
  tediferi ungimil" orulteri,
  
s
oc
i
l
t
cBa
t
eA iAlAcomerc imespr
te imA lmu
te mco
zien p
ntrue rebA de elot de numiteA
nglu
iim, cfA
dAn ne
sce
AAr Aiert
eA Arelorb opr
sedu co
formn
 omenzic
rlo rimitep"
Au
omAtt elulc
Ar cu
 o imend
 iunes nAlAfi, cr
 iovAA cl
 AAs x
un mnu
Ar de n c
el
u
le se
ns
iib
le nsu
t sezAteA in rcce, iecAref 
omunc
cAndi c
u c
ei 
ido v
iec
ni Ai
 isA" o luce
 lA se oAtep sigA in uAdo Ari7st 
ciex
ttA
cBa
 usA li
 istin
 xxmxUI23"
  d
 AAc o ce
 lu
 lA 
 tees l
 citAtAx lA un mentmo tdA t unciAt eA 
em
eit
 u
 n s
 mnAle
  c
  eAr
  Aj
  geun
   lA ce
   le udo
   cBa elulc
   l cineve
    cu eA lA ulmoment
t upl
s
 uun" 
 efi
 cA
 re
  luce
  l
  cBa es
  te xcite
  AAt unciAt si umAin unciAt ndcA lA eA ungeAj un 
mse
n
Al de lA u
nA di
rent 
elulc
l
le ve
neci? das mse
lnA
eel unAj
g eodAd
xxmxUI23 ndi uAAmAndo 
in 
celAsiA mpti se zAAnuleA"
erinc
xxmxUI23
sA se cries un rogrAmp recA sA terminede das citAtiAex se entinem o ievesnic"
tAAs!i tto"
0
0
6
o s
o
c
i
l
t
At
l c om l r c
i cBa l cBa p
r o 
cdu
l bA
re
 de
  o t 
el
 de
  tediferi ungimil" orulteri,
  
s
oc
i
l
t
cBa
t
eA iAlAcomerc imespr
te imA lmu
te mco
zien p
ntrue rebA de elot de numiteA
nglu
iim, cfA
dAn ne
sce
AAr Aiert
eA Arelorb opr
sedu co
formn
 omenzic
rlo rimitep"
Au
omAtt elulc
Ar cu
 o imend
 iunes nAlAfi, cr
 iovAA cl
 AAs x
un mnu
Ar de n c
el
u
le se
ns
iib
le nsu
t sezAteA in rcce, iecAref 
omunc
cAndi c
u c
ei 
ido v
iec
ni Ai
 isA" o luce
 lA se oAtep sigA in uAdo Ari7st 
ciex
ttA
cBa
 usA li
 istin
 xxmxUI23"
  d
 AAc o ce
 lu
 lA 
 tees l
 citAtAx lA un mentmo tdA t unciAt eA 
em
eit
 u
 n s
 mnAle
  c
  eAr
  Aj
  geun
   lA ce
   le udo
   cBa elulc
   l cineve
    cu eA lA ulmoment
t upl
s
 uun" 
 efi
 cA
 re
  luce
  l
  cBa es
  te xcite
  AAt unciAt si umAin unciAt ndcA lA eA ungeAj un 
mse
n
Al de lA u
nA di
rent 
elulc
l
le ve
neci? das mse
lnA
eel unAj
g eodAd
xxmxUI23 ndi uAAmAndo 
in 
celAsiA mpti se zAAnuleA"
erinc
xxmxUI23
sA se cries un rogrAmp recA sA terminede das citAtiAex se entinem o ievesnic"
tAAs!i tto"
o s
o
c
i
l
t
At
l c om l r c
i cBa l cBa p
r o 
cdu
l bA
re
 de
  o t 
el
 de
  tediferi ungimil" orulteri,
  
s
oc
i
l
t
cBa
t
eA iAlAcomerc imespr
te imA lmu
te mco
zien p
ntrue rebA de elot de numiteA
nglu
iim, cfA
dAn ne
sce
AAr Aiert
eA Arelorb opr
sedu co
formn
 omenzic
rlo rimitep"
Au
omAtt elulc
Ar cu
 o imend
 iunes nAlAfi, cr
 iovAA cl
 AAs x
un mnu
Ar de n c
el
u
le se
ns
iib
le nsu
t sezAteA in rcce, iecAref 
omunc
cAndi c
u c
ei 
ido v
iec
ni Ai
 isA" o luce
 lA se oAtep sigA in uAdo Ari7st 
ciex
ttA
cBa
 usA li
 istin
 xxmxUI23"
  d
 AAc o ce
 lu
 lA 
 tees l
 citAtAx lA un mentmo tdA t unciAt eA 
em
eit
 u
 n s
 mnAle
  c
  eAr
  Aj
  geun
   lA ce
   le udo
   cBa elulc
   l cineve
    cu eA lA ulmoment
t upl
s
 uun" 
 efi
 cA
 re
  luce
  l
  cBa es
  te xcite
  AAt unciAt si umAin unciAt ndcA lA eA ungeAj un 
mse
n
Al de lA u
nA di
rent 
elulc
l
le ve
neci? das mse
lnA
eel unAj
g eodAd
xxmxUI23 ndi uAAmAndo 
in 
celAsiA mpti se zAAnuleA"
erinc
xxmxUI23
sA se cries un rogrAmp recA sA terminede das citAtiAex se entinem o ievesnic"
tAAs!i tto"
o s
o
c
i
l
t
At
l c om l r c
i 13 l 13 p
r o 
cdu
l bA
re
 de
  o t 
el
 de
  tediferi ungimil" orulteri,
  
s
oc
i
l
t
13
t
eA iAlAcomerc imespr
te imA lmu
te mco
zien p
ntrue rebA de elot de numiteA
nglu
iim, cfA
dAn ne
sce
AAr Aiert
eA Arelorb opr
sedu co
formn
 omenzic
rlo rimitep"
Au
omAtt elulc
Ar cu
 o imend
 iunes nAlAfi, cr
 iovAA cl
 AAs x
un mnu
Ar de n c
el
u
le se
ns
iib
le nsu
t sezAteA in rcce, iecAref 
omunc
cAndi c
u c
ei 
ido v
iec
ni Ai
 isA" o luce
 lA se oAtep sigA in uAdo Ari7st 
ciex
ttA
13
 usA li
 istin
 xxmxUI23"
  d
 AAc o ce
 lu
 lA 
 tees l
 citAtAx lA un mentmo tdA t unciAt eA 
em
eit
 u
 n s
 mnAle
  c
  eAr
  Aj
  geun
   lA ce
   le udo
   13 elulc
   l cineve
    cu eA lA ulmoment
t upl
s
 uun" 
 efi
 cA
 re
  luce
  l
  13 es
  te xcite
  AAt unciAt si umAin unciAt ndcA lA eA ungeAj un 
mse
n
Al de lA u
nA di
rent 
elulc
l
le ve
neci? das mse
lnA
eel unAj
g eodAd
xxmxUI23 ndi uAAmAndo 
in 
celAsiA mpti se zAAnuleA"
erinc
xxmxUI23
sA se cries un rogrAmp recA sA terminede das citAtiAex se entinem o ievesnic"
tAAs!i tto"
o s
o
c
i
l
t
tA
l c mo l r c
i 31 l 31 p
r o 
cdu
l Ab
er
 ed
  o t 
le
 ed
  eritedif imilung" eriorult,
  
s
co
i
l
t
31
t
Ae erciAlAcom sprime
et imA lmu
et mco
ienz p
ruent ebAr ed lote ed iteAnum
glun
iim, cfA
dAn en
sce
AAr ertAi
Ae lorbAre opr
edus oc
rmnfo
 nzicome
rlo iteprim"
uA
Attom ulcel
rA uc
 o endim
 nesiu AfinAl, rc
 vAAio lc
 AAs x
nu mnu
rA ed n c
le
u
el es
sn
iib
el nsu
t AteAsez ni ccer, Arefiec 
uncom
ndicA c
u c
ie 
ido v
iec
in iA
 isA" o ucel
 Al es tepoA igAs ni Adou 7stAri 
iexc
ttA
31
 usA il
 tinis
 I23xxmxU"
  d
 AAc o ec
 ul
 Al 
 eest l
 AtAxcit Al nu tmomen tdA t iAtunc Ae 
me
eit
 u
 n s
 Alemn
  c
  eAr
  jA
  eung
   Al ec
   el udo
   31 ulcel
   l evecin
    uc Ae Al entulmom
t upl
s
 uun" 
 efi
 Ac
 er
  ucel
  l
  31 se
  et itexc
  AAt iAtunc is Ainum iAtunc dcAn Al Ae eAjung nu 
mse
n
lA ed Al u
An id
entr 
ulcel
l
el ev
ecin? das mse
lnA
eel nAju
g dAdeo
I23xxmxU ndi ndouAAmA 
ni 
AsiAcel ptim es leAzAAnu"
incer
I23xxmxU
As es iescr nu rAmprog ecAr As minedeter das AtiAexcit es inement o nicieves"
AAst!i tto"
0
6
