1
43
39
39
35
35
29
27
27
26
24
24
21
18
17
o soc!,tAt, com,rc!AlA produc, ?Ar, d, ot,l d, d!9,r!t, lung!d!" ult,r!or,
soc!,tAt,A com,rc!AlA pr!d,st, mA! mult, com,nz! p,ntru ?Ar, d, ot,l d, Anum!t,
lung!d!, 9AcAnd n,c,sArA tA!,r,A ?Ar,lor produs, con9orm com,nz!lor pr!d!t,"
sA s, Al,AgA d!n mult!d,A com,nz!lor, o su?mult!d, d, com,nz! Ast9,l !ncAt sA
9!, onorAr,A lor sA s, 9AcA mod!9!cAnd ?Ar,l, produs, cu p!,rd,r! d!n!d, d, mAt,r!Al"
dAt,l, d, !ntrAr, vor 9! c!t!t, d!ntr!un 9!s!,r t,xt !n cAr, AtAt lung!d!l,
?Ar,lor produs, cAt s! Al, c,lor comAndAt, sunt s,pArAt, pr!n v!rgulA" lung!d!l,
?Ar,lor produs, sunt dAt, lA !nc,putul 9!s!,rulu!, urmAt, d, un spAt!u s! ! !n
cont!nuAr, ! d, lung!d!l, ?Ar,lor comAndAt,"
progrAmul vA scr!, com,nz!l, Al,s, tot !ntr!un 9!s!,r t,xt !n cAr, lung!d!l,
?Ar,lor vor 9! s,pArAt, tot pr!n cArAct,rul v!rgulA"
?Ar, ! propun,r, p,ntru 9!nAlA, crA!ovA, clAsA x!
o soc!,tAt, com,rc!AlA produc, ?Ar, d, ot,l d, d!9,r!t, lung!d!" ult,r!or,
soc!,tAt,A com,rc!AlA pr!d,st, mA! mult, com,nz! p,ntru ?Ar, d, ot,l d, Anum!t,
lung!d!, 9AcAnd n,c,sArA tA!,r,A ?Ar,lor produs, con9orm com,nz!lor pr!d!t,"
sA s, Al,AgA d!n mult!d,A com,nz!lor, o su?mult!d, d, com,nz! Ast9,l !ncAt sA
9!, onorAr,A lor sA s, 9AcA mod!9!cAnd ?Ar,l, produs, cu p!,rd,r! d!n!d, d, mAt,r!Al"
dAt,l, d, !ntrAr, vor 9! c!t!t, d!ntr!un 9!s!,r t,xt !n cAr, AtAt lung!d!l,
?Ar,lor produs, cAt s! Al, c,lor comAndAt, sunt s,pArAt, pr!n v!rgulA" lung!d!l,
?Ar,lor produs, sunt dAt, lA !nc,putul 9!s!,rulu!, urmAt, d, un spAt!u s! ! !n
cont!nuAr, ! d, lung!d!l, ?Ar,lor comAndAt,"
progrAmul vA scr!, com,nz!l, Al,s, tot !ntr!un 9!s!,r t,xt !n cAr, lung!d!l,
?Ar,lor vor 9! s,pArAt, tot pr!n cArAct,rul v!rgulA"
?Ar, ! propun,r, p,ntru 9!nAlA, crA!123ovA, clAsA x!
o soc!,tAt, com,rc!AlA produc, ?Ar, d, ot,l d, d!9,r!t, lung!d!" ult,r!or,
soc!,tAt,A com,rc!AlA pr!d,st, mA! mul't, com,nz! p,ntru ?Ar, d, ot,l d, Anum!t,
lung!d!, 9AcAnd n,c,sArA tA!,r,A ?Ar,lor produs, con9orm com,nz!lor pr!d!t,"
sA s, Al,AgA d!n mult!d,A com,nz!lor, o su?mult!d, d, com,nz! Ast9,l !ncAt sA
9!, onorAr,A lor sA s, 9AcA mod!9!cAnd ?Ar,l, produs, cu p!,rd,r! d!n!d, d, mAt,r!Al"
dAt,l, d, !ntrAr, vor 9! c!t!t, d!ntr!un 9!s!,r t,xt !n cAr, AtAt lung!d!l,
?Ar,lor produs, cAt s! Al, c,lor comAndAt, sunt s,pArAt, pr!n v!rgulA" lung!d!l,
?Ar,lor produs, sunt dAt, lA !nc,putul 9!s!,rulu!, urmAt, d, un spAt!u s! ! !n
cont!nuAr, ! d, lung!d!l, ?Ar,lor comAndAt,"
progrAmul vA scr!, com,nz!l, Al,s, tot !ntr!un 9!s!,r t,xt !n cAr, lung!d!l,
?Ar,lor vor 9! s,pArAt, tot pr!n cArAct,rul v!rgulA"
AutomAt c,lulAr cu o d!d,ns!un, 9!nAlA, crA!ovA clAsA x
un numAr d, n c,lul, s,ns!?!l, sunt As,zAt, !n c,rc, 9!,cAr, 
comun!cAnd cu c,! do! v,c!n! A! sA!" o c,lulA s, poAt, gAs! !n douA stAr!7 
,xc!tAtA sAu l!n!st!tA" dAcA o c,lulA ,st, ,xc!tAtA lA un mom,nt dAt t Atunc! ,A 
,d!t, un s,mnAl cAr, Ajung, lA c,l, douA c,lul, v,c!n, cu ,A lA mom,ntul
t plus unu" 9!,cAr, c,lulA ,st, ,xc!tAtA Atunc! s! numA! Atunc! cAnd lA ,A Ajung, un 
s,mnAl d, lA unA d!ntr, c,lul,l, v,c!n,? dAcA s,mnAl,l, Ajung d,odAtA d!n AmAndouA 
!n Ac,lAs! t!mp s, Anul,AzA"
c,r!ntA
sA s, scr!, un progrAm cAr, sA d,t,rm!n, dAcA ,xc!tAt!A s, d,nt!n, o v,sn!c!,"
AstA!! tot" ce sa faci asta 'e"""""""""" problema' SebiSebi
82
o soc!,tAt, com,rc!AlA produc, ?Ar, d, ot,l d, d!9,r!t, lung!d!" ult,r!or,
soc!,tAt,A com,rc!AlA pr!d,st, mA! mult, com,nz! p,ntru ?Ar, d, ot,l d, Anum!t,
lung!d!, 9AcAnd 123124,c,sArA tA!,r,A ?Ar,lor produs, con9orm com,nz!lor pr!d!t,"
sA s, Al,AgA d!123124 mult!d,A com,nz!lor, o su?mult!d, d, com,nz! Ast9,l !ncAt sA
9!, onorAr,A lor sA s, 9AcA mod!9!cAnd ?Ar,l, produs, cu p!,rd,r! d!123124!d, d, mAt,r!Al"
dAt,l, d, !ntrAr, vor 9! c!t!t, d!ntr!un 9!s!,r t,xt !123124 cAr, AtAt lung!d!l,
?Ar,lor produs, cAt s! Al, c,lor comAndAt, sunt s,pArAt, pr!123124 v!rgulA" lung!d!l,
?Ar,lor produs, sunt dAt, lA !nc,putul 9!s!,rulu!, urmAt, d, un spAt!u s! ! !123124
cont!nuAr, ! d, lung!d!l, ?Ar,lor comAndAt,"
progrAmul vA scr!, com,nz!l, Al,s, tot !ntr!un 9!s!,r t,xt !123124 cAr, lung!d!l,
?Ar,lor vor 9! s,pArAt, tot pr!123124 cArAct,rul v!rgulA"
?Ar, ! propun,r, p,ntru 9!nAlA, crA!ovA, clAsA x!
o soc!,tAt, com,rc!AlA produc, ?Ar, d, ot,l d, d!9,r!t, lung!d!" ult,r!or,
soc!,tAt,A com,rc!AlA pr!d,st, mA! mult, com,nz! p,ntru ?Ar, d, ot,l d, Anum!t,
lung!d!, 9AcAnd 123124,c,sArA tA!,r,A ?Ar,lor produs, con9orm com,nz!lor pr!d!t,"
sA s, Al,AgA d!123124 mult!d,A com,nz!lor, o su?mult!d, d, com,nz! Ast9,l !ncAt sA
9!, onorAr,A lor sA s, 9AcA mod!9!cAnd ?Ar,l, produs, cu p!,rd,r! d!123124!d, d, mAt,r!Al"
dAt,l, d, !ntrAr, vor 9! c!t!t, d!ntr!un 9!s!,r t,xt !123124 cAr, AtAt lung!d!l,
?Ar,lor produs, cAt s! Al, c,lor comAndAt, sunt s,pArAt, pr!123124 v!rgulA" lung!d!l,
?Ar,lor produs, sunt dAt, lA !nc,putul 9!s!,rulu!, urmAt, d, un spAt!u s! ! !123124
cont!nuAr, ! d, lung!d!l, ?Ar,lor comAndAt,"
progrAmul vA scr!, com,nz!l, Al,s, tot !ntr!un 9!s!,r t,xt !123124 cAr, lung!d!l,
?Ar,lor vor 9! s,pArAt, tot pr!123124 cArAct,rul v!rgulA"
?Ar, ! propun,r, p,ntru 9!nAlA, crA!123ovA, clAsA x!
o soc!,tAt, com,rc!AlA produc, ?Ar, d, ot,l d, d!9,r!t, lung!d!" ult,r!or,
soc!,tAt,A com,rc!AlA pr!d,st, mA! mul't, com,nz! p,ntru ?Ar, d, ot,l d, Anum!t,
lung!d!, 9AcAnd 123124,c,sArA tA!,r,A ?Ar,lor produs, con9orm com,nz!lor pr!d!t,"
sA s, Al,AgA d!123124 mult!d,A com,nz!lor, o su?mult!d, d, com,nz! Ast9,l !ncAt sA
9!, onorAr,A lor sA s, 9AcA mod!9!cAnd ?Ar,l, produs, cu p!,rd,r! d!123124!d, d, mAt,r!Al"
dAt,l, d, !ntrAr, vor 9! c!t!t, d!ntr!un 9!s!,r t,xt !123124 cAr, AtAt lung!d!l,
?Ar,lor produs, cAt s! Al, c,lor comAndAt, sunt s,pArAt, pr!123124 v!rgulA" lung!d!l,
?Ar,lor produs, sunt dAt, lA !nc,putul 9!s!,rulu!, urmAt, d, un spAt!u s! ! !123124
cont!nuAr, ! d, lung!d!l, ?Ar,lor comAndAt,"
progrAmul vA scr!, com,nz!l, Al,s, tot !ntr!un 9!s!,r t,xt !123124 cAr, lung!d!l,
?Ar,lor vor 9! s,pArAt, tot pr!123124 cArAct,rul v!rgulA"
AutomAt c,lulAr cu o d!d,ns!un, 9!nAlA, crA!ovA clAsA x
un numAr d, 123124 c,lul, s,ns!?!l, sunt As,zAt, !123124 c,rc, 9!,cAr, 
comun!cAnd cu c,! do! v,c!123124! A! sA!" o c,lulA s, poAt, gAs! !123124 douA stAr!7 
,xc!tAtA sAu l!123124!st!tA" dAcA o c,lulA ,st, ,xc!tAtA lA un mom,nt dAt t Atunc! ,A 
,d!t, un s,mnAl cAr, Ajung, lA c,l, douA c,lul, v,c!123124, cu ,A lA mom,ntul
t plus unu" 9!,cAr, c,lulA ,st, ,xc!tAtA Atunc! s! numA! Atunc! cAnd lA ,A Ajung, un 
s,mnAl d, lA unA d!ntr, c,lul,l, v,c!123124,? dAcA s,mnAl,l, Ajung d,odAtA d!123124 AmAndouA 
!123124 Ac,lAs! t!mp s, Anul,AzA"
c,r!ntA
sA s, scr!, un progrAm cAr, sA d,t,rm!123124, dAcA ,xc!tAt!A s, d,nt!123124, o v,sn!c!,"
AstA!! tot" ce sa faci asta 'e"""""""""" problema' SebiSebi
o soc!,tAt, com,rc!AlA produc, ?Ar, d, ot,l d, d!9,r!t, lung!d!" ult,r!or,
soc!,tAt,A com,rc!AlA pr!d,st, mA! mult, com,nz! p,ntru ?Ar, d, ot,l d, Anum!t,
lung!d!, 9AcAnd 123124,123124,sArA tA!,r,A ?Ar,lor produs, con9orm com,nz!lor pr!d!t,"
sA s, Al,AgA d!123124 mult!d,A com,nz!lor, o su?mult!d, d, com,nz! Ast9,l !ncAt sA
9!, onorAr,A lor sA s, 9AcA mod!9!cAnd ?Ar,l, produs, cu p!,rd,r! d!123124!d, d, mAt,r!Al"
dAt,l, d, !ntrAr, vor 9! 123124!t!t, d!ntr!un 9!s!,r t,xt !123124 cAr, AtAt lung!d!l,
?Ar,lor produs, cAt s! Al, 123124,lor comAndAt, sunt s,pArAt, pr!123124 v!rgulA" lung!d!l,
?Ar,lor produs, sunt dAt, lA !nc,putul 9!s!,rulu!, urmAt, d, un spAt!u s! ! !123124
cont!nuAr, ! d, lung!d!l, ?Ar,lor comAndAt,"
progrAmul vA scr!, com,nz!l, Al,s, tot !ntr!un 9!s!,r t,xt !123124 cAr, lung!d!l,
?Ar,lor vor 9! s,pArAt, tot pr!123124 cArAct,rul v!rgulA"
?Ar, ! propun,r, p,ntru 9!nAlA, crA!ovA, clAsA x!
o soc!,tAt, com,rc!AlA produc, ?Ar, d, ot,l d, d!9,r!t, lung!d!" ult,r!or,
soc!,tAt,A com,rc!AlA pr!d,st, mA! mult, com,nz! p,ntru ?Ar, d, ot,l d, Anum!t,
lung!d!, 9AcAnd 123124,123124,sArA tA!,r,A ?Ar,lor produs, con9orm com,nz!lor pr!d!t,"
sA s, Al,AgA d!123124 mult!d,A com,nz!lor, o su?mult!d, d, com,nz! Ast9,l !ncAt sA
9!, onorAr,A lor sA s, 9AcA mod!9!cAnd ?Ar,l, produs, cu p!,rd,r! d!123124!d, d, mAt,r!Al"
dAt,l, d, !ntrAr, vor 9! 123124!t!t, d!ntr!un 9!s!,r t,xt !123124 cAr, AtAt lung!d!l,
?Ar,lor produs, cAt s! Al, 123124,lor comAndAt, sunt s,pArAt, pr!123124 v!rgulA" lung!d!l,
?Ar,lor produs, sunt dAt, lA !nc,putul 9!s!,rulu!, urmAt, d, un spAt!u s! ! !123124
cont!nuAr, ! d, lung!d!l, ?Ar,lor comAndAt,"
progrAmul vA scr!, com,nz!l, Al,s, tot !ntr!un 9!s!,r t,xt !123124 cAr, lung!d!l,
?Ar,lor vor 9! s,pArAt, tot pr!123124 cArAct,rul v!rgulA"
?Ar, ! propun,r, p,ntru 9!nAlA, crA!123ovA, clAsA x!
o soc!,tAt, com,rc!AlA produc, ?Ar, d, ot,l d, d!9,r!t, lung!d!" ult,r!or,
soc!,tAt,A com,rc!AlA pr!d,st, mA! mul't, com,nz! p,ntru ?Ar, d, ot,l d, Anum!t,
lung!d!, 9AcAnd 123124,123124,sArA tA!,r,A ?Ar,lor produs, con9orm com,nz!lor pr!d!t,"
sA s, Al,AgA d!123124 mult!d,A com,nz!lor, o su?mult!d, d, com,nz! Ast9,l !ncAt sA
9!, onorAr,A lor sA s, 9AcA mod!9!cAnd ?Ar,l, produs, cu p!,rd,r! d!123124!d, d, mAt,r!Al"
dAt,l, d, !ntrAr, vor 9! 123124!t!t, d!ntr!un 9!s!,r t,xt !123124 cAr, AtAt lung!d!l,
?Ar,lor produs, cAt s! Al, 123124,lor comAndAt, sunt s,pArAt, pr!123124 v!rgulA" lung!d!l,
?Ar,lor produs, sunt dAt, lA !nc,putul 9!s!,rulu!, urmAt, d, un spAt!u s! ! !123124
cont!nuAr, ! d, lung!d!l, ?Ar,lor comAndAt,"
progrAmul vA scr!, com,nz!l, Al,s, tot !ntr!un 9!s!,r t,xt !123124 cAr, lung!d!l,
?Ar,lor vor 9! s,pArAt, tot pr!123124 cArAct,rul v!rgulA"
AutomAt 123124,lulAr cu o d!d,ns!un, 9!nAlA, crA!ovA clAsA x
un numAr d, 123124 123124,lul, s,ns!?!l, sunt As,zAt, !123124 123124,rc, 9!,cAr, 
comun!cAnd cu 123124,! do! v,123124!123124! A! sA!" o 123124,lulA s, poAt, gAs! !123124 douA stAr!7 
,xc!tAtA sAu l!123124!st!tA" dAcA o 123124,lulA ,st, ,xc!tAtA lA un mom,nt dAt t Atunc! ,A 
,d!t, un s,mnAl cAr, Ajung, lA 123124,l, douA 123124,lul, v,123124!123124, cu ,A lA mom,ntul
t plus unu" 9!,cAr, 123124,lulA ,st, ,xc!tAtA Atunc! s! numA! Atunc! cAnd lA ,A Ajung, un 
s,mnAl d, lA unA d!ntr, 123124,lul,l, v,123124!123124,? dAcA s,mnAl,l, Ajung d,odAtA d!123124 AmAndouA 
!123124 Ac,lAs! t!mp s, Anul,AzA"
123124,r!ntA
sA s, scr!, un progrAm cAr, sA d,t,rm!123124, dAcA ,xc!tAt!A s, d,nt!123124, o v,sn!123124!,"
AstA!! tot" ce sa faci asta 'e"""""""""" problema' SebiSebi
59
o soc!,tAt, com,rc!AlA produc, ?Ar, d, ot,l d, d!9,r!t, lung!d!" ult,r!or,
soc!,tAt,A com,rc!AlA pr!d,st, mA! mult, com,nz! p,ntru ?Ar, d, ot,l d, Anum!t,
lung!d!, 9AcAnd 123124,123124,sArA tA!,r,A ?Ar,lor produs, con9orm com,nz!lor pr!d!t,"
sA s, Al,AgA d!123124 mult!d,A com,nz!lor, o su?mult!d, d, com,nz! Ast9,l !ncAt sA
9!, onorAr,A lor sA s, 9AcA mod!9!cAnd ?Ar,l, produs, cu p!,rd,r! d!123124!d, d, mAt,r!Al"
dAt,l, d, !ntrAr, vor 9! 123124!t!t, d!ntr!un 9!s!,r t,xt !123124 cAr, AtAt lung!d!l,
?Ar,lor produs, cAt s! Al, 123124,lor comAndAt, sunt s,pArAt, pr!123124 v!rgulA" lung!d!l,
?Ar,lor produs, sunt dAt, lA !nc,putul 9!s!,rulu!, urmAt, d, un spAt!u s! ! !123124
cont!nuAr, ! d, lung!d!l, ?Ar,lor comAndAt,"
progrAmul vA scr!, com,nz!l, Al,s, tot !ntr!un 9!s!,r t,xt !123124 cAr, lung!d!l,
?Ar,lor vor 9! s,pArAt, tot pr!123124 cArAct,rul v!rgulA"
?Ar, ! propun,r, p,ntru 9!nAlA, crA!ovA, clAsA x!
o soc!,tAt, com,rc!AlA produc, ?Ar, d, ot,l d, d!9,r!t, lung!d!" ult,r!or,
soc!,tAt,A com,rc!AlA pr!d,st, mA! mult, com,nz! p,ntru ?Ar, d, ot,l d, Anum!t,
lung!d!, 9AcAnd 123124,123124,sArA tA!,r,A ?Ar,lor produs, con9orm com,nz!lor pr!d!t,"
sA s, Al,AgA d!123124 mult!d,A com,nz!lor, o su?mult!d, d, com,nz! Ast9,l !ncAt sA
9!, onorAr,A lor sA s, 9AcA mod!9!cAnd ?Ar,l, produs, cu p!,rd,r! d!123124!d, d, mAt,r!Al"
dAt,l, d, !ntrAr, vor 9! 123124!t!t, d!ntr!un 9!s!,r t,xt !123124 cAr, AtAt lung!d!l,
?Ar,lor produs, cAt s! Al, 123124,lor comAndAt, sunt s,pArAt, pr!123124 v!rgulA" lung!d!l,
?Ar,lor produs, sunt dAt, lA !nc,putul 9!s!,rulu!, urmAt, d, un spAt!u s! ! !123124
cont!nuAr, ! d, lung!d!l, ?Ar,lor comAndAt,"
progrAmul vA scr!, com,nz!l, Al,s, tot !ntr!un 9!s!,r t,xt !123124 cAr, lung!d!l,
?Ar,lor vor 9! s,pArAt, tot pr!123124 cArAct,rul v!rgulA"
?Ar, ! propun,r, p,ntru 9!nAlA, crA!123ovA, clAsA x!
o soc!,tAt, com,rc!AlA produc, ?Ar, d, ot,l d, d!9,r!t, lung!d!" ult,r!or,
soc!,tAt,A com,rc!AlA pr!d,st, mA! mul't, com,nz! p,ntru ?Ar, d, ot,l d, Anum!t,
lung!d!, 9AcAnd 123124,123124,sArA tA!,r,A ?Ar,lor produs, con9orm com,nz!lor pr!d!t,"
sA s, Al,AgA d!123124 mult!d,A com,nz!lor, o su?mult!d, d, com,nz! Ast9,l !ncAt sA
9!, onorAr,A lor sA s, 9AcA mod!9!cAnd ?Ar,l, produs, cu p!,rd,r! d!123124!d, d, mAt,r!Al"
dAt,l, d, !ntrAr, vor 9! 123124!t!t, d!ntr!un 9!s!,r t,xt !123124 cAr, AtAt lung!d!l,
?Ar,lor produs, cAt s! Al, 123124,lor comAndAt, sunt s,pArAt, pr!123124 v!rgulA" lung!d!l,
?Ar,lor produs, sunt dAt, lA !nc,putul 9!s!,rulu!, urmAt, d, un spAt!u s! ! !123124
cont!nuAr, ! d, lung!d!l, ?Ar,lor comAndAt,"
progrAmul vA scr!, com,nz!l, Al,s, tot !ntr!un 9!s!,r t,xt !123124 cAr, lung!d!l,
?Ar,lor vor 9! s,pArAt, tot pr!123124 cArAct,rul v!rgulA"
AutomAt 123124,lulAr cu o d!d,ns!un, 9!nAlA, crA!ovA clAsA x
un numAr d, 123124 123124,lul, s,ns!?!l, sunt As,zAt, !123124 123124,rc, 9!,cAr, 
comun!cAnd cu 123124,! do! v,123124!123124! A! sA!" o 123124,lulA s, poAt, gAs! !123124 douA stAr!7 
,xc!tAtA sAu l!123124!st!tA" dAcA o 123124,lulA ,st, ,xc!tAtA lA un mom,nt dAt t Atunc! ,A 
,d!t, un s,mnAl cAr, Ajung, lA 123124,l, douA 123124,lul, v,123124!123124, cu ,A lA mom,ntul
t plus unu" 9!,cAr, 123124,lulA ,st, ,xc!tAtA Atunc! s! numA! Atunc! cAnd lA ,A Ajung, un 
s,mnAl d, lA unA d!ntr, 123124,lul,l, v,123124!123124,? dAcA s,mnAl,l, Ajung d,odAtA d!123124 AmAndouA 
!123124 Ac,lAs! t!mp s, Anul,AzA"
123124,r!ntA
sA s, scr!, un progrAm cAr, sA d,t,rm!123124, dAcA ,xc!tAt!A s, d,nt!123124, o v,sn!123124!,"
AstA!! tot" ce sa faci asta 'e"""""""""" problema' SebiSebi
0
o soc!,tAt, com,rc!AlA produc, ?Ar, d, ot,l d, d!9,r!t, nglu!d!" ult,r!or,
soc!,tAt,A com,rc!AlA pr!d,st, mA! ltmu, com,nz! p,runt ?Ar, d, ot,l d, umAn!t,
nglu!d!, 9AcAnd 123124,123124,rAsA tA!,r,A ?Ar,lor produs, mcon9or com,nz!lor pr!d!t,"
sA s, Al,AgA d!123124 ltmu!d,A com,nz!lor, o su?ltmu!d, d, com,nz! t9As,l !Atnc sA
9!, onorAr,A lor sA s, cA9A mod!9!ndcA ?Ar,l, produs, cu p!,rd,r! d!123124!d, d, mAt,r!Al"
dAt,l, d, !rArnt, vor 9! 123124!t!t, d!ntr!un 9!s!,r t,xt !123124 cAr, AtAt nglu!d!l,
?Ar,lor produs, cAt s! Al, 123124,lor mAndAtco, ntsu s,rAtpA, pr!123124 v!ulArg" nglu!d!l,
?Ar,lor produs, ntsu dAt, lA !nc,tulpu 9!s!,luru!, mAtur, d, un Atsp!u s! ! !123124
ntco!Arnu, ! d, nglu!d!l, ?Ar,lor mAndAtco,"
grAmulpro vA scr!, com,nz!l, Al,s, tot !ntr!un 9!s!,r t,xt !123124 cAr, nglu!d!l,
?Ar,lor vor 9! s,rAtpA, tot pr!123124 cArAct,rul v!ulArg"
?Ar, ! propun,r, p,runt 9!lAnA, crA!ovA, AsAcl x!
o soc!,tAt, com,rc!AlA produc, ?Ar, d, ot,l d, d!9,r!t, nglu!d!" ult,r!or,
soc!,tAt,A com,rc!AlA pr!d,st, mA! ltmu, com,nz! p,runt ?Ar, d, ot,l d, umAn!t,
nglu!d!, 9AcAnd 123124,123124,rAsA tA!,r,A ?Ar,lor produs, mcon9or com,nz!lor pr!d!t,"
sA s, Al,AgA d!123124 ltmu!d,A com,nz!lor, o su?ltmu!d, d, com,nz! t9As,l !Atnc sA
9!, onorAr,A lor sA s, cA9A mod!9!ndcA ?Ar,l, produs, cu p!,rd,r! d!123124!d, d, mAt,r!Al"
dAt,l, d, !rArnt, vor 9! 123124!t!t, d!ntr!un 9!s!,r t,xt !123124 cAr, AtAt nglu!d!l,
?Ar,lor produs, cAt s! Al, 123124,lor mAndAtco, ntsu s,rAtpA, pr!123124 v!ulArg" nglu!d!l,
?Ar,lor produs, ntsu dAt, lA !nc,tulpu 9!s!,luru!, mAtur, d, un Atsp!u s! ! !123124
ntco!Arnu, ! d, nglu!d!l, ?Ar,lor mAndAtco,"
grAmulpro vA scr!, com,nz!l, Al,s, tot !ntr!un 9!s!,r t,xt !123124 cAr, nglu!d!l,
?Ar,lor vor 9! s,rAtpA, tot pr!123124 cArAct,rul v!ulArg"
?Ar, ! propun,r, p,runt 9!lAnA, crA!123ovA, AsAcl x!
o soc!,tAt, com,rc!AlA produc, ?Ar, d, ot,l d, d!9,r!t, nglu!d!" ult,r!or,
soc!,tAt,A com,rc!AlA pr!d,st, mA! mul't, com,nz! p,runt ?Ar, d, ot,l d, umAn!t,
nglu!d!, 9AcAnd 123124,123124,rAsA tA!,r,A ?Ar,lor produs, mcon9or com,nz!lor pr!d!t,"
sA s, Al,AgA d!123124 ltmu!d,A com,nz!lor, o su?ltmu!d, d, com,nz! t9As,l !Atnc sA
9!, onorAr,A lor sA s, cA9A mod!9!ndcA ?Ar,l, produs, cu p!,rd,r! d!123124!d, d, mAt,r!Al"
dAt,l, d, !rArnt, vor 9! 123124!t!t, d!ntr!un 9!s!,r t,xt !123124 cAr, AtAt nglu!d!l,
?Ar,lor produs, cAt s! Al, 123124,lor mAndAtco, ntsu s,rAtpA, pr!123124 v!ulArg" nglu!d!l,
?Ar,lor produs, ntsu dAt, lA !nc,tulpu 9!s!,luru!, mAtur, d, un Atsp!u s! ! !123124
ntco!Arnu, ! d, nglu!d!l, ?Ar,lor mAndAtco,"
grAmulpro vA scr!, com,nz!l, Al,s, tot !ntr!un 9!s!,r t,xt !123124 cAr, nglu!d!l,
?Ar,lor vor 9! s,rAtpA, tot pr!123124 cArAct,rul v!ulArg"
tAutomA 123124,lArlu cu o d!d,ns!un, 9!lAnA, crA!ovA AsAcl x
un mArnu d, 123124 123124,lul, s,ns!?!l, ntsu As,zAt, !123124 123124,rc, 9!,cAr, 
munco!ndcA cu 123124,! do! v,123124!123124! A! sA!" o 123124,lAlu s, Atpo, gAs! !123124 uAdo Arst!7 
,xc!tAtA sAu l!123124!st!tA" cAdA o 123124,lAlu ,st, ,xc!tAtA lA un mom,nt dAt t uncAt! ,A 
,d!t, un s,Almn cAr, ungAj, lA 123124,l, uAdo 123124,lul, v,123124!123124, cu ,A lA mom,ulnt
t uspl unu" 9!,cAr, 123124,lAlu ,st, ,xc!tAtA uncAt! s! mAnu! uncAt! ndcA lA ,A ungAj, un 
s,Almn d, lA unA d!ntr, 123124,lul,l, v,123124!123124,? cAdA s,Almn,l, ungAj d,AtAod d!123124 AndouAAm 
!123124 Ac,lAs! t!mp s, ulAn,AzA"
123124,r!ntA
sA s, scr!, un mprogrA cAr, sA d,t,rm!123124, cAdA ,xc!tAt!A s, d,nt!123124, o v,sn!123124!,"
tAAs!! tot" ce sa cifa taas 'e"""""""""" oblemapr' biSebiSe
o cso!,ttA, mco,cr!AAl cprodu, ?rA, d, to,l d, d!9,r!t, glun!d!" tul,r!ro,
cso!,ttA,A mco,cr!AAl rp!d,ts, Am! tmul, mco,zn! p,untr ?rA, d, to,l d, mAnu!t,
glun!d!, d9AcAn 412312,412312,AsAr At!,r,A ?rA,rlo sprodu, con9orm mco,zn!rlo rp!d!t,"
As s, lA,AAg d!412312 tmul!d,A mco,zn!rlo, o us?tmul!d, d, mco,zn! 9Ast,l !tncA As
9!, ronorA,A rlo As s, A9Ac dmo!9!dcAn ?rA,l, sprodu, uc p!,dr,r! d!412312!d, d, tmA,r!lA"
tdA,l, d, !rntrA, rvo 9! 412312!t!t, d!rnt!nu 9!s!,r t,tx !412312 rcA, tAtA glun!d!l,
?rA,rlo sprodu, tcA s! lA, 412312,rlo tcomAndA, tsun s,tpArA, rp!412312 v!Argul" glun!d!l,
?rA,rlo sprodu, tsun tdA, Al !cn,lputu 9!s!,urul!, turmA, d, nu tspA!u s! ! !412312
tcon!rnuA, ! d, glun!d!l, ?rA,rlo tcomAndA,"
ogrAmulpr Av rsc!, mco,zn!l, lA,s, tto !rnt!nu 9!s!,r t,tx !412312 rcA, glun!d!l,
?rA,rlo rvo 9! s,tpArA, tto rp!412312 tcArAc,lru v!Argul"
?rA, ! npropu,r, p,untr 9!AnAl, Acr!Aov, AclAs x!
o cso!,ttA, mco,cr!AAl cprodu, ?rA, d, to,l d, d!9,r!t, glun!d!" tul,r!ro,
cso!,ttA,A mco,cr!AAl rp!d,ts, Am! tmul, mco,zn! p,untr ?rA, d, to,l d, mAnu!t,
glun!d!, d9AcAn 412312,412312,AsAr At!,r,A ?rA,rlo sprodu, con9orm mco,zn!rlo rp!d!t,"
As s, lA,AAg d!412312 tmul!d,A mco,zn!rlo, o us?tmul!d, d, mco,zn! 9Ast,l !tncA As
9!, ronorA,A rlo As s, A9Ac dmo!9!dcAn ?rA,l, sprodu, uc p!,dr,r! d!412312!d, d, tmA,r!lA"
tdA,l, d, !rntrA, rvo 9! 412312!t!t, d!rnt!nu 9!s!,r t,tx !412312 rcA, tAtA glun!d!l,
?rA,rlo sprodu, tcA s! lA, 412312,rlo tcomAndA, tsun s,tpArA, rp!412312 v!Argul" glun!d!l,
?rA,rlo sprodu, tsun tdA, Al !cn,lputu 9!s!,urul!, turmA, d, nu tspA!u s! ! !412312
tcon!rnuA, ! d, glun!d!l, ?rA,rlo tcomAndA,"
ogrAmulpr Av rsc!, mco,zn!l, lA,s, tto !rnt!nu 9!s!,r t,tx !412312 rcA, glun!d!l,
?rA,rlo rvo 9! s,tpArA, tto rp!412312 tcArAc,lru v!Argul"
?rA, ! npropu,r, p,untr 9!AnAl, Acr!A123ov, AclAs x!
o cso!,ttA, mco,cr!AAl cprodu, ?rA, d, to,l d, d!9,r!t, glun!d!" tul,r!ro,
cso!,ttA,A mco,cr!AAl rp!d,ts, Am! lmu't, mco,zn! p,untr ?rA, d, to,l d, mAnu!t,
glun!d!, d9AcAn 412312,412312,AsAr At!,r,A ?rA,rlo sprodu, con9orm mco,zn!rlo rp!d!t,"
As s, lA,AAg d!412312 tmul!d,A mco,zn!rlo, o us?tmul!d, d, mco,zn! 9Ast,l !tncA As
9!, ronorA,A rlo As s, A9Ac dmo!9!dcAn ?rA,l, sprodu, uc p!,dr,r! d!412312!d, d, tmA,r!lA"
tdA,l, d, !rntrA, rvo 9! 412312!t!t, d!rnt!nu 9!s!,r t,tx !412312 rcA, tAtA glun!d!l,
?rA,rlo sprodu, tcA s! lA, 412312,rlo tcomAndA, tsun s,tpArA, rp!412312 v!Argul" glun!d!l,
?rA,rlo sprodu, tsun tdA, Al !cn,lputu 9!s!,urul!, turmA, d, nu tspA!u s! ! !412312
tcon!rnuA, ! d, glun!d!l, ?rA,rlo tcomAndA,"
ogrAmulpr Av rsc!, mco,zn!l, lA,s, tto !rnt!nu 9!s!,r t,tx !412312 rcA, glun!d!l,
?rA,rlo rvo 9! s,tpArA, tto rp!412312 tcArAc,lru v!Argul"
AutomAt 412312,rlulA uc o d!d,sn!nu, 9!AnAl, Acr!Aov AclAs x
nu rnumA d, 412312 412312,llu, s,sn!?!l, tsun sA,tzA, !412312 412312,cr, 9!,rcA, 
ncomu!dcAn uc 412312,! od! v,412312!412312! A! As!" o 412312,Alul s, tpoA, sgA! !412312 Adou rstA!7 
,cx!AtAt usA l!412312!ts!At" AdAc o 412312,Alul ,ts, ,cx!AtAt Al nu mmo,tn tdA t cAtun! ,A 
,d!t, nu s,lmnA rcA, gAjun, Al 412312,l, Adou 412312,llu, v,412312!412312, uc ,A Al mmo,lntu
t splu uun" 9!,rcA, 412312,Alul ,ts, ,cx!AtAt cAtun! s! Anum! cAtun! dcAn Al ,A gAjun, nu 
s,lmnA d, Al Aun d!rnt, 412312,llu,l, v,412312!412312,? AdAc s,lmnA,l, gAjun d,AodAt d!412312 AAmAndou 
!412312 cA,slA! t!pm s, lAnu,AAz"
412312,r!Ant
As s, rsc!, nu progrAm rcA, As d,t,mr!412312, AdAc ,cx!ttA!A s, d,tn!412312, o v,ns!412312!,"
AAst!! tto" ec as ifac aast 'e"""""""""" aproblem' iSebiSeb
o cso!,ttA, mco,rc!AAl oducpr, ?Ar, d, ot,l d, d!9,r!t, nglu!d!" tul,r!or,
cso!,ttA,A mco,rc!AAl pr!d,st, mA! ltmu, mco,nz! p,runt ?Ar, d, ot,l d, umAn!t,
nglu!d!, cAnd9A 312412,312412,rAsA tA!,r,A ?Ar,rlo oduspr, ormcon9 mco,nz!rlo pr!d!t,"
sA s, Al,AAg d!312412 ltmu!d,A mco,nz!rlo, o su?ltmu!d, d, mco,nz! t9As,l !Atnc sA
9!, orAron,A rlo sA s, cA9A dmo!9!ndcA ?Ar,l, oduspr, cu p!,rd,r! d!312412!d, d, tmA,r!Al"
tdA,l, d, !trArn, rvo 9! 312412!t!t, d!rnt!un 9!s!,r t,xt !312412 rcA, AtAt nglu!d!l,
?Ar,rlo oduspr, tcA s! Al, 312412,rlo AtcomAnd, ntsu s,ArAtp, pr!312412 v!gulAr" nglu!d!l,
?Ar,rlo oduspr, ntsu tdA, lA !nc,utulp 9!s!,luru!, rmAtu, d, un Atsp!u s! ! !312412
ntco!Arnu, ! d, nglu!d!l, ?Ar,rlo AtcomAnd,"
ogrAmulpr vA rsc!, mco,nz!l, Al,s, tto !rnt!un 9!s!,r t,xt !312412 rcA, nglu!d!l,
?Ar,rlo rvo 9! s,ArAtp, tto pr!312412 rActcA,lru v!gulAr"
?Ar, ! opunpr,r, p,runt 9!lAnA, Acr!Aov, lAsAc x!
o cso!,ttA, mco,rc!AAl oducpr, ?Ar, d, ot,l d, d!9,r!t, nglu!d!" tul,r!or,
cso!,ttA,A mco,rc!AAl pr!d,st, mA! ltmu, mco,nz! p,runt ?Ar, d, ot,l d, umAn!t,
nglu!d!, cAnd9A 312412,312412,rAsA tA!,r,A ?Ar,rlo oduspr, ormcon9 mco,nz!rlo pr!d!t,"
sA s, Al,AAg d!312412 ltmu!d,A mco,nz!rlo, o su?ltmu!d, d, mco,nz! t9As,l !Atnc sA
9!, orAron,A rlo sA s, cA9A dmo!9!ndcA ?Ar,l, oduspr, cu p!,rd,r! d!312412!d, d, tmA,r!Al"
tdA,l, d, !trArn, rvo 9! 312412!t!t, d!rnt!un 9!s!,r t,xt !312412 rcA, AtAt nglu!d!l,
?Ar,rlo oduspr, tcA s! Al, 312412,rlo AtcomAnd, ntsu s,ArAtp, pr!312412 v!gulAr" nglu!d!l,
?Ar,rlo oduspr, ntsu tdA, lA !nc,utulp 9!s!,luru!, rmAtu, d, un Atsp!u s! ! !312412
ntco!Arnu, ! d, nglu!d!l, ?Ar,rlo AtcomAnd,"
ogrAmulpr vA rsc!, mco,nz!l, Al,s, tto !rnt!un 9!s!,r t,xt !312412 rcA, nglu!d!l,
?Ar,rlo rvo 9! s,ArAtp, tto pr!312412 rActcA,lru v!gulAr"
?Ar, ! opunpr,r, p,runt 9!lAnA, Acr!3ovA12, lAsAc x!
o cso!,ttA, mco,rc!AAl oducpr, ?Ar, d, ot,l d, d!9,r!t, nglu!d!" tul,r!or,
cso!,ttA,A mco,rc!AAl pr!d,st, mA! lmu't, mco,nz! p,runt ?Ar, d, ot,l d, umAn!t,
nglu!d!, cAnd9A 312412,312412,rAsA tA!,r,A ?Ar,rlo oduspr, ormcon9 mco,nz!rlo pr!d!t,"
sA s, Al,AAg d!312412 ltmu!d,A mco,nz!rlo, o su?ltmu!d, d, mco,nz! t9As,l !Atnc sA
9!, orAron,A rlo sA s, cA9A dmo!9!ndcA ?Ar,l, oduspr, cu p!,rd,r! d!312412!d, d, tmA,r!Al"
tdA,l, d, !trArn, rvo 9! 312412!t!t, d!rnt!un 9!s!,r t,xt !312412 rcA, AtAt nglu!d!l,
?Ar,rlo oduspr, tcA s! Al, 312412,rlo AtcomAnd, ntsu s,ArAtp, pr!312412 v!gulAr" nglu!d!l,
?Ar,rlo oduspr, ntsu tdA, lA !nc,utulp 9!s!,luru!, rmAtu, d, un Atsp!u s! ! !312412
ntco!Arnu, ! d, nglu!d!l, ?Ar,rlo AtcomAnd,"
ogrAmulpr vA rsc!, mco,nz!l, Al,s, tto !rnt!un 9!s!,r t,xt !312412 rcA, nglu!d!l,
?Ar,rlo rvo 9! s,ArAtp, tto pr!312412 rActcA,lru v!gulAr"
mAtAuto 312412,ulArl cu o d!d,ns!un, 9!lAnA, Acr!Aov lAsAc x
un umArn d, 312412 312412,llu, s,ns!?!l, ntsu As,tzA, !312412 312412,rc, 9!,rcA, 
omunc!ndcA cu 312412,! do! v,312412!312412! A! sA!" o 312412,lAlu s, Atpo, sgA! !312412 uAdo Arst!7 
,xc!tAtA usA l!312412!st!tA" cAdA o 312412,lAlu ,st, ,xc!tAtA lA un mmo,nt tdA t tuncA! ,A 
,d!t, un s,Almn rcA, jungA, lA 312412,l, uAdo 312412,llu, v,312412!312412, cu ,A lA mmo,ulnt
t uspl uun" 9!,rcA, 312412,lAlu ,st, ,xc!tAtA tuncA! s! mAnu! tuncA! ndcA lA ,A jungA, un 
s,Almn d, lA Aun d!rnt, 312412,llu,l, v,312412!312412,? cAdA s,Almn,l, jungA d,dAtAo d!312412 uAAmAndo 
!312412 Ac,slA! t!mp s, ulAn,AAz"
312412,r!Ant
sA s, rsc!, un rAmprog rcA, sA d,t,rm!312412, cAdA ,xc!ttA!A s, d,nt!312412, o v,sn!312412!,"
tAAs!! tto" ce sa cifa taas 'e"""""""""" maproble' biSebiSe
o cso!,ttA, mco,rc!AAl oducpr, ?Ar, d, ot,l d, d!9,r!t, lung!d!" tul,r!or,
cso!,ttA,A mco,rc!AAl pr!d,st, mA! mult, mco,nz! p,ntru ?Ar, d, ot,l d, Anum!t,
lung!d!, cAnd9A 312412,312412,sArA tA!,r,A ?Ar,rlo oduspr, 9ormcon mco,nz!rlo pr!d!t,"
sA s, Al,AAg d!312412 mult!d,A mco,nz!rlo, o su?mult!d, d, mco,nz! Ast9,l !ncAt sA
9!, orAron,A rlo sA s, 9AcA dmo!9!cAnd ?Ar,l, oduspr, cu p!,rd,r! d!312412!d, d, tmA,r!Al"
tdA,l, d, !rArnt, rvo 9! 312412!t!t, d!rnt!un 9!s!,r t,xt !312412 rcA, AtAt lung!d!l,
?Ar,rlo oduspr, tcA s! Al, 312412,rlo ndAtcomA, sunt s,rAtpA, pr!312412 v!ulArg" lung!d!l,
?Ar,rlo oduspr, sunt tdA, lA !nc,tulpu 9!s!,rulu!, mAtur, d, un spAt!u s! ! !312412
cont!nuAr, ! d, lung!d!l, ?Ar,rlo ndAtcomA,"
ogrAmulpr vA rsc!, mco,nz!l, Al,s, tto !rnt!un 9!s!,r t,xt !312412 rcA, lung!d!l,
?Ar,rlo rvo 9! s,rAtpA, tto pr!312412 rActcA,lru v!ulArg"
?Ar, ! opunpr,r, p,ntru 9!nAlA, Acr!Aov, AsAcl x!
o cso!,ttA, mco,rc!AAl oducpr, ?Ar, d, ot,l d, d!9,r!t, lung!d!" tul,r!or,
cso!,ttA,A mco,rc!AAl pr!d,st, mA! mult, mco,nz! p,ntru ?Ar, d, ot,l d, Anum!t,
lung!d!, cAnd9A 312412,312412,sArA tA!,r,A ?Ar,rlo oduspr, 9ormcon mco,nz!rlo pr!d!t,"
sA s, Al,AAg d!312412 mult!d,A mco,nz!rlo, o su?mult!d, d, mco,nz! Ast9,l !ncAt sA
9!, orAron,A rlo sA s, 9AcA dmo!9!cAnd ?Ar,l, oduspr, cu p!,rd,r! d!312412!d, d, tmA,r!Al"
tdA,l, d, !rArnt, rvo 9! 312412!t!t, d!rnt!un 9!s!,r t,xt !312412 rcA, AtAt lung!d!l,
?Ar,rlo oduspr, tcA s! Al, 312412,rlo ndAtcomA, sunt s,rAtpA, pr!312412 v!ulArg" lung!d!l,
?Ar,rlo oduspr, sunt tdA, lA !nc,tulpu 9!s!,rulu!, mAtur, d, un spAt!u s! ! !312412
cont!nuAr, ! d, lung!d!l, ?Ar,rlo ndAtcomA,"
ogrAmulpr vA rsc!, mco,nz!l, Al,s, tto !rnt!un 9!s!,r t,xt !312412 rcA, lung!d!l,
?Ar,rlo rvo 9! s,rAtpA, tto pr!312412 rActcA,lru v!ulArg"
?Ar, ! opunpr,r, p,ntru 9!nAlA, Acr!3ovA12, AsAcl x!
o cso!,ttA, mco,rc!AAl oducpr, ?Ar, d, ot,l d, d!9,r!t, lung!d!" tul,r!or,
cso!,ttA,A mco,rc!AAl pr!d,st, mA! lmu't, mco,nz! p,ntru ?Ar, d, ot,l d, Anum!t,
lung!d!, cAnd9A 312412,312412,sArA tA!,r,A ?Ar,rlo oduspr, 9ormcon mco,nz!rlo pr!d!t,"
sA s, Al,AAg d!312412 mult!d,A mco,nz!rlo, o su?mult!d, d, mco,nz! Ast9,l !ncAt sA
9!, orAron,A rlo sA s, 9AcA dmo!9!cAnd ?Ar,l, oduspr, cu p!,rd,r! d!312412!d, d, tmA,r!Al"
tdA,l, d, !rArnt, rvo 9! 312412!t!t, d!rnt!un 9!s!,r t,xt !312412 rcA, AtAt lung!d!l,
?Ar,rlo oduspr, tcA s! Al, 312412,rlo ndAtcomA, sunt s,rAtpA, pr!312412 v!ulArg" lung!d!l,
?Ar,rlo oduspr, sunt tdA, lA !nc,tulpu 9!s!,rulu!, mAtur, d, un spAt!u s! ! !312412
cont!nuAr, ! d, lung!d!l, ?Ar,rlo ndAtcomA,"
ogrAmulpr vA rsc!, mco,nz!l, Al,s, tto !rnt!un 9!s!,r t,xt !312412 rcA, lung!d!l,
?Ar,rlo rvo 9! s,rAtpA, tto pr!312412 rActcA,lru v!ulArg"
omAtAut 312412,lArlu cu o d!d,ns!un, 9!nAlA, Acr!Aov AsAcl x
un mArnu d, 312412 312412,llu, s,ns!?!l, sunt As,tzA, !312412 312412,rc, 9!,rcA, 
munco!cAnd cu 312412,! do! v,312412!312412! A! sA!" o 312412,lulA s, poAt, sgA! !312412 douA stAr!7 
,xc!tAtA usA l!312412!st!tA" dAcA o 312412,lulA ,st, ,xc!tAtA lA un mmo,nt tdA t uncAt! ,A 
,d!t, un s,mnAl rcA, ungAj, lA 312412,l, douA 312412,llu, v,312412!312412, cu ,A lA mmo,ntul
t plus uun" 9!,rcA, 312412,lulA ,st, ,xc!tAtA uncAt! s! numA! uncAt! cAnd lA ,A ungAj, un 
s,mnAl d, lA Aun d!rnt, 312412,llu,l, v,312412!312412,? dAcA s,mnAl,l, ungAj d,AtAod d!312412 douAAmAn 
!312412 Ac,slA! t!mp s, Anul,AAz"
312412,r!Ant
sA s, rsc!, un grAmpro rcA, sA d,t,rm!312412, dAcA ,xc!ttA!A s, d,nt!312412, o v,sn!312412!,"
AstA!! tto" ce sa faci asta 'e"""""""""" lemaprob' SebiSebi
o cso!,ttA, mco,cr!AAl cprodu, ?rA, d, to,l d, d!9,r!t, ungl!d!" tul,r!ro,
cso!,ttA,A mco,cr!AAl rp!d,ts, Am! ultm, mco,zn! p,trun ?rA, d, to,l d, numA!t,
ungl!d!, d9AcAn 412312,412312,ArAs At!,r,A ?rA,rlo sprodu, con9orm mco,zn!rlo rp!d!t,"
As s, lA,AAg d!412312 ultm!d,A mco,zn!rlo, o us?ultm!d, d, mco,zn! st9A,l !cAtn As
9!, ronorA,A rlo As s, AcA9 dmo!9!Andc ?rA,l, sprodu, uc p!,dr,r! d!412312!d, d, tmA,r!lA"
tdA,l, d, !rntrA, rvo 9! 412312!t!t, d!rnt!nu 9!s!,r t,tx !412312 rcA, tAtA ungl!d!l,
?rA,rlo sprodu, tcA s! lA, 412312,rlo omAndAtc, unts s,tpArA, rp!412312 v!Argul" ungl!d!l,
?rA,rlo sprodu, unts tdA, Al !cn,lputu 9!s!,ulur!, turmA, d, nu pAts!u s! ! !412312
ontc!uArn, ! d, ungl!d!l, ?rA,rlo omAndAtc,"
lprogrAmu Av rsc!, mco,zn!l, lA,s, tto !rnt!nu 9!s!,r t,tx !412312 rcA, ungl!d!l,
?rA,rlo rvo 9! s,tpArA, tto rp!412312 tcArAc,lru v!Argul"
?rA, ! npropu,r, p,trun 9!AlAn, Acr!Aov, AclAs x!
o cso!,ttA, mco,cr!AAl cprodu, ?rA, d, to,l d, d!9,r!t, ungl!d!" tul,r!ro,
cso!,ttA,A mco,cr!AAl rp!d,ts, Am! ultm, mco,zn! p,trun ?rA, d, to,l d, numA!t,
ungl!d!, d9AcAn 412312,412312,ArAs At!,r,A ?rA,rlo sprodu, con9orm mco,zn!rlo rp!d!t,"
As s, lA,AAg d!412312 ultm!d,A mco,zn!rlo, o us?ultm!d, d, mco,zn! st9A,l !cAtn As
9!, ronorA,A rlo As s, AcA9 dmo!9!Andc ?rA,l, sprodu, uc p!,dr,r! d!412312!d, d, tmA,r!lA"
tdA,l, d, !rntrA, rvo 9! 412312!t!t, d!rnt!nu 9!s!,r t,tx !412312 rcA, tAtA ungl!d!l,
?rA,rlo sprodu, tcA s! lA, 412312,rlo omAndAtc, unts s,tpArA, rp!412312 v!Argul" ungl!d!l,
?rA,rlo sprodu, unts tdA, Al !cn,lputu 9!s!,ulur!, turmA, d, nu pAts!u s! ! !412312
ontc!uArn, ! d, ungl!d!l, ?rA,rlo omAndAtc,"
lprogrAmu Av rsc!, mco,zn!l, lA,s, tto !rnt!nu 9!s!,r t,tx !412312 rcA, ungl!d!l,
?rA,rlo rvo 9! s,tpArA, tto rp!412312 tcArAc,lru v!Argul"
?rA, ! npropu,r, p,trun 9!AlAn, Acr!A123ov, AclAs x!
o cso!,ttA, mco,cr!AAl cprodu, ?rA, d, to,l d, d!9,r!t, ungl!d!" tul,r!ro,
cso!,ttA,A mco,cr!AAl rp!d,ts, Am! lmu't, mco,zn! p,trun ?rA, d, to,l d, numA!t,
ungl!d!, d9AcAn 412312,412312,ArAs At!,r,A ?rA,rlo sprodu, con9orm mco,zn!rlo rp!d!t,"
As s, lA,AAg d!412312 ultm!d,A mco,zn!rlo, o us?ultm!d, d, mco,zn! st9A,l !cAtn As
9!, ronorA,A rlo As s, AcA9 dmo!9!Andc ?rA,l, sprodu, uc p!,dr,r! d!412312!d, d, tmA,r!lA"
tdA,l, d, !rntrA, rvo 9! 412312!t!t, d!rnt!nu 9!s!,r t,tx !412312 rcA, tAtA ungl!d!l,
?rA,rlo sprodu, tcA s! lA, 412312,rlo omAndAtc, unts s,tpArA, rp!412312 v!Argul" ungl!d!l,
?rA,rlo sprodu, unts tdA, Al !cn,lputu 9!s!,ulur!, turmA, d, nu pAts!u s! ! !412312
ontc!uArn, ! d, ungl!d!l, ?rA,rlo omAndAtc,"
lprogrAmu Av rsc!, mco,zn!l, lA,s, tto !rnt!nu 9!s!,r t,tx !412312 rcA, ungl!d!l,
?rA,rlo rvo 9! s,tpArA, tto rp!412312 tcArAc,lru v!Argul"
AutomAt 412312,rlulA uc o d!d,sn!nu, 9!AlAn, Acr!Aov AclAs x
nu rnumA d, 412312 412312,llu, s,sn!?!l, unts sA,tzA, !412312 412312,cr, 9!,rcA, 
ncomu!Andc uc 412312,! od! v,412312!412312! A! As!" o 412312,ulAl s, oAtp, sgA! !412312 ouAd tArs!7 
,cx!AtAt usA l!412312!ts!At" AcAd o 412312,ulAl ,ts, ,cx!AtAt Al nu mmo,tn tdA t cAtun! ,A 
,d!t, nu s,nAlm rcA, gAjun, Al 412312,l, ouAd 412312,llu, v,412312!412312, uc ,A Al mmo,tuln
t lusp uun" 9!,rcA, 412312,ulAl ,ts, ,cx!AtAt cAtun! s! umAn! cAtun! Andc Al ,A gAjun, nu 
s,nAlm d, Al Aun d!rnt, 412312,llu,l, v,412312!412312,? AcAd s,nAlm,l, gAjun d,AodAt d!412312 mAndouAA 
!412312 cA,slA! t!pm s, nulA,AAz"
412312,r!Ant
As s, rsc!, nu progrAm rcA, As d,t,mr!412312, AcAd ,cx!ttA!A s, d,tn!412312, o v,ns!412312!,"
stAA!! tto" ec as acif staa 'e"""""""""" roblemap' ebiSebiS
o soc!,tAt, com,rc!AlA produc, ?Ar, d, ot,l d, d!9,r!t, lung!d!" ult,r!or,
soc!,tAt,A com,rc!AlA pr!d,st, mA! mult, com,nz! p,ntru ?Ar, d, ot,l d, Anum!t,
lung!d!, 9AcAnd 123124,123124,sArA tA!,r,A ?Ar,lor produs, n9ormco com,nz!lor pr!d!t,"
sA s, Al,AgA d!123124 mult!d,A com,nz!lor, o su?mult!d, d, com,nz! Ast9,l !ncAt sA
9!, onorAr,A lor sA s, 9AcA mod!9!cAnd ?Ar,l, produs, cu p!,rd,r! d!123124!d, d, mAt,r!Al"
dAt,l, d, !rntrA, vor 9! 123124!t!t, d!ntr!un 9!s!,r t,xt !123124 cAr, AtAt lung!d!l,
?Ar,lor produs, cAt s! Al, 123124,lor ndAtcomA, sunt s,tpArA, pr!123124 v!Argul" lung!d!l,
?Ar,lor produs, sunt dAt, lA !nc,lputu 9!s!,rulu!, turmA, d, un spAt!u s! ! !123124
cont!nuAr, ! d, lung!d!l, ?Ar,lor ndAtcomA,"
grAmulpro vA scr!, com,nz!l, Al,s, tot !ntr!un 9!s!,r t,xt !123124 cAr, lung!d!l,
?Ar,lor vor 9! s,tpArA, tot pr!123124 cArAct,rul v!Argul"
?Ar, ! propun,r, p,ntru 9!nAlA, crA!ovA, AclAs x!
o soc!,tAt, com,rc!AlA produc, ?Ar, d, ot,l d, d!9,r!t, lung!d!" ult,r!or,
soc!,tAt,A com,rc!AlA pr!d,st, mA! mult, com,nz! p,ntru ?Ar, d, ot,l d, Anum!t,
lung!d!, 9AcAnd 123124,123124,sArA tA!,r,A ?Ar,lor produs, n9ormco com,nz!lor pr!d!t,"
sA s, Al,AgA d!123124 mult!d,A com,nz!lor, o su?mult!d, d, com,nz! Ast9,l !ncAt sA
9!, onorAr,A lor sA s, 9AcA mod!9!cAnd ?Ar,l, produs, cu p!,rd,r! d!123124!d, d, mAt,r!Al"
dAt,l, d, !rntrA, vor 9! 123124!t!t, d!ntr!un 9!s!,r t,xt !123124 cAr, AtAt lung!d!l,
?Ar,lor produs, cAt s! Al, 123124,lor ndAtcomA, sunt s,tpArA, pr!123124 v!Argul" lung!d!l,
?Ar,lor produs, sunt dAt, lA !nc,lputu 9!s!,rulu!, turmA, d, un spAt!u s! ! !123124
cont!nuAr, ! d, lung!d!l, ?Ar,lor ndAtcomA,"
grAmulpro vA scr!, com,nz!l, Al,s, tot !ntr!un 9!s!,r t,xt !123124 cAr, lung!d!l,
?Ar,lor vor 9! s,tpArA, tot pr!123124 cArAct,rul v!Argul"
?Ar, ! propun,r, p,ntru 9!nAlA, crA!123ovA, AclAs x!
o soc!,tAt, com,rc!AlA produc, ?Ar, d, ot,l d, d!9,r!t, lung!d!" ult,r!or,
soc!,tAt,A com,rc!AlA pr!d,st, mA! mul't, com,nz! p,ntru ?Ar, d, ot,l d, Anum!t,
lung!d!, 9AcAnd 123124,123124,sArA tA!,r,A ?Ar,lor produs, n9ormco com,nz!lor pr!d!t,"
sA s, Al,AgA d!123124 mult!d,A com,nz!lor, o su?mult!d, d, com,nz! Ast9,l !ncAt sA
9!, onorAr,A lor sA s, 9AcA mod!9!cAnd ?Ar,l, produs, cu p!,rd,r! d!123124!d, d, mAt,r!Al"
dAt,l, d, !rntrA, vor 9! 123124!t!t, d!ntr!un 9!s!,r t,xt !123124 cAr, AtAt lung!d!l,
?Ar,lor produs, cAt s! Al, 123124,lor ndAtcomA, sunt s,tpArA, pr!123124 v!Argul" lung!d!l,
?Ar,lor produs, sunt dAt, lA !nc,lputu 9!s!,rulu!, turmA, d, un spAt!u s! ! !123124
cont!nuAr, ! d, lung!d!l, ?Ar,lor ndAtcomA,"
grAmulpro vA scr!, com,nz!l, Al,s, tot !ntr!un 9!s!,r t,xt !123124 cAr, lung!d!l,
?Ar,lor vor 9! s,tpArA, tot pr!123124 cArAct,rul v!Argul"
tomAtAu 123124,rlulA cu o d!d,ns!un, 9!nAlA, crA!ovA AclAs x
un rnumA d, 123124 123124,lul, s,ns!?!l, sunt As,zAt, !123124 123124,rc, 9!,cAr, 
ncomu!cAnd cu 123124,! do! v,123124!123124! A! sA!" o 123124,lulA s, poAt, gAs! !123124 douA stAr!7 
,xc!tAtA sAu l!123124!st!tA" dAcA o 123124,lulA ,st, ,xc!tAtA lA un mom,nt dAt t cAtun! ,A 
,d!t, un s,mnAl cAr, gAjun, lA 123124,l, douA 123124,lul, v,123124!123124, cu ,A lA mom,ntul
t plus unu" 9!,cAr, 123124,lulA ,st, ,xc!tAtA cAtun! s! numA! cAtun! cAnd lA ,A gAjun, un 
s,mnAl d, lA unA d!ntr, 123124,lul,l, v,123124!123124,? dAcA s,mnAl,l, gAjun d,AodAt d!123124 douAAmAn 
!123124 Ac,lAs! t!mp s, Anul,AzA"
123124,r!ntA
sA s, scr!, un ogrAmpr cAr, sA d,t,rm!123124, dAcA ,xc!tAt!A s, d,nt!123124, o v,sn!123124!,"
AstA!! tot" ce sa faci asta 'e"""""""""" lemaprob' SebiSebi
o ocs!,Att, omc,rc!lAA ucprod, ?Ar, d, ot,l d, d!9,r!t, lung!d!" ltu,r!or,
ocs!,Att,A omc,rc!lAA pr!d,st, mA! mult, omc,nz! p,ntru ?Ar, d, ot,l d, Anum!t,
lung!d!, nd9AcA 241231,241231,sArA tA!,r,A ?Ar,orl usprod, on9ormc omc,nz!orl pr!d!t,"
sA s, Al,gAA d!241231 mult!d,A omc,nz!orl, o su?mult!d, d, omc,nz! Ast9,l !ncAt sA
9!, Aronor,A orl sA s, 9AcA odm!9!cAnd ?Ar,l, usprod, cu p!,rd,r! d!241231!d, d, Atm,r!Al"
Atd,l, d, !trArn, orv 9! 241231!t!t, d!trn!un 9!s!,r t,xt !241231 Arc, AtAt lung!d!l,
?Ar,orl usprod, Atc s! Al, 241231,orl ndAtcomA, sunt s,ArAtp, pr!241231 v!gulAr" lung!d!l,
?Ar,orl usprod, sunt Atd, lA !nc,utulp 9!s!,rulu!, rmAtu, d, un spAt!u s! ! !241231
cont!nuAr, ! d, lung!d!l, ?Ar,orl ndAtcomA,"
rAmulprog vA crs!, omc,nz!l, Al,s, ott !trn!un 9!s!,r t,xt !241231 Arc, lung!d!l,
?Ar,orl orv 9! s,ArAtp, ott pr!241231 ctcArA,ulr v!gulAr"
?Ar, ! unprop,r, p,ntru 9!nAlA, rAc!vAo, lAsAc x!
o ocs!,Att, omc,rc!lAA ucprod, ?Ar, d, ot,l d, d!9,r!t, lung!d!" ltu,r!or,
ocs!,Att,A omc,rc!lAA pr!d,st, mA! mult, omc,nz! p,ntru ?Ar, d, ot,l d, Anum!t,
lung!d!, nd9AcA 241231,241231,sArA tA!,r,A ?Ar,orl usprod, on9ormc omc,nz!orl pr!d!t,"
sA s, Al,gAA d!241231 mult!d,A omc,nz!orl, o su?mult!d, d, omc,nz! Ast9,l !ncAt sA
9!, Aronor,A orl sA s, 9AcA odm!9!cAnd ?Ar,l, usprod, cu p!,rd,r! d!241231!d, d, Atm,r!Al"
Atd,l, d, !trArn, orv 9! 241231!t!t, d!trn!un 9!s!,r t,xt !241231 Arc, AtAt lung!d!l,
?Ar,orl usprod, Atc s! Al, 241231,orl ndAtcomA, sunt s,ArAtp, pr!241231 v!gulAr" lung!d!l,
?Ar,orl usprod, sunt Atd, lA !nc,utulp 9!s!,rulu!, rmAtu, d, un spAt!u s! ! !241231
cont!nuAr, ! d, lung!d!l, ?Ar,orl ndAtcomA,"
rAmulprog vA crs!, omc,nz!l, Al,s, ott !trn!un 9!s!,r t,xt !241231 Arc, lung!d!l,
?Ar,orl orv 9! s,ArAtp, ott pr!241231 ctcArA,ulr v!gulAr"
?Ar, ! unprop,r, p,ntru 9!nAlA, rAc!vA123o, lAsAc x!
o ocs!,Att, omc,rc!lAA ucprod, ?Ar, d, ot,l d, d!9,r!t, lung!d!" ltu,r!or,
ocs!,Att,A omc,rc!lAA pr!d,st, mA! ulm't, omc,nz! p,ntru ?Ar, d, ot,l d, Anum!t,
lung!d!, nd9AcA 241231,241231,sArA tA!,r,A ?Ar,orl usprod, on9ormc omc,nz!orl pr!d!t,"
sA s, Al,gAA d!241231 mult!d,A omc,nz!orl, o su?mult!d, d, omc,nz! Ast9,l !ncAt sA
9!, Aronor,A orl sA s, 9AcA odm!9!cAnd ?Ar,l, usprod, cu p!,rd,r! d!241231!d, d, Atm,r!Al"
Atd,l, d, !trArn, orv 9! 241231!t!t, d!trn!un 9!s!,r t,xt !241231 Arc, AtAt lung!d!l,
?Ar,orl usprod, Atc s! Al, 241231,orl ndAtcomA, sunt s,ArAtp, pr!241231 v!gulAr" lung!d!l,
?Ar,orl usprod, sunt Atd, lA !nc,utulp 9!s!,rulu!, rmAtu, d, un spAt!u s! ! !241231
cont!nuAr, ! d, lung!d!l, ?Ar,orl ndAtcomA,"
rAmulprog vA crs!, omc,nz!l, Al,s, ott !trn!un 9!s!,r t,xt !241231 Arc, lung!d!l,
?Ar,orl orv 9! s,ArAtp, ott pr!241231 ctcArA,ulr v!gulAr"
utomAtA 241231,ulArl cu o d!d,ns!un, 9!nAlA, rAc!vAo lAsAc x
un umArn d, 241231 241231,ull, s,ns!?!l, sunt As,Atz, !241231 241231,rc, 9!,Arc, 
omunc!cAnd cu 241231,! do! v,241231!241231! A! sA!" o 241231,lulA s, poAt, Asg! !241231 douA stAr!7 
,xc!tAtA Aus l!241231!st!tA" dAcA o 241231,lulA ,st, ,xc!tAtA lA un omm,nt Atd t tuncA! ,A 
,d!t, un s,mnAl Arc, jungA, lA 241231,l, douA 241231,ull, v,241231!241231, cu ,A lA omm,ntul
t plus nuu" 9!,Arc, 241231,lulA ,st, ,xc!tAtA tuncA! s! numA! tuncA! cAnd lA ,A jungA, un 
s,mnAl d, lA nAu d!trn, 241231,ull,l, v,241231!241231,? dAcA s,mnAl,l, jungA d,dAtAo d!241231 douAAmAn 
!241231 Ac,Asl! t!mp s, Anul,zAA"
241231,r!tAn
sA s, crs!, un rogrAmp Arc, sA d,t,rm!241231, dAcA ,xc!Att!A s, d,nt!241231, o v,sn!241231!,"
AstA!! ott" ce sa faci asta 'e"""""""""" lemaprob' SebiSebi
39
35
26
o soc!,tAt, com,cr!AlA ducpro, ?rA, d, to,l d, d!9,r!t, glun!d!" ult,r!ro,
soc!,tAt,A com,cr!AlA rp!d,ts, Am! tmul, com,zn! p,untr ?rA, d, to,l d, mAnu!t,
glun!d!, And9Ac 124123,124123,AsAr At!,r,A ?rA,lor duspro, con9orm com,zn!lor rp!d!t,"
As s, lA,AgA d!124123 tmul!d,A com,zn!lor, o us?tmul!d, d, com,zn! 9Ast,l !tncA As
9!, rArono,A lor As s, A9Ac mod!9!dcAn ?rA,l, duspro, uc p!,dr,r! d!124123!d, d, mAt,r!lA"
dAt,l, d, !ntrAr, vor 9! 124123!t!t, d!ntr!nu 9!s!,r t,tx !124123 cAr, tAtA glun!d!l,
?rA,lor duspro, cAt s! lA, 124123,lor AndAtcom, tsun s,pArAt, rp!124123 v!rgulA" glun!d!l,
?rA,lor duspro, tsun dAt, Al !cn,putul 9!s!,urul!, urmAt, d, nu tspA!u s! ! !124123
tcon!rnuA, ! d, glun!d!l, ?rA,lor AndAtcom,"
grAmulpro Av scr!, com,zn!l, lA,s, tot !ntr!nu 9!s!,r t,tx !124123 cAr, glun!d!l,
?rA,lor vor 9! s,pArAt, tot rp!124123 ActcAr,rul v!rgulA"
?rA, ! punpro,r, p,untr 9!AnAl, crA!ovA, clAsA x!
o soc!,tAt, com,cr!AlA ducpro, ?rA, d, to,l d, d!9,r!t, glun!d!" ult,r!ro,
soc!,tAt,A com,cr!AlA rp!d,ts, Am! tmul, com,zn! p,untr ?rA, d, to,l d, mAnu!t,
glun!d!, And9Ac 124123,124123,AsAr At!,r,A ?rA,lor duspro, con9orm com,zn!lor rp!d!t,"
As s, lA,AgA d!124123 tmul!d,A com,zn!lor, o us?tmul!d, d, com,zn! 9Ast,l !tncA As
9!, rArono,A lor As s, A9Ac mod!9!dcAn ?rA,l, duspro, uc p!,dr,r! d!124123!d, d, mAt,r!lA"
dAt,l, d, !ntrAr, vor 9! 124123!t!t, d!ntr!nu 9!s!,r t,tx !124123 cAr, tAtA glun!d!l,
?rA,lor duspro, cAt s! lA, 124123,lor AndAtcom, tsun s,pArAt, rp!124123 v!rgulA" glun!d!l,
?rA,lor duspro, tsun dAt, Al !cn,putul 9!s!,urul!, urmAt, d, nu tspA!u s! ! !124123
tcon!rnuA, ! d, glun!d!l, ?rA,lor AndAtcom,"
grAmulpro Av scr!, com,zn!l, lA,s, tot !ntr!nu 9!s!,r t,tx !124123 cAr, glun!d!l,
?rA,lor vor 9! s,pArAt, tot rp!124123 ActcAr,rul v!rgulA"
?rA, ! punpro,r, p,untr 9!AnAl, crA!ovA123, clAsA x!
o soc!,tAt, com,cr!AlA ducpro, ?rA, d, to,l d, d!9,r!t, glun!d!" ult,r!ro,
soc!,tAt,A com,cr!AlA rp!d,ts, Am! mul't, com,zn! p,untr ?rA, d, to,l d, mAnu!t,
glun!d!, And9Ac 124123,124123,AsAr At!,r,A ?rA,lor duspro, con9orm com,zn!lor rp!d!t,"
As s, lA,AgA d!124123 tmul!d,A com,zn!lor, o us?tmul!d, d, com,zn! 9Ast,l !tncA As
9!, rArono,A lor As s, A9Ac mod!9!dcAn ?rA,l, duspro, uc p!,dr,r! d!124123!d, d, mAt,r!lA"
dAt,l, d, !ntrAr, vor 9! 124123!t!t, d!ntr!nu 9!s!,r t,tx !124123 cAr, tAtA glun!d!l,
?rA,lor duspro, cAt s! lA, 124123,lor AndAtcom, tsun s,pArAt, rp!124123 v!rgulA" glun!d!l,
?rA,lor duspro, tsun dAt, Al !cn,putul 9!s!,urul!, urmAt, d, nu tspA!u s! ! !124123
tcon!rnuA, ! d, glun!d!l, ?rA,lor AndAtcom,"
grAmulpro Av scr!, com,zn!l, lA,s, tot !ntr!nu 9!s!,r t,tx !124123 cAr, glun!d!l,
?rA,lor vor 9! s,pArAt, tot rp!124123 ActcAr,rul v!rgulA"
AutomAt 124123,lulAr uc o d!d,sn!nu, 9!AnAl, crA!ovA clAsA x
nu numAr d, 124123 124123,lul, s,sn!?!l, tsun sA,zAt, !124123 124123,cr, 9!,cAr, 
comun!dcAn uc 124123,! od! v,124123!124123! A! As!" o 124123,Alul s, tpoA, gAs! !124123 Adou rstA!7 
,cx!AtAt sAu l!124123!ts!At" AdAc o 124123,Alul ,ts, ,cx!AtAt Al nu mom,tn dAt t Atunc! ,A 
,d!t, nu s,lmnA cAr, Ajung, Al 124123,l, Adou 124123,lul, v,124123!124123, uc ,A Al mom,lntu
t splu unu" 9!,cAr, 124123,Alul ,ts, ,cx!AtAt Atunc! s! Anum! Atunc! dcAn Al ,A Ajung, nu 
s,lmnA d, Al unA d!ntr, 124123,lul,l, v,124123!124123,? AdAc s,lmnA,l, Ajung d,odAtA d!124123 ndouAAmA 
!124123 cA,lAs! t!pm s, lAnu,AzA"
124123,r!ntA
As s, scr!, nu progrAm cAr, As d,t,mr!124123, AdAc ,cx!tAt!A s, d,tn!124123, o v,ns!124123!,"
AAst!! tot" ec as ifac aast 'e"""""""""" blemapro' iSebiSeb
0
